Archive member included to satisfy reference by file (symbol)

app/libapp.a(main.c.obj)      (--whole-archive)
zephyr/libzephyr.a(crc32c_sw.c.obj)
                              (--whole-archive)
zephyr/libzephyr.a(crc32_sw.c.obj)
                              (--whole-archive)
zephyr/libzephyr.a(crc24_sw.c.obj)
                              (--whole-archive)
zephyr/libzephyr.a(crc16_sw.c.obj)
                              (--whole-archive)
zephyr/libzephyr.a(crc8_sw.c.obj)
                              (--whole-archive)
zephyr/libzephyr.a(crc7_sw.c.obj)
                              (--whole-archive)
zephyr/libzephyr.a(crc4_sw.c.obj)
                              (--whole-archive)
zephyr/libzephyr.a(heap.c.obj)
                              (--whole-archive)
zephyr/libzephyr.a(cbprintf_packaged.c.obj)
                              (--whole-archive)
zephyr/libzephyr.a(printk.c.obj)
                              (--whole-archive)
zephyr/libzephyr.a(sem.c.obj)
                              (--whole-archive)
zephyr/libzephyr.a(thread_entry.c.obj)
                              (--whole-archive)
zephyr/libzephyr.a(fdtable.c.obj)
                              (--whole-archive)
zephyr/libzephyr.a(cbprintf_complete.c.obj)
                              (--whole-archive)
zephyr/libzephyr.a(assert.c.obj)
                              (--whole-archive)
zephyr/libzephyr.a(mpsc_pbuf.c.obj)
                              (--whole-archive)
zephyr/libzephyr.a(dec.c.obj)
                              (--whole-archive)
zephyr/libzephyr.a(hex.c.obj)
                              (--whole-archive)
zephyr/libzephyr.a(rb.c.obj)  (--whole-archive)
zephyr/libzephyr.a(timeutil.c.obj)
                              (--whole-archive)
zephyr/libzephyr.a(bitarray.c.obj)
                              (--whole-archive)
zephyr/libzephyr.a(ring_buffer.c.obj)
                              (--whole-archive)
zephyr/libzephyr.a(configs.c.obj)
                              (--whole-archive)
zephyr/libzephyr.a(soc.c.obj)
                              (--whole-archive)
zephyr/libzephyr.a(log_core.c.obj)
                              (--whole-archive)
zephyr/libzephyr.a(log_mgmt.c.obj)
                              (--whole-archive)
zephyr/libzephyr.a(log_cache.c.obj)
                              (--whole-archive)
zephyr/libzephyr.a(log_msg.c.obj)
                              (--whole-archive)
zephyr/libzephyr.a(log_output.c.obj)
                              (--whole-archive)
zephyr/libzephyr.a(mem_attr.c.obj)
                              (--whole-archive)
zephyr/libzephyr.a(tracing_none.c.obj)
                              (--whole-archive)
zephyr/libzephyr.a(addr_utils.c.obj)
                              (--whole-archive)
zephyr/libzephyr.a(kernel_service.c.obj)
                              (--whole-archive)
zephyr/libzephyr.a(device_service.c.obj)
                              (--whole-archive)
zephyr/libzephyr.a(devmem_service.c.obj)
                              (--whole-archive)
zephyr/libzephyr.a(shell_uart.c.obj)
                              (--whole-archive)
zephyr/libzephyr.a(shell.c.obj)
                              (--whole-archive)
zephyr/libzephyr.a(shell_fprintf.c.obj)
                              (--whole-archive)
zephyr/libzephyr.a(shell_utils.c.obj)
                              (--whole-archive)
zephyr/libzephyr.a(shell_ops.c.obj)
                              (--whole-archive)
zephyr/libzephyr.a(shell_log_backend.c.obj)
                              (--whole-archive)
zephyr/libzephyr.a(shell_help.c.obj)
                              (--whole-archive)
zephyr/libzephyr.a(shell_cmds.c.obj)
                              (--whole-archive)
zephyr/libzephyr.a(shell_history.c.obj)
                              (--whole-archive)
zephyr/libzephyr.a(shell_wildcard.c.obj)
                              (--whole-archive)
zephyr/arch/common/libarch__common.a(sw_isr_common.c.obj)
                              (--whole-archive)
zephyr/arch/arch/arm/core/libarch__arm__core.a(fatal.c.obj)
                              (--whole-archive)
zephyr/arch/arch/arm/core/libarch__arm__core.a(nmi.c.obj)
                              (--whole-archive)
zephyr/arch/arch/arm/core/libarch__arm__core.a(nmi_on_reset.S.obj)
                              (--whole-archive)
zephyr/arch/arch/arm/core/libarch__arm__core.a(tls.c.obj)
                              (--whole-archive)
zephyr/arch/arch/arm/core/cortex_m/libarch__arm__core__cortex_m.a(exc_exit.c.obj)
                              (--whole-archive)
zephyr/arch/arch/arm/core/cortex_m/libarch__arm__core__cortex_m.a(fault.c.obj)
                              (--whole-archive)
zephyr/arch/arch/arm/core/cortex_m/libarch__arm__core__cortex_m.a(fault_s.S.obj)
                              (--whole-archive)
zephyr/arch/arch/arm/core/cortex_m/libarch__arm__core__cortex_m.a(fpu.c.obj)
                              (--whole-archive)
zephyr/arch/arch/arm/core/cortex_m/libarch__arm__core__cortex_m.a(reset.S.obj)
[...]
Memory Configuration

Name             Origin             Length             Attributes
FLASH            0x0000000010000000 0x0000000000200000 xr
RAM              0x0000000030000000 0x0000000000050000 xw
SRAM1            0x0000000014000000 0x0000000000018000
IDT_LIST         0x00000000ffff7fff 0x0000000000008000 xw
*default*        0x0000000000000000 0xffffffffffffffff

Linker script and memory map

                0x0000000010013578                vfprintf = __d_vfprintf
                0x0000000000000000                vfscanf = __d_vfscanf
LOAD zephyr/CMakeFiles/zephyr_pre0.dir/misc/empty_file.c.obj
LOAD zephyr/CMakeFiles/offsets.dir/./arch/arm/core/offsets/offsets.c.obj
LOAD app/libapp.a
LOAD zephyr/libzephyr.a
LOAD zephyr/arch/common/libarch__common.a
LOAD zephyr/arch/arch/arm/core/libarch__arm__core.a
LOAD zephyr/arch/arch/arm/core/cortex_m/libarch__arm__core__cortex_m.a
LOAD zephyr/arch/arch/arm/core/cortex_m/cmse/libarch__arm__core__cortex_m__cmse.a
LOAD zephyr/arch/arch/arm/core/mpu/libarch__arm__core__mpu.a
LOAD zephyr/lib/libc/picolibc/liblib__libc__picolibc.a
LOAD zephyr/lib/libc/common/liblib__libc__common.a
LOAD zephyr/lib/posix/options/liblib__posix__options.a
LOAD zephyr/lib/os/zvfs/liblib__os__zvfs.a
LOAD zephyr/boards/nxp/frdm_mcxn947/libboards__nxp__frdm_mcxn947.a
LOAD zephyr/subsys/random/libsubsys__random.a
LOAD zephyr/subsys/net/libsubsys__net.a
LOAD zephyr/subsys/net/l2/ethernet/libsubsys__net__l2__ethernet.a
LOAD zephyr/subsys/net/ip/libsubsys__net__ip.a
LOAD zephyr/subsys/net/lib/dhcpv4/libsubsys__net__lib__dhcpv4.a
LOAD zephyr/subsys/net/lib/dns/libsubsys__net__lib__dns.a
LOAD zephyr/drivers/clock_control/libdrivers__clock_control.a
LOAD zephyr/drivers/console/libdrivers__console.a
LOAD zephyr/drivers/ethernet/libdrivers__ethernet.a
LOAD zephyr/drivers/gpio/libdrivers__gpio.a
LOAD zephyr/drivers/mdio/libdrivers__mdio.a
LOAD zephyr/drivers/mfd/libdrivers__mfd.a
LOAD zephyr/drivers/pinctrl/libdrivers__pinctrl.a
LOAD zephyr/drivers/serial/libdrivers__serial.a
LOAD zephyr/drivers/timer/libdrivers__timer.a
LOAD modules/hal_nxp/hal_nxp/lib..__modules__hal__nxp.a
LOAD zephyr/kernel/libkernel.a
LOAD c:/users/emh20/zephyr-sdk-0.16.3/arm-zephyr-eabi/bin/../lib/gcc/arm-zephyr-eabi/12.2.0/thumb/v8-m.main/nofp\libgcc.a
LOAD zephyr/arch/common/libisr_tables.a
LOAD c:\users\emh20\zephyr-sdk-0.16.3\arm-zephyr-eabi\bin\../lib/gcc/../../picolibc/arm-zephyr-eabi/lib/thumb/v8-m.main/nofp\libc.a
LOAD c:/users/emh20/zephyr-sdk-0.16.3/arm-zephyr-eabi/bin/../lib/gcc/arm-zephyr-eabi/12.2.0/thumb/v8-m.main/nofp\libgcc.a
                0x0000000000000020                _region_min_align = 0x20

.rel.plt        0x0000000010000000        0x0
 *(SORT_BY_ALIGNMENT(.rel.plt))
                [!provide]                        PROVIDE (__rel_iplt_start = .)
 *(SORT_BY_ALIGNMENT(.rel.iplt))
 .rel.iplt      0x0000000010000000        0x0 app/libapp.a(main.c.obj)
                [!provide]                        PROVIDE (__rel_iplt_end = .)

.rela.plt       0x0000000000000000        0x0
 *(SORT_BY_ALIGNMENT(.rela.plt))
                [!provide]                        PROVIDE (__rela_iplt_start = .)
 *(SORT_BY_ALIGNMENT(.rela.iplt))
                [!provide]                        PROVIDE (__rela_iplt_end = .)

.rel.dyn
 *(SORT_BY_ALIGNMENT(.rel.*))

.rela.dyn
 *(SORT_BY_ALIGNMENT(.rela.*))

/DISCARD/
 *(SORT_BY_ALIGNMENT(.plt))

/DISCARD/
 *(SORT_BY_ALIGNMENT(.iplt))
                0x0000000010000000                __rom_region_start = 0x10000000

rom_start       0x0000000010000000      0x2ac
                0x0000000010000000                __rom_start_address = .
 FILL mask 0x00
                0x0000000010000000                . = (. + (0x0 - (. - __rom_start_address)))
                0x0000000010000000                . = ALIGN (0x4)
                0x0000000010000000                . = ALIGN (0x80)
                0x0000000010000000                . = ALIGN (0x400)
                0x0000000010000000                _vector_start = .
 *(SORT_BY_ALIGNMENT(.exc_vector_table))
 *(SORT_BY_ALIGNMENT(.exc_vector_table.*))
 .exc_vector_table._vector_table_section
                0x0000000010000000       0x40 zephyr/arch/arch/arm/core/cortex_m/libarch__arm__core__cortex_m.a(vector_table.S.obj)
                0x0000000010000000                _vector_table
 *(SORT_BY_ALIGNMENT(.vectors))
                0x00000000100002ac                _vector_end = .
                0x0000000010000040                . = ALIGN (0x4)
 *(SORT_BY_ALIGNMENT(.gnu.linkonce.irq_vector_table*))
 .gnu.linkonce.irq_vector_table
                0x0000000010000040      0x26c zephyr/arch/common/libisr_tables.a(isr_tables.c.obj)
                0x0000000010000040                _irq_vector_table
                0x00000000100002ac                _vector_end = .

text            0x00000000100002b0    0x1b800
                0x00000000100002b0                __text_region_start = .
 *(SORT_BY_ALIGNMENT(.text))
 .text          0x00000000100002b0      0x378 c:/users/emh20/zephyr-sdk-0.16.3/arm-zephyr-eabi/bin/../lib/gcc/arm-zephyr-eabi/12.2.0/thumb/v8-m.main/nofp\libgcc.a(_arm_addsubdf3.o)
                0x00000000100002b0                __aeabi_drsub
                0x00000000100002b8                __aeabi_dsub
                0x00000000100002b8                __subdf3
                0x00000000100002bc                __aeabi_dadd
                0x00000000100002bc                __adddf3
                0x0000000010000534                __floatunsidf
                0x0000000010000534                __aeabi_ui2d
                0x0000000010000554                __floatsidf
                0x0000000010000554                __aeabi_i2d
                0x0000000010000578                __aeabi_f2d
                0x0000000010000578                __extendsfdf2
                0x00000000100005bc                __floatundidf
                0x00000000100005bc                __aeabi_ul2d
                0x00000000100005cc                __floatdidf
                0x00000000100005cc                __aeabi_l2d
 .text          0x0000000010000628      0x424 c:/users/emh20/zephyr-sdk-0.16.3/arm-zephyr-eabi/bin/../lib/gcc/arm-zephyr-eabi/12.2.0/thumb/v8-m.main/nofp\libgcc.a(_arm_muldivdf3.o)
                0x0000000010000628                __aeabi_dmul
                0x0000000010000628                __muldf3
                0x000000001000087c                __divdf3
                0x000000001000087c                __aeabi_ddiv
 .text          0x0000000010000a4c      0x21c c:/users/emh20/zephyr-sdk-0.16.3/arm-zephyr-eabi/bin/../lib/gcc/arm-zephyr-eabi/12.2.0/thumb/v8-m.main/nofp\libgcc.a(_arm_addsubsf3.o)
                0x0000000010000a4c                __aeabi_frsub
                0x0000000010000a54                __subsf3
                0x0000000010000a54                __aeabi_fsub
                0x0000000010000a58                __aeabi_fadd
                0x0000000010000a58                __addsf3
                0x0000000010000bb8                __aeabi_ui2f
                0x0000000010000bb8                __floatunsisf
                0x0000000010000bc0                __aeabi_i2f
                0x0000000010000bc0                __floatsisf
                0x0000000010000bdc                __aeabi_ul2f
                0x0000000010000bdc                __floatundisf
                0x0000000010000bec                __aeabi_l2f
                0x0000000010000bec                __floatdisf
 .text          0x0000000010000c68      0x2a0 c:/users/emh20/zephyr-sdk-0.16.3/arm-zephyr-eabi/bin/../lib/gcc/arm-zephyr-eabi/12.2.0/thumb/v8-m.main/nofp\libgcc.a(_arm_muldivsf3.o)
                0x0000000010000c68                __mulsf3
                0x0000000010000c68                __aeabi_fmul
                0x0000000010000dd0                __aeabi_fdiv
                0x0000000010000dd0                __divsf3
 .text          0x0000000010000f08       0x40 c:/users/emh20/zephyr-sdk-0.16.3/arm-zephyr-eabi/bin/../lib/gcc/arm-zephyr-eabi/12.2.0/thumb/v8-m.main/nofp\libgcc.a(_arm_fixunssfsi.o)
                0x0000000010000f08                __fixunssfsi
                0x0000000010000f08                __aeabi_f2uiz
 .text          0x0000000010000f48       0xa0 c:/users/emh20/zephyr-sdk-0.16.3/arm-zephyr-eabi/bin/../lib/gcc/arm-zephyr-eabi/12.2.0/thumb/v8-m.main/nofp\libgcc.a(_aeabi_ldivmod.o)
                0x0000000010000f48                __aeabi_ldivmod
 .text          0x0000000010000fe8       0x30 c:/users/emh20/zephyr-sdk-0.16.3/arm-zephyr-eabi/bin/../lib/gcc/arm-zephyr-eabi/12.2.0/thumb/v8-m.main/nofp\libgcc.a(_aeabi_uldivmod.o)
                0x0000000010000fe8                __aeabi_uldivmod
 .text          0x0000000010001018       0x40 c:/users/emh20/zephyr-sdk-0.16.3/arm-zephyr-eabi/bin/../lib/gcc/arm-zephyr-eabi/12.2.0/thumb/v8-m.main/nofp\libgcc.a(_fixunssfdi.o)
                0x0000000010001018                __fixunssfdi
                0x0000000010001018                __aeabi_f2ulz
 .text          0x0000000010001058        0x4 c:/users/emh20/zephyr-sdk-0.16.3/arm-zephyr-eabi/bin/../lib/gcc/arm-zephyr-eabi/12.2.0/thumb/v8-m.main/nofp\libgcc.a(_dvmd_tls.o)
                0x0000000010001058                __aeabi_idiv0
                0x0000000010001058                __aeabi_ldiv0
 .text          0x000000001000105c       0x40 c:/users/emh20/zephyr-sdk-0.16.3/arm-zephyr-eabi/bin/../lib/gcc/arm-zephyr-eabi/12.2.0/thumb/v8-m.main/nofp\libgcc.a(_arm_fixunsdfsi.o)
                0x000000001000105c                __aeabi_d2uiz
                0x000000001000105c                __fixunsdfsi
 .text          0x000000001000109c      0x29c c:/users/emh20/zephyr-sdk-0.16.3/arm-zephyr-eabi/bin/../lib/gcc/arm-zephyr-eabi/12.2.0/thumb/v8-m.main/nofp\libgcc.a(_udivmoddi4.o)
                0x000000001000109c                __udivmoddi4
 .text          0x0000000010001338       0x14 c:\users\emh20\zephyr-sdk-0.16.3\arm-zephyr-eabi\bin\../lib/gcc/../../picolibc/arm-zephyr-eabi/lib/thumb/v8-m.main/nofp\libc.a(strcmp.S.o)
                0x0000000010001338                strcmp
 .text          0x000000001000134c       0x10 c:\users\emh20\zephyr-sdk-0.16.3\arm-zephyr-eabi\bin\../lib/gcc/../../picolibc/arm-zephyr-eabi/lib/thumb/v8-m.main/nofp\libc.a(strcpy.S.o)
                0x000000001000134c                strcpy
 .text          0x000000001000135c       0x10 c:\users\emh20\zephyr-sdk-0.16.3\arm-zephyr-eabi\bin\../lib/gcc/../../picolibc/arm-zephyr-eabi/lib/thumb/v8-m.main/nofp\libc.a(strlen.S.o)
                0x000000001000135c                strlen
 *(SORT_BY_ALIGNMENT(.text.*))
 *fill*         0x000000001000136c        0x4 
 .text.cmd_kernel_uptime
                0x0000000010001370       0xe8 zephyr/libzephyr.a(kernel_service.c.obj)
 .text.handle_ipv4_echo_reply
                0x0000000010001458      0x140 zephyr/subsys/net/libsubsys__net.a(ping.c.obj)
 .text.start_dhcpv4_client
                0x0000000010001598       0x60 app/libapp.a(main.c.obj)
 .text.option_handler
                0x00000000100015f8       0x5c app/libapp.a(main.c.obj)
 .text.handler.part.0
                0x0000000010001654      0x124 app/libapp.a(main.c.obj)
 .text.handler  0x0000000010001778       0x14 app/libapp.a(main.c.obj)
 .text.main     0x000000001000178c       0x6c app/libapp.a(main.c.obj)
                0x000000001000178c                main
 .text.cbvprintf_package
                0x00000000100017f8      0x3a4 zephyr/libzephyr.a(cbprintf_packaged.c.obj)
                0x00000000100017f8                cbvprintf_package
 .text.cbprintf_package_convert
                0x0000000010001b9c      0x3c8 zephyr/libzephyr.a(cbprintf_packaged.c.obj)
                0x0000000010001b9c                cbprintf_package_convert
 .text.__printk_hook_install
                0x0000000010001f64        0xc zephyr/libzephyr.a(printk.c.obj)
                0x0000000010001f64                __printk_hook_install
 .text.z_thread_entry
                0x0000000010001f70       0x34 zephyr/libzephyr.a(thread_entry.c.obj)
                0x0000000010001f70                z_thread_entry
 .text._check_fd
                0x0000000010001fa4       0x34 zephyr/libzephyr.a(fdtable.c.obj)
 .text.z_fd_unref.isra.0
                0x0000000010001fd8       0x40 zephyr/libzephyr.a(fdtable.c.obj)
 .text.zvfs_get_fd_obj
                0x0000000010002018       0x3c zephyr/libzephyr.a(fdtable.c.obj)
                0x0000000010002018                zvfs_get_fd_obj
 .text.zvfs_get_obj_lock_and_cond
                0x0000000010002054       0x70 zephyr/libzephyr.a(fdtable.c.obj)
                0x0000000010002054                zvfs_get_obj_lock_and_cond
 .text.zvfs_get_fd_obj_and_vtable
                0x00000000100020c4       0x34 zephyr/libzephyr.a(fdtable.c.obj)
                0x00000000100020c4                zvfs_get_fd_obj_and_vtable
 .text.zvfs_reserve_fd
                0x00000000100020f8       0x7c zephyr/libzephyr.a(fdtable.c.obj)
                0x00000000100020f8                zvfs_reserve_fd
 .text.zvfs_finalize_typed_fd
                0x0000000010002174       0x30 zephyr/libzephyr.a(fdtable.c.obj)
                0x0000000010002174                zvfs_finalize_typed_fd
 .text.activate_foreach_backend
                0x00000000100021a4       0x64 zephyr/libzephyr.a(log_core.c.obj)
 .text.enable_logger
                0x0000000010002208       0x5c zephyr/libzephyr.a(log_core.c.obj)
 .text.log_process_thread_timer_expiry_fn
                0x0000000010002264        0xc zephyr/libzephyr.a(log_core.c.obj)
 .text.z_log_init
                0x0000000010002270       0x8c zephyr/libzephyr.a(log_core.c.obj)
 .text.log_set_timestamp_func
                0x00000000100022fc       0x20 zephyr/libzephyr.a(log_core.c.obj)
                0x00000000100022fc                log_set_timestamp_func
 .text.z_log_notify_backend_enabled
                0x000000001000231c       0x1c zephyr/libzephyr.a(log_core.c.obj)
                0x000000001000231c                z_log_notify_backend_enabled
 .text.z_log_dropped
                0x0000000010002338       0x28 zephyr/libzephyr.a(log_core.c.obj)
                0x0000000010002338                z_log_dropped
 .text.z_log_dropped_read_and_clear
                0x0000000010002360       0x18 zephyr/libzephyr.a(log_core.c.obj)
                0x0000000010002360                z_log_dropped_read_and_clear
 .text.dropped_notify
                0x0000000010002378       0x30 zephyr/libzephyr.a(log_core.c.obj)
                0x0000000010002378                dropped_notify
 .text.z_log_msg_init
                0x00000000100023a8       0x20 zephyr/libzephyr.a(log_core.c.obj)
                0x00000000100023a8                z_log_msg_init
 .text.log_core_init
                0x00000000100023c8       0x38 zephyr/libzephyr.a(log_core.c.obj)
                0x00000000100023c8                log_core_init
 .text.z_log_msg_alloc
                0x0000000010002400       0x10 zephyr/libzephyr.a(log_core.c.obj)
                0x0000000010002400                z_log_msg_alloc
 .text.z_log_msg_local_claim
                0x0000000010002410        0xc zephyr/libzephyr.a(log_core.c.obj)
                0x0000000010002410                z_log_msg_local_claim
 .text.z_log_msg_free
                0x000000001000241c       0x10 zephyr/libzephyr.a(log_core.c.obj)
                0x000000001000241c                z_log_msg_free
 .text.z_log_msg_pending
                0x000000001000242c        0xc zephyr/libzephyr.a(log_core.c.obj)
                0x000000001000242c                z_log_msg_pending
 .text.z_impl_log_process
                0x0000000010002438       0xdc zephyr/libzephyr.a(log_core.c.obj)
                0x0000000010002438                z_impl_log_process
 .text.z_impl_log_panic
                0x0000000010002514       0x44 zephyr/libzephyr.a(log_core.c.obj)
                0x0000000010002514                z_impl_log_panic
 .text.log_process_thread_func
                0x0000000010002558       0xa4 zephyr/libzephyr.a(log_core.c.obj)
 .text.z_log_msg_post_finalize
                0x00000000100025fc       0x78 zephyr/libzephyr.a(log_core.c.obj)
 .text.z_log_msg_commit
                0x0000000010002674       0x24 zephyr/libzephyr.a(log_core.c.obj)
                0x0000000010002674                z_log_msg_commit
 .text.log_source_name_get
                0x0000000010002698       0x1c zephyr/libzephyr.a(log_mgmt.c.obj)
                0x0000000010002698                log_source_name_get
 .text.z_log_runtime_filters_init
                0x00000000100026b4       0x3c zephyr/libzephyr.a(log_mgmt.c.obj)
                0x00000000100026b4                z_log_runtime_filters_init
 .text.log_source_id_get
                0x00000000100026f0       0x38 zephyr/libzephyr.a(log_mgmt.c.obj)
                0x00000000100026f0                log_source_id_get
 .text.filter_set
                0x0000000010002728       0xbc zephyr/libzephyr.a(log_mgmt.c.obj)
                0x0000000010002728                filter_set
 .text.backend_filter_set
                0x00000000100027e4       0x30 zephyr/libzephyr.a(log_mgmt.c.obj)
 .text.log_backend_enable
                0x0000000010002814       0x34 zephyr/libzephyr.a(log_mgmt.c.obj)
                0x0000000010002814                log_backend_enable
 .text.log_filter_get
                0x0000000010002848       0x4c zephyr/libzephyr.a(log_mgmt.c.obj)
                0x0000000010002848                log_filter_get
 .text.z_impl_z_log_msg_static_create
                0x0000000010002894      0x110 zephyr/libzephyr.a(log_msg.c.obj)
                0x0000000010002894                z_impl_z_log_msg_static_create
 .text.z_log_msg_runtime_vcreate
                0x00000000100029a4       0xb0 zephyr/libzephyr.a(log_msg.c.obj)
                0x00000000100029a4                z_log_msg_runtime_vcreate
 .text.log_msg_get_source_id
                0x0000000010002a54       0x18 zephyr/libzephyr.a(log_msg.c.obj)
                0x0000000010002a54                log_msg_get_source_id
 .text.print_formatted
                0x0000000010002a6c       0x24 zephyr/libzephyr.a(log_output.c.obj)
 .text.newline_print
                0x0000000010002a90       0x1c zephyr/libzephyr.a(log_output.c.obj)
 .text.log_output_process
                0x0000000010002aac      0x2dc zephyr/libzephyr.a(log_output.c.obj)
                0x0000000010002aac                log_output_process
 .text.log_output_dropped_process
                0x0000000010002d88       0x58 zephyr/libzephyr.a(log_output.c.obj)
                0x0000000010002d88                log_output_dropped_process
 .text.log_output_timestamp_freq_set
                0x0000000010002de0       0x2c zephyr/libzephyr.a(log_output.c.obj)
                0x0000000010002de0                log_output_timestamp_freq_set
 .text.mem_attr_get_regions
                0x0000000010002e0c        0xc zephyr/libzephyr.a(mem_attr.c.obj)
                0x0000000010002e0c                mem_attr_get_regions
 .text.cmd_kernel_version
                0x0000000010002e18       0x18 zephyr/libzephyr.a(kernel_service.c.obj)
 .text.cmd_kernel_threads
                0x0000000010002e30       0x38 zephyr/libzephyr.a(kernel_service.c.obj)
 .text.shell_tdata_dump
                0x0000000010002e68       0xd0 zephyr/libzephyr.a(kernel_service.c.obj)
 .text.cmd_kernel_stacks
                0x0000000010002f38       0x70 zephyr/libzephyr.a(kernel_service.c.obj)
 .text.cmd_kernel_cycles
                0x0000000010002fa8       0x1c zephyr/libzephyr.a(kernel_service.c.obj)
 .text.cmd_kernel_log_level_set
                0x0000000010002fc4       0x80 zephyr/libzephyr.a(kernel_service.c.obj)
 .text.cmd_kernel_sleep
                0x0000000010003044       0x40 zephyr/libzephyr.a(kernel_service.c.obj)
 .text.shell_stack_dump
                0x0000000010003084       0x64 zephyr/libzephyr.a(kernel_service.c.obj)
 .text.cmd_device_list
                0x00000000100030e8       0x8c zephyr/libzephyr.a(device_service.c.obj)
 .text.cmd_devmem
                0x0000000010003174       0xcc zephyr/libzephyr.a(devmem_service.c.obj)
 .text.cmd_dump
                0x0000000010003240      0x194 zephyr/libzephyr.a(devmem_service.c.obj)
 .text.set_bypass.isra.0
                0x00000000100033d4       0x50 zephyr/libzephyr.a(devmem_service.c.obj)
 .text.bypass_cb
                0x0000000010003424      0x118 zephyr/libzephyr.a(devmem_service.c.obj)
 .text.cmd_load
                0x000000001000353c       0xd8 zephyr/libzephyr.a(devmem_service.c.obj)
 .text.enable_shell_uart
                0x0000000010003614       0x38 zephyr/libzephyr.a(shell_uart.c.obj)
 .text.init     0x000000001000364c       0x60 zephyr/libzephyr.a(shell_uart.c.obj)
 .text.uart_callback
                0x00000000100036ac      0x100 zephyr/libzephyr.a(shell_uart.c.obj)
 .text.shell_internal_help_print
                0x00000000100037ac       0x20 zephyr/libzephyr.a(shell.c.obj)
 .text.kill_handler
                0x00000000100037cc       0x54 zephyr/libzephyr.a(shell.c.obj)
 .text.z_cursor_next_line_move.isra.0
                0x0000000010003820        0xc zephyr/libzephyr.a(shell.c.obj)
 .text.history_handle
                0x000000001000382c       0xac zephyr/libzephyr.a(shell.c.obj)
 .text.execute  0x00000000100038d8      0x2c8 zephyr/libzephyr.a(shell.c.obj)
 .text.state_set.constprop.0
                0x0000000010003ba0       0x4c zephyr/libzephyr.a(shell.c.obj)
 .text.shell_process
                0x0000000010003bec      0x6d0 zephyr/libzephyr.a(shell.c.obj)
                0x0000000010003bec                shell_process
 .text.shell_start
                0x00000000100042bc       0x70 zephyr/libzephyr.a(shell.c.obj)
                0x00000000100042bc                shell_start
 .text.shell_thread
                0x000000001000432c       0xd8 zephyr/libzephyr.a(shell.c.obj)
                0x000000001000432c                shell_thread
 .text.cmd_help
                0x0000000010004404       0x4c zephyr/libzephyr.a(shell.c.obj)
 .text.shell_hexdump_line
                0x0000000010004450       0xe8 zephyr/libzephyr.a(shell.c.obj)
                0x0000000010004450                shell_hexdump_line
 .text.shell_init
                0x0000000010004538       0xe8 zephyr/libzephyr.a(shell.c.obj)
                0x0000000010004538                shell_init
 .text.z_shell_fprintf_fmt
                0x0000000010004620       0x28 zephyr/libzephyr.a(shell_fprintf.c.obj)
                0x0000000010004620                z_shell_fprintf_fmt
 .text.z_shell_make_argv
                0x0000000010004648      0x1b8 zephyr/libzephyr.a(shell_utils.c.obj)
                0x0000000010004648                z_shell_make_argv
 .text.z_shell_cmd_get
                0x0000000010004800       0x74 zephyr/libzephyr.a(shell_utils.c.obj)
                0x0000000010004800                z_shell_cmd_get
 .text.z_shell_spaces_trim
                0x0000000010004874       0x6c zephyr/libzephyr.a(shell_utils.c.obj)
                0x0000000010004874                z_shell_spaces_trim
 .text.z_shell_cmd_trim
                0x00000000100048e0       0x7c zephyr/libzephyr.a(shell_utils.c.obj)
                0x00000000100048e0                z_shell_cmd_trim
 .text.shell_strtoul
                0x000000001000495c       0x54 zephyr/libzephyr.a(shell_utils.c.obj)
                0x000000001000495c                shell_strtoul
 .text.z_clear_eos
                0x00000000100049b0       0x18 zephyr/libzephyr.a(shell_ops.c.obj)
 .text.z_cursor_next_line_move.isra.0
                0x00000000100049c8        0xc zephyr/libzephyr.a(shell_ops.c.obj)
 .text.z_shell_op_cursor_vert_move
                0x00000000100049d4       0x2c zephyr/libzephyr.a(shell_ops.c.obj)
                0x00000000100049d4                z_shell_op_cursor_vert_move
 .text.z_shell_op_cursor_horiz_move
                0x0000000010004a00       0x2c zephyr/libzephyr.a(shell_ops.c.obj)
                0x0000000010004a00                z_shell_op_cursor_horiz_move
 .text.z_shell_op_cursor_word_move
                0x0000000010004a2c       0x7c zephyr/libzephyr.a(shell_ops.c.obj)
                0x0000000010004a2c                z_shell_op_cursor_word_move
 .text.z_shell_print_cmd
                0x0000000010004aa8       0x78 zephyr/libzephyr.a(shell_ops.c.obj)
                0x0000000010004aa8                z_shell_print_cmd
 .text.z_shell_vt100_color_set
                0x0000000010004b20       0x40 zephyr/libzephyr.a(shell_ops.c.obj)
                0x0000000010004b20                z_shell_vt100_color_set
 .text.z_shell_vt100_colors_restore
                0x0000000010004b60       0x3c zephyr/libzephyr.a(shell_ops.c.obj)
                0x0000000010004b60                z_shell_vt100_colors_restore
 .text.z_shell_op_word_remove
                0x0000000010004b9c       0xc8 zephyr/libzephyr.a(shell_ops.c.obj)
                0x0000000010004b9c                z_shell_op_word_remove
 .text.reprint_from_cursor
                0x0000000010004c64       0x7c zephyr/libzephyr.a(shell_ops.c.obj)
 .text.z_shell_op_char_insert
                0x0000000010004ce0       0x70 zephyr/libzephyr.a(shell_ops.c.obj)
                0x0000000010004ce0                z_shell_op_char_insert
 .text.z_shell_print_prompt_and_cmd
                0x0000000010004d50       0x30 zephyr/libzephyr.a(shell_ops.c.obj)
                0x0000000010004d50                z_shell_print_prompt_and_cmd
 .text.z_cursor_next_line_move.isra.0
                0x0000000010004d80        0xc zephyr/libzephyr.a(shell_help.c.obj)
 .text.formatted_text_print.constprop.0
                0x0000000010004d8c       0xe4 zephyr/libzephyr.a(shell_help.c.obj)
 .text.z_shell_help_subcmd_print
                0x0000000010004e70       0xb4 zephyr/libzephyr.a(shell_help.c.obj)
                0x0000000010004e70                z_shell_help_subcmd_print
 .text.z_shell_help_cmd_print
                0x0000000010004f24       0x40 zephyr/libzephyr.a(shell_help.c.obj)
                0x0000000010004f24                z_shell_help_cmd_print
 .text.z_shell_help_request
                0x0000000010004f64       0x28 zephyr/libzephyr.a(shell_help.c.obj)
                0x0000000010004f64                z_shell_help_request
 .text.cmd_resize_default
                0x0000000010004f8c       0x2c zephyr/libzephyr.a(shell_cmds.c.obj)
 .text.cmd_shell_stats_show
                0x0000000010004fb8       0x18 zephyr/libzephyr.a(shell_cmds.c.obj)
 .text.cmd_backends
                0x0000000010004fd0       0x54 zephyr/libzephyr.a(shell_cmds.c.obj)
 .text.cmd_prompt_off
                0x0000000010005024       0x10 zephyr/libzephyr.a(shell_cmds.c.obj)
 .text.cmd_history
                0x0000000010005034       0x44 zephyr/libzephyr.a(shell_cmds.c.obj)
 .text.cmd_get_retval
                0x0000000010005078       0x1c zephyr/libzephyr.a(shell_cmds.c.obj)
 .text.cmd_echo
                0x0000000010005094       0x54 zephyr/libzephyr.a(shell_cmds.c.obj)
 .text.cmd_clear
                0x00000000100050e8       0x34 zephyr/libzephyr.a(shell_cmds.c.obj)
 .text.cmd_resize
                0x000000001000511c      0x1a8 zephyr/libzephyr.a(shell_cmds.c.obj)
 .text.z_shell_wildcard_process
                0x00000000100052c4       0xe4 zephyr/libzephyr.a(shell_wildcard.c.obj)
                0x00000000100052c4                z_shell_wildcard_process
 .text.z_arm_fatal_error
                0x00000000100053a8       0xe0 zephyr/arch/arch/arm/core/libarch__arm__core.a(fatal.c.obj)
                0x00000000100053a8                z_arm_fatal_error
 .text.z_SysNmiOnReset
                0x0000000010005488        0x8 zephyr/arch/arch/arm/core/libarch__arm__core.a(nmi_on_reset.S.obj)
                0x0000000010005488                z_SysNmiOnReset
 .text.arch_tls_stack_setup
                0x0000000010005490       0x40 zephyr/arch/arch/arm/core/libarch__arm__core.a(tls.c.obj)
                0x0000000010005490                arch_tls_stack_setup
 .text._HandlerModeExit
                0x00000000100054d0       0x28 zephyr/arch/arch/arm/core/cortex_m/libarch__arm__core__cortex_m.a(exc_exit.c.obj)
                0x00000000100054d0                z_arm_int_exit
                0x00000000100054d0                z_arm_exc_exit
 .text.mem_manage_fault.constprop.0
                0x00000000100054f8      0x100 zephyr/arch/arch/arm/core/cortex_m/libarch__arm__core__cortex_m.a(fault.c.obj)
 .text.usage_fault.constprop.0
                0x00000000100055f8       0xf8 zephyr/arch/arch/arm/core/cortex_m/libarch__arm__core__cortex_m.a(fault.c.obj)
 .text.secure_fault.constprop.0
                0x00000000100056f0      0x124 zephyr/arch/arch/arm/core/cortex_m/libarch__arm__core__cortex_m.a(fault.c.obj)
 .text.bus_fault.constprop.0
                0x0000000010005814      0x108 zephyr/arch/arch/arm/core/cortex_m/libarch__arm__core__cortex_m.a(fault.c.obj)
 .text.z_arm_fault
                0x000000001000591c      0x24c zephyr/arch/arch/arm/core/cortex_m/libarch__arm__core__cortex_m.a(fault.c.obj)
                0x000000001000591c                z_arm_fault
 .text.z_arm_fault_init
                0x0000000010005b68       0x18 zephyr/arch/arch/arm/core/cortex_m/libarch__arm__core__cortex_m.a(fault.c.obj)
                0x0000000010005b68                z_arm_fault_init
 .text.__fault  0x0000000010005b80       0x14 zephyr/arch/arch/arm/core/cortex_m/libarch__arm__core__cortex_m.a(fault_s.S.obj)
                0x0000000010005b80                z_arm_bus_fault
                0x0000000010005b80                z_arm_usage_fault
                0x0000000010005b80                z_arm_mpu_fault
                0x0000000010005b80                z_arm_exc_spurious
                0x0000000010005b80                z_arm_debug_monitor
                0x0000000010005b80                z_arm_hard_fault
                0x0000000010005b80                z_arm_secure_fault
 .text._reset_section
                0x0000000010005b94       0x3c zephyr/arch/arch/arm/core/cortex_m/libarch__arm__core__cortex_m.a(reset.S.obj)
                0x0000000010005b94                __start
                0x0000000010005b94                z_arm_reset
 .text.z_impl_k_thread_abort
                0x0000000010005bd0       0x2c zephyr/arch/arch/arm/core/cortex_m/libarch__arm__core__cortex_m.a(thread_abort.c.obj)
                0x0000000010005bd0                z_impl_k_thread_abort
 .text.arch_swap
                0x0000000010005bfc       0x34 zephyr/arch/arch/arm/core/cortex_m/libarch__arm__core__cortex_m.a(swap.c.obj)
                0x0000000010005bfc                arch_swap
 .text.z_arm_pendsv_c
                0x0000000010005c30       0x44 zephyr/arch/arch/arm/core/cortex_m/libarch__arm__core__cortex_m.a(swap.c.obj)
                0x0000000010005c30                z_arm_pendsv_c
 .text.z_arm_pendsv
                0x0000000010005c74       0x40 zephyr/arch/arch/arm/core/cortex_m/libarch__arm__core__cortex_m.a(swap_helper.S.obj)
                0x0000000010005c74                z_arm_pendsv
 .text.z_arm_svc
                0x0000000010005cb4       0x20 zephyr/arch/arch/arm/core/cortex_m/libarch__arm__core__cortex_m.a(swap_helper.S.obj)
                0x0000000010005cb4                z_arm_svc
 .text.arch_irq_enable
                0x0000000010005cd4       0x1c zephyr/arch/arch/arm/core/cortex_m/libarch__arm__core__cortex_m.a(irq_manage.c.obj)
                0x0000000010005cd4                arch_irq_enable
 .text.z_arm_irq_priority_set
                0x0000000010005cf0       0x2c zephyr/arch/arch/arm/core/cortex_m/libarch__arm__core__cortex_m.a(irq_manage.c.obj)
                0x0000000010005cf0                z_arm_irq_priority_set
 .text.z_prep_c
                0x0000000010005d1c       0x48 zephyr/arch/arch/arm/core/cortex_m/libarch__arm__core__cortex_m.a(prep_c.c.obj)
                0x0000000010005d1c                z_prep_c
 .text.arch_new_thread
                0x0000000010005d64       0x38 zephyr/arch/arch/arm/core/cortex_m/libarch__arm__core__cortex_m.a(thread.c.obj)
                0x0000000010005d64                arch_new_thread
 .text.arch_switch_to_main_thread
                0x0000000010005d9c       0x4c zephyr/arch/arch/arm/core/cortex_m/libarch__arm__core__cortex_m.a(thread.c.obj)
                0x0000000010005d9c                arch_switch_to_main_thread
 .text.z_arm_cpu_idle_init
                0x0000000010005de8        0xc zephyr/arch/arch/arm/core/cortex_m/libarch__arm__core__cortex_m.a(cpu_idle.c.obj)
                0x0000000010005de8                z_arm_cpu_idle_init
 .text.z_arm_interrupt_init
                0x0000000010005df4       0x18 zephyr/arch/arch/arm/core/cortex_m/libarch__arm__core__cortex_m.a(irq_init.c.obj)
                0x0000000010005df4                z_arm_interrupt_init
 .text._isr_wrapper
                0x0000000010005e0c       0x24 zephyr/arch/arch/arm/core/cortex_m/libarch__arm__core__cortex_m.a(isr_wrapper.c.obj)
                0x0000000010005e0c                _isr_wrapper
 .text.z_arm_configure_static_mpu_regions
                0x0000000010005e30       0x38 zephyr/arch/arch/arm/core/mpu/libarch__arm__core__mpu.a(arm_core_mpu.c.obj)
                0x0000000010005e30                z_arm_configure_static_mpu_regions
 .text.region_init
                0x0000000010005e68       0x34 zephyr/arch/arch/arm/core/mpu/libarch__arm__core__mpu.a(arm_mpu.c.obj)
 .text.region_allocate_and_init
                0x0000000010005e9c       0x40 zephyr/arch/arch/arm/core/mpu/libarch__arm__core__mpu.a(arm_mpu.c.obj)
 .text.mpu_configure_regions_and_partition.constprop.0
                0x0000000010005edc      0x170 zephyr/arch/arch/arm/core/mpu/libarch__arm__core__mpu.a(arm_mpu.c.obj)
 .text.arm_core_mpu_enable
                0x000000001000604c       0x18 zephyr/arch/arch/arm/core/mpu/libarch__arm__core__mpu.a(arm_mpu.c.obj)
                0x000000001000604c                arm_core_mpu_enable
 .text.arm_core_mpu_disable
                0x0000000010006064       0x14 zephyr/arch/arch/arm/core/mpu/libarch__arm__core__mpu.a(arm_mpu.c.obj)
                0x0000000010006064                arm_core_mpu_disable
 .text.arm_core_mpu_configure_static_mpu_regions
                0x0000000010006078       0x14 zephyr/arch/arch/arm/core/mpu/libarch__arm__core__mpu.a(arm_mpu.c.obj)
                0x0000000010006078                arm_core_mpu_configure_static_mpu_regions
 .text.arm_core_mpu_mark_areas_for_dynamic_regions
                0x000000001000608c       0xb8 zephyr/arch/arch/arm/core/mpu/libarch__arm__core__mpu.a(arm_mpu.c.obj)
                0x000000001000608c                arm_core_mpu_mark_areas_for_dynamic_regions
 .text.z_arm_mpu_init
                0x0000000010006144      0x11c zephyr/arch/arch/arm/core/mpu/libarch__arm__core__mpu.a(arm_mpu.c.obj)
                0x0000000010006144                z_arm_mpu_init
 .text.z_impl_zephyr_fputc
                0x0000000010006260       0x10 zephyr/lib/libc/picolibc/liblib__libc__picolibc.a(libc-hooks.c.obj)
                0x0000000010006260                z_impl_zephyr_fputc
 .text.__stdout_hook_install
                0x0000000010006270       0x18 zephyr/lib/libc/picolibc/liblib__libc__picolibc.a(libc-hooks.c.obj)
                0x0000000010006270                __stdout_hook_install
 .text.cbvprintf
                0x0000000010006288       0x38 zephyr/lib/libc/picolibc/liblib__libc__picolibc.a(libc-hooks.c.obj)
                0x0000000010006288                cbvprintf
 .text.malloc_prepare
                0x00000000100062c0       0x24 zephyr/lib/libc/common/liblib__libc__common.a(malloc.c.obj)
 .text.foldcase
                0x00000000100062e4       0x18 zephyr/lib/posix/options/liblib__posix__options.a(fnmatch.c.obj)
 .text.getopt_init
                0x00000000100062fc       0x48 zephyr/lib/posix/options/liblib__posix__options.a(getopt.c.obj)
                0x00000000100062fc                getopt_init
 .text.getopt   0x0000000010006344       0xf8 zephyr/lib/posix/options/liblib__posix__options.a(getopt.c.obj)
                0x0000000010006344                getopt
 .text.z_getopt_global_state_update
                0x000000001000643c       0x34 zephyr/lib/posix/options/liblib__posix__options.a(getopt_common.c.obj)
                0x000000001000643c                z_getopt_global_state_update
 .text.getopt_state_get
                0x0000000010006470        0x8 zephyr/lib/posix/options/liblib__posix__options.a(getopt_common.c.obj)
                0x0000000010006470                getopt_state_get
 .text.zvfs_eventfd_ioctl_op
                0x0000000010006478      0x130 zephyr/lib/os/zvfs/liblib__os__zvfs.a(zvfs_eventfd.c.obj)
 .text.zvfs_eventfd_rw_op
                0x00000000100065a8       0xfc zephyr/lib/os/zvfs/liblib__os__zvfs.a(zvfs_eventfd.c.obj)
 .text.zvfs_eventfd_write_op
                0x00000000100066a4        0xc zephyr/lib/os/zvfs/liblib__os__zvfs.a(zvfs_eventfd.c.obj)
 .text.zvfs_eventfd_read_op
                0x00000000100066b0        0xc zephyr/lib/os/zvfs/liblib__os__zvfs.a(zvfs_eventfd.c.obj)
 .text.zvfs_eventfd_close_op
                0x00000000100066bc       0xac zephyr/lib/os/zvfs/liblib__os__zvfs.a(zvfs_eventfd.c.obj)
 .text.zvfs_eventfd
                0x0000000010006768       0xb0 zephyr/lib/os/zvfs/liblib__os__zvfs.a(zvfs_eventfd.c.obj)
                0x0000000010006768                zvfs_eventfd
 .text.zvfs_eventfd_read
                0x0000000010006818       0x2c zephyr/lib/os/zvfs/liblib__os__zvfs.a(zvfs_eventfd.c.obj)
                0x0000000010006818                zvfs_eventfd_read
 .text.zvfs_eventfd_write
                0x0000000010006844       0x30 zephyr/lib/os/zvfs/liblib__os__zvfs.a(zvfs_eventfd.c.obj)
                0x0000000010006844                zvfs_eventfd_write
 .text.power_mode_od
                0x0000000010006874       0x40 zephyr/boards/nxp/frdm_mcxn947/libboards__nxp__frdm_mcxn947.a(board.c.obj)
                0x0000000010006874                power_mode_od
 .text.frdm_mcxn947_init
                0x00000000100068b4      0x1f4 zephyr/boards/nxp/frdm_mcxn947/libboards__nxp__frdm_mcxn947.a(board.c.obj)
 .text.z_impl_sys_rand_get
                0x0000000010006aa8       0x84 zephyr/subsys/random/libsubsys__random.a(random_timer.c.obj)
                0x0000000010006aa8                z_impl_sys_rand_get
 .text.net_buf_destroy
                0x0000000010006b2c       0x38 zephyr/subsys/net/libsubsys__net.a(buf.c.obj)
 .text.net_buf_id
                0x0000000010006b64       0x20 zephyr/subsys/net/libsubsys__net.a(buf.c.obj)
                0x0000000010006b64                net_buf_id
 .text.fixed_data_alloc
                0x0000000010006b84       0x24 zephyr/subsys/net/libsubsys__net.a(buf.c.obj)
 .text.net_buf_alloc_len
                0x0000000010006ba8      0x118 zephyr/subsys/net/libsubsys__net.a(buf.c.obj)
                0x0000000010006ba8                net_buf_alloc_len
 .text.net_buf_unref
                0x0000000010006cc0       0x38 zephyr/subsys/net/libsubsys__net.a(buf.c.obj)
                0x0000000010006cc0                net_buf_unref
 .text.zsock_socket_internal
                0x0000000010006cf8       0x88 zephyr/subsys/net/libsubsys__net.a(sockets.c.obj)
 .text.zsock_accepted_cb
                0x0000000010006d80       0x4c zephyr/subsys/net/libsubsys__net.a(sockets.c.obj)
 .text.send_check_and_wait
                0x0000000010006dcc       0xc8 zephyr/subsys/net/libsubsys__net.a(sockets.c.obj)
 .text.ipv4_multicast_group
                0x0000000010006e94       0x70 zephyr/subsys/net/libsubsys__net.a(sockets.c.obj)
 .text.sock_ioctl_vmeth
                0x0000000010006f04      0x144 zephyr/subsys/net/libsubsys__net.a(sockets.c.obj)
 .text.z_impl_zsock_socket
                0x0000000010007048       0x64 zephyr/subsys/net/libsubsys__net.a(sockets.c.obj)
                0x0000000010007048                z_impl_zsock_socket
 .text.zsock_close_ctx
                0x00000000100070ac       0x5c zephyr/subsys/net/libsubsys__net.a(sockets.c.obj)
                0x00000000100070ac                zsock_close_ctx
 .text.z_impl_zsock_close
                0x0000000010007108       0x50 zephyr/subsys/net/libsubsys__net.a(sockets.c.obj)
                0x0000000010007108                z_impl_zsock_close
 .text.zsock_shutdown_ctx
                0x0000000010007158       0x68 zephyr/subsys/net/libsubsys__net.a(sockets.c.obj)
                0x0000000010007158                zsock_shutdown_ctx
 .text.zsock_bind_ctx
                0x00000000100071c0       0x4c zephyr/subsys/net/libsubsys__net.a(sockets.c.obj)
                0x00000000100071c0                zsock_bind_ctx
 .text.z_impl_zsock_bind
                0x000000001000720c       0x58 zephyr/subsys/net/libsubsys__net.a(sockets.c.obj)
                0x000000001000720c                z_impl_zsock_bind
 .text.zsock_connect_ctx
                0x0000000010007264       0xc8 zephyr/subsys/net/libsubsys__net.a(sockets.c.obj)
                0x0000000010007264                zsock_connect_ctx
 .text.zsock_listen_ctx
                0x000000001000732c       0x3c zephyr/subsys/net/libsubsys__net.a(sockets.c.obj)
                0x000000001000732c                zsock_listen_ctx
 .text.zsock_sendto_ctx
                0x0000000010007368      0x104 zephyr/subsys/net/libsubsys__net.a(sockets.c.obj)
                0x0000000010007368                zsock_sendto_ctx
 .text.z_impl_zsock_sendto
                0x000000001000746c       0x6c zephyr/subsys/net/libsubsys__net.a(sockets.c.obj)
                0x000000001000746c                z_impl_zsock_sendto
 .text.zsock_sendmsg_ctx
                0x00000000100074d8       0xb4 zephyr/subsys/net/libsubsys__net.a(sockets.c.obj)
                0x00000000100074d8                zsock_sendmsg_ctx
 .text.zsock_wait_data
                0x000000001000758c       0x68 zephyr/subsys/net/libsubsys__net.a(sockets.c.obj)
                0x000000001000758c                zsock_wait_data
 .text.zsock_accept_ctx
                0x00000000100075f4      0x114 zephyr/subsys/net/libsubsys__net.a(sockets.c.obj)
                0x00000000100075f4                zsock_accept_ctx
 .text.zsock_recv_dgram
                0x0000000010007708      0x288 zephyr/subsys/net/libsubsys__net.a(sockets.c.obj)
 .text.zsock_recv_stream
                0x0000000010007990      0x1a4 zephyr/subsys/net/libsubsys__net.a(sockets.c.obj)
 .text.zsock_recvfrom_ctx
                0x0000000010007b34       0x58 zephyr/subsys/net/libsubsys__net.a(sockets.c.obj)
                0x0000000010007b34                zsock_recvfrom_ctx
 .text.z_impl_zsock_recvfrom
                0x0000000010007b8c       0x6c zephyr/subsys/net/libsubsys__net.a(sockets.c.obj)
                0x0000000010007b8c                z_impl_zsock_recvfrom
 .text.zsock_recvmsg_ctx
                0x0000000010007bf8       0x6c zephyr/subsys/net/libsubsys__net.a(sockets.c.obj)
                0x0000000010007bf8                zsock_recvmsg_ctx
 .text.zsock_poll_internal
                0x0000000010007c64      0x204 zephyr/subsys/net/libsubsys__net.a(sockets.c.obj)
                0x0000000010007c64                zsock_poll_internal
 .text.zsock_getsockopt_ctx
                0x0000000010007e68       0xcc zephyr/subsys/net/libsubsys__net.a(sockets.c.obj)
                0x0000000010007e68                zsock_getsockopt_ctx
 .text.z_impl_zsock_getsockopt
                0x0000000010007f34       0x68 zephyr/subsys/net/libsubsys__net.a(sockets.c.obj)
                0x0000000010007f34                z_impl_zsock_getsockopt
 .text.zsock_setsockopt_ctx
                0x0000000010007f9c      0x128 zephyr/subsys/net/libsubsys__net.a(sockets.c.obj)
                0x0000000010007f9c                zsock_setsockopt_ctx
 .text.zsock_getpeername_ctx
                0x00000000100080c4       0x68 zephyr/subsys/net/libsubsys__net.a(sockets.c.obj)
                0x00000000100080c4                zsock_getpeername_ctx
 .text.zsock_getsockname_ctx
                0x000000001000812c       0x58 zephyr/subsys/net/libsubsys__net.a(sockets.c.obj)
                0x000000001000812c                zsock_getsockname_ctx
 .text.net_socket_service_foreach
                0x0000000010008184       0x24 zephyr/subsys/net/libsubsys__net.a(sockets_service.c.obj)
                0x0000000010008184                net_socket_service_foreach
 .text.z_impl_net_socket_service_register
                0x00000000100081a8      0x110 zephyr/subsys/net/libsubsys__net.a(sockets_service.c.obj)
                0x00000000100081a8                z_impl_net_socket_service_register
 .text.net_socket_service_callback
                0x00000000100082b8       0x4c zephyr/subsys/net/libsubsys__net.a(sockets_service.c.obj)
                0x00000000100082b8                net_socket_service_callback
 .text.socket_service_thread
                0x0000000010008304      0x208 zephyr/subsys/net/libsubsys__net.a(sockets_service.c.obj)
 .text.socket_service_init
                0x000000001000850c       0x44 zephyr/subsys/net/libsubsys__net.a(sockets_service.c.obj)
                0x000000001000850c                socket_service_init
 .text.get_iface_idx
                0x0000000010008550       0x80 zephyr/subsys/net/libsubsys__net.a(net_shell.c.obj)
                0x0000000010008550                get_iface_idx
 .text.addrtype2str
                0x00000000100085d0       0x18 zephyr/subsys/net/libsubsys__net.a(net_shell.c.obj)
                0x00000000100085d0                addrtype2str
 .text.addrstate2str
                0x00000000100085e8       0x1c zephyr/subsys/net/libsubsys__net.a(net_shell.c.obj)
                0x00000000100085e8                addrstate2str
 .text.get_addresses
                0x0000000010008604       0xa0 zephyr/subsys/net/libsubsys__net.a(net_shell.c.obj)
                0x0000000010008604                get_addresses
 .text.iface2str
                0x00000000100086a4       0x54 zephyr/subsys/net/libsubsys__net.a(net_shell.c.obj)
                0x00000000100086a4                iface2str
 .text.cmd_net_allocs
                0x00000000100086f8       0x34 zephyr/subsys/net/libsubsys__net.a(allocs.c.obj)
 .text.cmd_net_arp_flush
                0x000000001000872c       0x24 zephyr/subsys/net/libsubsys__net.a(arp.c.obj)
 .text.cmd_net_arp
                0x0000000010008750       0x3c zephyr/subsys/net/libsubsys__net.a(arp.c.obj)
 .text.arp_cb   0x000000001000878c       0xb0 zephyr/subsys/net/libsubsys__net.a(arp.c.obj)
 .text.cmd_net_capture
                0x000000001000883c       0x34 zephyr/subsys/net/libsubsys__net.a(capture.c.obj)
 .text.cmd_net_conn
                0x0000000010008870       0x54 zephyr/subsys/net/libsubsys__net.a(conn.c.obj)
 .text.context_cb
                0x00000000100088c4      0x120 zephyr/subsys/net/libsubsys__net.a(conn.c.obj)
 .text.cmd_net_dhcpv4_server_start
                0x00000000100089e4       0x34 zephyr/subsys/net/libsubsys__net.a(dhcpv4.c.obj)
 .text.cmd_net_dns_cancel
                0x0000000010008a18       0x78 zephyr/subsys/net/libsubsys__net.a(dns.c.obj)
 .text.cmd_net_dns_query
                0x0000000010008a90       0xf0 zephyr/subsys/net/libsubsys__net.a(dns.c.obj)
 .text.cmd_net_dns
                0x0000000010008b80      0x180 zephyr/subsys/net/libsubsys__net.a(dns.c.obj)
 .text.dns_result_cb
                0x0000000010008d00       0xd4 zephyr/subsys/net/libsubsys__net.a(dns.c.obj)
 .text.cmd_net_events_on
                0x0000000010008dd4       0x1c zephyr/subsys/net/libsubsys__net.a(events.c.obj)
 .text.cmd_net_gptp_port
                0x0000000010008df0       0x34 zephyr/subsys/net/libsubsys__net.a(gptp.c.obj)
 .text.cmd_net_http
                0x0000000010008e24       0x34 zephyr/subsys/net/libsubsys__net.a(http.c.obj)
 .text.cmd_net_set_mac
                0x0000000010008e58       0x20 zephyr/subsys/net/libsubsys__net.a(iface.c.obj)
 .text.iface_flags2str
                0x0000000010008e78      0x104 zephyr/subsys/net/libsubsys__net.a(iface.c.obj)
 .text.iface_cb
                0x0000000010008f7c      0x534 zephyr/subsys/net/libsubsys__net.a(iface.c.obj)
 .text.cmd_net_iface_up
                0x00000000100094b0       0xa0 zephyr/subsys/net/libsubsys__net.a(iface.c.obj)
 .text.cmd_net_iface_down
                0x0000000010009550       0x84 zephyr/subsys/net/libsubsys__net.a(iface.c.obj)
 .text.cmd_net_iface
                0x00000000100095d4       0x50 zephyr/subsys/net/libsubsys__net.a(iface.c.obj)
 .text.iface_index_get
                0x0000000010009624       0xa8 zephyr/subsys/net/libsubsys__net.a(iface.c.obj)
 .text.cmd_net_ipv4
                0x00000000100096cc       0xb8 zephyr/subsys/net/libsubsys__net.a(ipv4.c.obj)
 .text.ip_address_lifetime_cb
                0x0000000010009784      0x130 zephyr/subsys/net/libsubsys__net.a(ipv4.c.obj)
 .text.cmd_net_ip_gateway
                0x00000000100098b4       0x9c zephyr/subsys/net/libsubsys__net.a(ipv4.c.obj)
 .text.cmd_net_ip_add
                0x0000000010009950      0x168 zephyr/subsys/net/libsubsys__net.a(ipv4.c.obj)
 .text.cmd_net_ip_del
                0x0000000010009ab8      0x100 zephyr/subsys/net/libsubsys__net.a(ipv4.c.obj)
 .text.cmd_net_ipv6
                0x0000000010009bb8       0x28 zephyr/subsys/net/libsubsys__net.a(ipv6.c.obj)
 .text.cmd_net_ip6_add
                0x0000000010009be0       0x3c zephyr/subsys/net/libsubsys__net.a(ipv6.c.obj)
 .text.cmd_net_mem
                0x0000000010009c1c       0xfc zephyr/subsys/net/libsubsys__net.a(mem.c.obj)
 .text.cmd_net_nbr_rm
                0x0000000010009d18       0x1c zephyr/subsys/net/libsubsys__net.a(nbr.c.obj)
 .text.parse_arg
                0x0000000010009d34       0x68 zephyr/subsys/net/libsubsys__net.a(ping.c.obj)
 .text.ping_bypass
                0x0000000010009d9c       0x34 zephyr/subsys/net/libsubsys__net.a(ping.c.obj)
 .text.cmd_net_ping
                0x0000000010009dd0      0x224 zephyr/subsys/net/libsubsys__net.a(ping.c.obj)
 .text.ping_done
                0x0000000010009ff4       0x2c zephyr/subsys/net/libsubsys__net.a(ping.c.obj)
 .text.ping_work
                0x000000001000a020       0xa4 zephyr/subsys/net/libsubsys__net.a(ping.c.obj)
 .text.cmd_net_pkt
                0x000000001000a0c4      0x210 zephyr/subsys/net/libsubsys__net.a(pkt.c.obj)
 .text.cmd_net_ppp_status
                0x000000001000a2d4       0x34 zephyr/subsys/net/libsubsys__net.a(ppp.c.obj)
 .text.cmd_net_ppp_ping
                0x000000001000a308       0x34 zephyr/subsys/net/libsubsys__net.a(ppp.c.obj)
 .text.cmd_net_resume
                0x000000001000a33c       0x1c zephyr/subsys/net/libsubsys__net.a(resume.c.obj)
 .text.cmd_net_route
                0x000000001000a358       0x34 zephyr/subsys/net/libsubsys__net.a(route.c.obj)
 .text.cmd_net_ip6_route_del
                0x000000001000a38c       0x3c zephyr/subsys/net/libsubsys__net.a(route.c.obj)
 .text.cmd_net_ip6_route_add
                0x000000001000a3c8       0x3c zephyr/subsys/net/libsubsys__net.a(route.c.obj)
 .text.cmd_net_sockets
                0x000000001000a404      0x118 zephyr/subsys/net/libsubsys__net.a(sockets.c.obj)
 .text.walk_socket_services
                0x000000001000a51c       0xc0 zephyr/subsys/net/libsubsys__net.a(sockets.c.obj)
 .text.cmd_net_stats_all
                0x000000001000a5dc       0x34 zephyr/subsys/net/libsubsys__net.a(stats.c.obj)
                0x000000001000a5dc                cmd_net_stats_all
 .text.iface_index_get
                0x000000001000a610       0xa8 zephyr/subsys/net/libsubsys__net.a(stats.c.obj)
 .text.cmd_net_suspend
                0x000000001000a6b8       0x1c zephyr/subsys/net/libsubsys__net.a(suspend.c.obj)
 .text.cmd_net_tcp_connect
                0x000000001000a6d4       0x34 zephyr/subsys/net/libsubsys__net.a(tcp.c.obj)
 .text.cmd_net_udp_close
                0x000000001000a708       0x5c zephyr/subsys/net/libsubsys__net.a(udp.c.obj)
 .text.udp_rcvd
                0x000000001000a764       0x90 zephyr/subsys/net/libsubsys__net.a(udp.c.obj)
 .text.udp_sent
                0x000000001000a7f4       0x30 zephyr/subsys/net/libsubsys__net.a(udp.c.obj)
 .text.cmd_net_udp_send
                0x000000001000a824      0x204 zephyr/subsys/net/libsubsys__net.a(udp.c.obj)
 .text.cmd_net_udp_bind
                0x000000001000aa28      0x1a8 zephyr/subsys/net/libsubsys__net.a(udp.c.obj)
 .text.cmd_net_virtual
                0x000000001000abd0       0x34 zephyr/subsys/net/libsubsys__net.a(virtual.c.obj)
 .text.cmd_net_vlan
                0x000000001000ac04       0x34 zephyr/subsys/net/libsubsys__net.a(vlan.c.obj)
 .text.cmd_net_websocket
                0x000000001000ac38       0x34 zephyr/subsys/net/libsubsys__net.a(websocket.c.obj)
 .text.net_eth_broadcast_addr
                0x000000001000ac6c        0x8 zephyr/subsys/net/l2/ethernet/libsubsys__net__l2__ethernet.a(ethernet.c.obj)
                0x000000001000ac6c                net_eth_broadcast_addr
 .text.ethernet_send
                0x000000001000ac74      0x184 zephyr/subsys/net/l2/ethernet/libsubsys__net__l2__ethernet.a(ethernet.c.obj)
 .text.ethernet_mcast_monitor_cb
                0x000000001000adf8       0x60 zephyr/subsys/net/l2/ethernet/libsubsys__net__l2__ethernet.a(ethernet.c.obj)
 .text.ethernet_init
                0x000000001000ae58       0x58 zephyr/subsys/net/l2/ethernet/libsubsys__net__l2__ethernet.a(ethernet.c.obj)
                0x000000001000ae58                ethernet_init
 .text.arp_entry_get_last_from_table
                0x000000001000aeb0       0x28 zephyr/subsys/net/l2/ethernet/libsubsys__net__l2__ethernet.a(arp.c.obj)
 .text.arp_request_timeout
                0x000000001000aed8       0xa8 zephyr/subsys/net/l2/ethernet/libsubsys__net__l2__ethernet.a(arp.c.obj)
 .text.net_arp_prepare
                0x000000001000af80      0x250 zephyr/subsys/net/l2/ethernet/libsubsys__net__l2__ethernet.a(arp.c.obj)
                0x000000001000af80                net_arp_prepare
 .text.net_arp_update
                0x000000001000b1d0      0x178 zephyr/subsys/net/l2/ethernet/libsubsys__net__l2__ethernet.a(arp.c.obj)
                0x000000001000b1d0                net_arp_update
 .text.net_arp_clear_cache
                0x000000001000b348       0xd0 zephyr/subsys/net/l2/ethernet/libsubsys__net__l2__ethernet.a(arp.c.obj)
                0x000000001000b348                net_arp_clear_cache
 .text.net_arp_clear_pending
                0x000000001000b418       0x28 zephyr/subsys/net/l2/ethernet/libsubsys__net__l2__ethernet.a(arp.c.obj)
                0x000000001000b418                net_arp_clear_pending
 .text.net_arp_foreach
                0x000000001000b440       0x3c zephyr/subsys/net/l2/ethernet/libsubsys__net__l2__ethernet.a(arp.c.obj)
                0x000000001000b440                net_arp_foreach
 .text.net_arp_init
                0x000000001000b47c       0x74 zephyr/subsys/net/l2/ethernet/libsubsys__net__l2__ethernet.a(arp.c.obj)
                0x000000001000b47c                net_arp_init
 .text.net_ipv4_is_ll_addr
                0x000000001000b4f0       0x18 zephyr/subsys/net/ip/libsubsys__net__ip.a(net_if.c.obj)
 .text.need_calc_checksum
                0x000000001000b508       0x5c zephyr/subsys/net/ip/libsubsys__net__ip.a(net_if.c.obj)
 .text.iface_router_update_timer
                0x000000001000b564       0x7c zephyr/subsys/net/ip/libsubsys__net__ip.a(net_if.c.obj)
 .text.net_if_ipv4_get_best_match
                0x000000001000b5e0       0x94 zephyr/subsys/net/ip/libsubsys__net__ip.a(net_if.c.obj)
 .text.iface_router_expired
                0x000000001000b674       0xa8 zephyr/subsys/net/ip/libsubsys__net__ip.a(net_if.c.obj)
 .text.update_operational_state
                0x000000001000b71c       0xcc zephyr/subsys/net/ip/libsubsys__net__ip.a(net_if.c.obj)
 .text.net_if_get_default.part.0
                0x000000001000b7e8       0x20 zephyr/subsys/net/ip/libsubsys__net__ip.a(net_if.c.obj)
 .text.z_impl_net_if_get_by_index
                0x000000001000b808       0x24 zephyr/subsys/net/ip/libsubsys__net__ip.a(net_if.c.obj)
                0x000000001000b808                z_impl_net_if_get_by_index
 .text.net_if_get_default
                0x000000001000b82c       0x24 zephyr/subsys/net/ip/libsubsys__net__ip.a(net_if.c.obj)
                0x000000001000b82c                net_if_get_default
 .text.net_if_mcast_mon_register
                0x000000001000b850       0x44 zephyr/subsys/net/ip/libsubsys__net__ip.a(net_if.c.obj)
                0x000000001000b850                net_if_mcast_mon_register
 .text.net_if_mcast_monitor
                0x000000001000b894       0x54 zephyr/subsys/net/ip/libsubsys__net__ip.a(net_if.c.obj)
                0x000000001000b894                net_if_mcast_monitor
 .text.net_if_config_ipv4_get
                0x000000001000b8e8       0x68 zephyr/subsys/net/ip/libsubsys__net__ip.a(net_if.c.obj)
                0x000000001000b8e8                net_if_config_ipv4_get
 .text.net_if_ipv4_is_addr_bcast
                0x000000001000b950       0x30 zephyr/subsys/net/ip/libsubsys__net__ip.a(net_if.c.obj)
                0x000000001000b950                net_if_ipv4_is_addr_bcast
 .text.net_if_ipv4_select_src_iface
                0x000000001000b980       0x30 zephyr/subsys/net/ip/libsubsys__net__ip.a(net_if.c.obj)
                0x000000001000b980                net_if_ipv4_select_src_iface
 .text.net_if_ipv4_select_src_addr
                0x000000001000b9b0       0xa8 zephyr/subsys/net/ip/libsubsys__net__ip.a(net_if.c.obj)
                0x000000001000b9b0                net_if_ipv4_select_src_addr
 .text.net_if_ipv4_addr_lookup
                0x000000001000ba58       0x54 zephyr/subsys/net/ip/libsubsys__net__ip.a(net_if.c.obj)
                0x000000001000ba58                net_if_ipv4_addr_lookup
 .text.net_if_ipv4_addr_add
                0x000000001000baac       0x9c zephyr/subsys/net/ip/libsubsys__net__ip.a(net_if.c.obj)
                0x000000001000baac                net_if_ipv4_addr_add
 .text.net_if_ipv4_maddr_add
                0x000000001000bb48       0x80 zephyr/subsys/net/ip/libsubsys__net__ip.a(net_if.c.obj)
                0x000000001000bb48                net_if_ipv4_maddr_add
 .text.net_if_ipv4_maddr_rm
                0x000000001000bbc8       0x7c zephyr/subsys/net/ip/libsubsys__net__ip.a(net_if.c.obj)
                0x000000001000bbc8                net_if_ipv4_maddr_rm
 .text.net_if_ipv4_maddr_lookup
                0x000000001000bc44       0x88 zephyr/subsys/net/ip/libsubsys__net__ip.a(net_if.c.obj)
                0x000000001000bc44                net_if_ipv4_maddr_lookup
 .text.net_if_addr_unref
                0x000000001000bccc       0x88 zephyr/subsys/net/ip/libsubsys__net__ip.a(net_if.c.obj)
                0x000000001000bccc                net_if_addr_unref
 .text.net_if_call_link_cb
                0x000000001000bd54       0x4c zephyr/subsys/net/ip/libsubsys__net__ip.a(net_if.c.obj)
                0x000000001000bd54                net_if_call_link_cb
 .text.net_if_tx.isra.0
                0x000000001000bda0       0xf4 zephyr/subsys/net/ip/libsubsys__net__ip.a(net_if.c.obj)
 .text.net_if_send_data
                0x000000001000be94       0xa4 zephyr/subsys/net/ip/libsubsys__net__ip.a(net_if.c.obj)
                0x000000001000be94                net_if_send_data
 .text.net_if_get_by_iface
                0x000000001000bf38       0x2c zephyr/subsys/net/ip/libsubsys__net__ip.a(net_if.c.obj)
                0x000000001000bf38                net_if_get_by_iface
 .text.net_if_foreach
                0x000000001000bf64       0x24 zephyr/subsys/net/ip/libsubsys__net__ip.a(net_if.c.obj)
                0x000000001000bf64                net_if_foreach
 .text.net_if_up
                0x000000001000bf88       0x84 zephyr/subsys/net/ip/libsubsys__net__ip.a(net_if.c.obj)
                0x000000001000bf88                net_if_up
 .text.net_if_down
                0x000000001000c00c       0x90 zephyr/subsys/net/ip/libsubsys__net__ip.a(net_if.c.obj)
                0x000000001000c00c                net_if_down
 .text.net_if_is_wifi
                0x000000001000c09c       0x24 zephyr/subsys/net/ip/libsubsys__net__ip.a(net_if.c.obj)
                0x000000001000c09c                net_if_is_wifi
 .text.net_if_set_name
                0x000000001000c0c0       0x64 zephyr/subsys/net/ip/libsubsys__net__ip.a(net_if.c.obj)
                0x000000001000c0c0                net_if_set_name
 .text.net_if_get_by_name
                0x000000001000c124       0x44 zephyr/subsys/net/ip/libsubsys__net__ip.a(net_if.c.obj)
                0x000000001000c124                net_if_get_by_name
 .text.net_if_init
                0x000000001000c168      0x1f8 zephyr/subsys/net/ip/libsubsys__net__ip.a(net_if.c.obj)
                0x000000001000c168                net_if_init
 .text.net_if_post_init
                0x000000001000c360       0x28 zephyr/subsys/net/ip/libsubsys__net__ip.a(net_if.c.obj)
                0x000000001000c360                net_if_post_init
 .text.net_sprint_ll_addr_buf
                0x000000001000c388       0x58 zephyr/subsys/net/ip/libsubsys__net__ip.a(utils.c.obj)
                0x000000001000c388                net_sprint_ll_addr_buf
 .text.z_impl_net_addr_ntop
                0x000000001000c3e0      0x210 zephyr/subsys/net/ip/libsubsys__net__ip.a(utils.c.obj)
                0x000000001000c3e0                z_impl_net_addr_ntop
 .text.net_sprint_addr
                0x000000001000c5f0       0x2c zephyr/subsys/net/ip/libsubsys__net__ip.a(utils.c.obj)
                0x000000001000c5f0                net_sprint_addr
 .text.z_impl_net_addr_pton
                0x000000001000c61c      0x190 zephyr/subsys/net/ip/libsubsys__net__ip.a(utils.c.obj)
                0x000000001000c61c                z_impl_net_addr_pton
 .text.net_ipv4_unspecified_address
                0x000000001000c7ac        0x8 zephyr/subsys/net/ip/libsubsys__net__ip.a(utils.c.obj)
                0x000000001000c7ac                net_ipv4_unspecified_address
 .text.net_ipv4_broadcast_address
                0x000000001000c7b4        0x8 zephyr/subsys/net/ip/libsubsys__net__ip.a(utils.c.obj)
                0x000000001000c7b4                net_ipv4_broadcast_address
 .text.mgmt_event_work_handler
                0x000000001000c7bc      0x11c zephyr/subsys/net/ip/libsubsys__net__ip.a(net_mgmt.c.obj)
 .text.sys_slist_find_and_remove.constprop.0.isra.0
                0x000000001000c8d8       0x38 zephyr/subsys/net/ip/libsubsys__net__ip.a(net_mgmt.c.obj)
 .text.mgmt_rebuild_global_event_mask
                0x000000001000c910       0x5c zephyr/subsys/net/ip/libsubsys__net__ip.a(net_mgmt.c.obj)
 .text.net_mgmt_add_event_callback
                0x000000001000c96c       0x48 zephyr/subsys/net/ip/libsubsys__net__ip.a(net_mgmt.c.obj)
                0x000000001000c96c                net_mgmt_add_event_callback
 .text.net_mgmt_event_notify_with_info
                0x000000001000c9b4       0x94 zephyr/subsys/net/ip/libsubsys__net__ip.a(net_mgmt.c.obj)
                0x000000001000c9b4                net_mgmt_event_notify_with_info
 .text.net_mgmt_event_init
                0x000000001000ca48       0x3c zephyr/subsys/net/ip/libsubsys__net__ip.a(net_mgmt.c.obj)
                0x000000001000ca48                net_mgmt_event_init
 .text.net_context_packet_received
                0x000000001000ca84       0xb0 zephyr/subsys/net/ip/libsubsys__net__ip.a(net_context.c.obj)
                0x000000001000ca84                net_context_packet_received
 .text.check_used_port
                0x000000001000cb34       0xc8 zephyr/subsys/net/ip/libsubsys__net__ip.a(net_context.c.obj)
 .text.find_available_port
                0x000000001000cbfc       0x40 zephyr/subsys/net/ip/libsubsys__net__ip.a(net_context.c.obj)
 .text.net_context_get
                0x000000001000cc3c      0x160 zephyr/subsys/net/ip/libsubsys__net__ip.a(net_context.c.obj)
                0x000000001000cc3c                net_context_get
 .text.net_context_put
                0x000000001000cd9c       0x48 zephyr/subsys/net/ip/libsubsys__net__ip.a(net_context.c.obj)
                0x000000001000cd9c                net_context_put
 .text.net_context_bind
                0x000000001000cde4      0x160 zephyr/subsys/net/ip/libsubsys__net__ip.a(net_context.c.obj)
                0x000000001000cde4                net_context_bind
 .text.context_sendto.constprop.0
                0x000000001000cf44      0x210 zephyr/subsys/net/ip/libsubsys__net__ip.a(net_context.c.obj)
 .text.net_context_recv
                0x000000001000d154      0x130 zephyr/subsys/net/ip/libsubsys__net__ip.a(net_context.c.obj)
                0x000000001000d154                net_context_recv
 .text.net_context_set_option
                0x000000001000d284       0xb4 zephyr/subsys/net/ip/libsubsys__net__ip.a(net_context.c.obj)
                0x000000001000d284                net_context_set_option
 .text.net_context_get_option
                0x000000001000d338       0xac zephyr/subsys/net/ip/libsubsys__net__ip.a(net_context.c.obj)
                0x000000001000d338                net_context_get_option
 .text.net_context_foreach
                0x000000001000d3e4       0x5c zephyr/subsys/net/ip/libsubsys__net__ip.a(net_context.c.obj)
                0x000000001000d3e4                net_context_foreach
 .text.net_context_init
                0x000000001000d440       0x10 zephyr/subsys/net/ip/libsubsys__net__ip.a(net_context.c.obj)
                0x000000001000d440                net_context_init
 .text.net_pkt_get_reserve_data
                0x000000001000d450       0x48 zephyr/subsys/net/ip/libsubsys__net__ip.a(net_pkt.c.obj)
                0x000000001000d450                net_pkt_get_reserve_data
 .text.net_pkt_get_reserve_rx_data
                0x000000001000d498        0xc zephyr/subsys/net/ip/libsubsys__net__ip.a(net_pkt.c.obj)
                0x000000001000d498                net_pkt_get_reserve_rx_data
 .text.net_pkt_get_reserve_tx_data
                0x000000001000d4a4        0xc zephyr/subsys/net/ip/libsubsys__net__ip.a(net_pkt.c.obj)
                0x000000001000d4a4                net_pkt_get_reserve_tx_data
 .text.net_pkt_get_frag
                0x000000001000d4b0       0x20 zephyr/subsys/net/ip/libsubsys__net__ip.a(net_pkt.c.obj)
                0x000000001000d4b0                net_pkt_get_frag
 .text.net_pkt_get_info
                0x000000001000d4d0       0x2c zephyr/subsys/net/ip/libsubsys__net__ip.a(net_pkt.c.obj)
                0x000000001000d4d0                net_pkt_get_info
 .text.pkt_alloc
                0x000000001000d4fc       0x50 zephyr/subsys/net/ip/libsubsys__net__ip.a(net_pkt.c.obj)
 .text.net_pkt_rx_alloc
                0x000000001000d54c       0x10 zephyr/subsys/net/ip/libsubsys__net__ip.a(net_pkt.c.obj)
                0x000000001000d54c                net_pkt_rx_alloc
 .text.net_pkt_alloc_buffer
                0x000000001000d55c       0xfc zephyr/subsys/net/ip/libsubsys__net__ip.a(net_pkt.c.obj)
                0x000000001000d55c                net_pkt_alloc_buffer
 .text.net_pkt_alloc_with_buffer
                0x000000001000d658       0x24 zephyr/subsys/net/ip/libsubsys__net__ip.a(net_pkt.c.obj)
                0x000000001000d658                net_pkt_alloc_with_buffer
 .text.net_pkt_get_data
                0x000000001000d67c       0x58 zephyr/subsys/net/ip/libsubsys__net__ip.a(net_pkt.c.obj)
                0x000000001000d67c                net_pkt_get_data
 .text.net_tc_submit_to_rx_queue
                0x000000001000d6d4       0x10 zephyr/subsys/net/ip/libsubsys__net__ip.a(net_tc.c.obj)
                0x000000001000d6d4                net_tc_submit_to_rx_queue
 .text.net_rx_priority2tc
                0x000000001000d6e4       0x10 zephyr/subsys/net/ip/libsubsys__net__ip.a(net_tc.c.obj)
                0x000000001000d6e4                net_rx_priority2tc
 .text.net_tc_rx_init
                0x000000001000d6f4       0x90 zephyr/subsys/net/ip/libsubsys__net__ip.a(net_tc.c.obj)
                0x000000001000d6f4                net_tc_rx_init
 .text.icmp_call_handlers
                0x000000001000d784       0x6c zephyr/subsys/net/ip/libsubsys__net__ip.a(icmp.c.obj)
 .text.net_icmp_init_ctx
                0x000000001000d7f0       0x50 zephyr/subsys/net/ip/libsubsys__net__ip.a(icmp.c.obj)
                0x000000001000d7f0                net_icmp_init_ctx
 .text.net_icmp_cleanup_ctx
                0x000000001000d840       0x68 zephyr/subsys/net/ip/libsubsys__net__ip.a(icmp.c.obj)
                0x000000001000d840                net_icmp_cleanup_ctx
 .text.net_icmp_send_echo_request
                0x000000001000d8a8      0x1d8 zephyr/subsys/net/ip/libsubsys__net__ip.a(icmp.c.obj)
                0x000000001000d8a8                net_icmp_send_echo_request
 .text.k_mutex_lock.constprop.0.isra.0
                0x000000001000da80       0x10 zephyr/subsys/net/ip/libsubsys__net__ip.a(connection.c.obj)
 .text.k_mutex_unlock.constprop.0.isra.0
                0x000000001000da90        0xc zephyr/subsys/net/ip/libsubsys__net__ip.a(connection.c.obj)
 .text.net_conn_change_remote
                0x000000001000da9c       0x70 zephyr/subsys/net/ip/libsubsys__net__ip.a(connection.c.obj)
 .text.conn_set_unused
                0x000000001000db0c       0x34 zephyr/subsys/net/ip/libsubsys__net__ip.a(connection.c.obj)
 .text.net_conn_register
                0x000000001000db40      0x2bc zephyr/subsys/net/ip/libsubsys__net__ip.a(connection.c.obj)
                0x000000001000db40                net_conn_register
 .text.net_conn_unregister
                0x000000001000ddfc       0x78 zephyr/subsys/net/ip/libsubsys__net__ip.a(connection.c.obj)
                0x000000001000ddfc                net_conn_unregister
 .text.net_conn_update
                0x000000001000de74       0x3c zephyr/subsys/net/ip/libsubsys__net__ip.a(connection.c.obj)
                0x000000001000de74                net_conn_update
 .text.net_conn_input
                0x000000001000deb0      0x224 zephyr/subsys/net/ip/libsubsys__net__ip.a(connection.c.obj)
                0x000000001000deb0                net_conn_input
 .text.net_conn_init
                0x000000001000e0d4       0x40 zephyr/subsys/net/ip/libsubsys__net__ip.a(connection.c.obj)
                0x000000001000e0d4                net_conn_init
 .text.icmpv4_handle_echo_request
                0x000000001000e114      0x13c zephyr/subsys/net/ip/libsubsys__net__ip.a(icmpv4.c.obj)
 .text.net_icmpv4_input
                0x000000001000e250       0x80 zephyr/subsys/net/ip/libsubsys__net__ip.a(icmpv4.c.obj)
                0x000000001000e250                net_icmpv4_input
 .text.net_icmpv4_init
                0x000000001000e2d0       0x60 zephyr/subsys/net/ip/libsubsys__net__ip.a(icmpv4.c.obj)
                0x000000001000e2d0                net_icmpv4_init
 .text.igmp_send_generic
                0x000000001000e330       0x68 zephyr/subsys/net/ip/libsubsys__net__ip.a(igmp.c.obj)
 .text.net_ipv4_igmp_input
                0x000000001000e398      0x118 zephyr/subsys/net/ip/libsubsys__net__ip.a(igmp.c.obj)
                0x000000001000e398                net_ipv4_igmp_input
 .text.net_ipv4_igmp_join
                0x000000001000e4b0       0x70 zephyr/subsys/net/ip/libsubsys__net__ip.a(igmp.c.obj)
                0x000000001000e4b0                net_ipv4_igmp_join
 .text.net_ipv4_igmp_leave
                0x000000001000e520       0x60 zephyr/subsys/net/ip/libsubsys__net__ip.a(igmp.c.obj)
                0x000000001000e520                net_ipv4_igmp_leave
 .text.net_ipv4_igmp_init
                0x000000001000e580       0x40 zephyr/subsys/net/ip/libsubsys__net__ip.a(igmp.c.obj)
                0x000000001000e580                net_ipv4_igmp_init
 .text.net_udp_finalize
                0x000000001000e5c0       0x90 zephyr/subsys/net/ip/libsubsys__net__ip.a(udp.c.obj)
                0x000000001000e5c0                net_udp_finalize
 .text.net_udp_input
                0x000000001000e650       0x8c zephyr/subsys/net/ip/libsubsys__net__ip.a(udp.c.obj)
                0x000000001000e650                net_udp_input
 .text.dhcpv4_set_timeout
                0x000000001000e6dc       0x24 zephyr/subsys/net/lib/dhcpv4/libsubsys__net__lib__dhcpv4.a(dhcpv4.c.obj)
 .text.dhcpv4_enter_bound
                0x000000001000e700       0x68 zephyr/subsys/net/lib/dhcpv4/libsubsys__net__lib__dhcpv4.a(dhcpv4.c.obj)
 .text.dhcpv4_option_callback_get_unique_types
                0x000000001000e768       0x78 zephyr/subsys/net/lib/dhcpv4/libsubsys__net__lib__dhcpv4.a(dhcpv4.c.obj)
 .text.k_mutex_lock.constprop.0.isra.0
                0x000000001000e7e0       0x10 zephyr/subsys/net/lib/dhcpv4/libsubsys__net__lib__dhcpv4.a(dhcpv4.c.obj)
 .text.k_mutex_unlock.constprop.0.isra.0
                0x000000001000e7f0        0xc zephyr/subsys/net/lib/dhcpv4/libsubsys__net__lib__dhcpv4.a(dhcpv4.c.obj)
 .text.dhcpv4_iface_event_handler
                0x000000001000e7fc       0x80 zephyr/subsys/net/lib/dhcpv4/libsubsys__net__lib__dhcpv4.a(dhcpv4.c.obj)
 .text.dhcpv4_start_internal
                0x000000001000e87c       0x88 zephyr/subsys/net/lib/dhcpv4/libsubsys__net__lib__dhcpv4.a(dhcpv4.c.obj)
 .text.dhcpv4_create_message
                0x000000001000e904      0x1a0 zephyr/subsys/net/lib/dhcpv4/libsubsys__net__lib__dhcpv4.a(dhcpv4.c.obj)
 .text.net_dhcpv4_input
                0x000000001000eaa4      0x4dc zephyr/subsys/net/lib/dhcpv4/libsubsys__net__lib__dhcpv4.a(dhcpv4.c.obj)
 .text.dhcpv4_timeout
                0x000000001000ef80      0x20c zephyr/subsys/net/lib/dhcpv4/libsubsys__net__lib__dhcpv4.a(dhcpv4.c.obj)
 .text.net_dhcpv4_state_name
                0x000000001000f18c        0xc zephyr/subsys/net/lib/dhcpv4/libsubsys__net__lib__dhcpv4.a(dhcpv4.c.obj)
                0x000000001000f18c                net_dhcpv4_state_name
 .text.net_dhcpv4_add_option_callback
                0x000000001000f198       0x40 zephyr/subsys/net/lib/dhcpv4/libsubsys__net__lib__dhcpv4.a(dhcpv4.c.obj)
                0x000000001000f198                net_dhcpv4_add_option_callback
 .text.net_dhcpv4_init
                0x000000001000f1d8       0x60 zephyr/subsys/net/lib/dhcpv4/libsubsys__net__lib__dhcpv4.a(dhcpv4.c.obj)
                0x000000001000f1d8                net_dhcpv4_init
 .text.dns_dispatcher_svc_handler
                0x000000001000f238      0x1b0 zephyr/subsys/net/lib/dns/libsubsys__net__lib__dns.a(dispatcher.c.obj)
                0x000000001000f238                dns_dispatcher_svc_handler
 .text.dns_dispatcher_register
                0x000000001000f3e8       0xec zephyr/subsys/net/lib/dns/libsubsys__net__lib__dns.a(dispatcher.c.obj)
                0x000000001000f3e8                dns_dispatcher_register
 .text.dns_dispatcher_unregister
                0x000000001000f4d4       0x54 zephyr/subsys/net/lib/dns/libsubsys__net__lib__dns.a(dispatcher.c.obj)
                0x000000001000f4d4                dns_dispatcher_unregister
 .text.dns_dispatcher_init
                0x000000001000f528       0x10 zephyr/subsys/net/lib/dns/libsubsys__net__lib__dns.a(dispatcher.c.obj)
                0x000000001000f528                dns_dispatcher_init
 .text.dns_resolve_close_locked
                0x000000001000f538       0x9c zephyr/subsys/net/lib/dns/libsubsys__net__lib__dns.a(resolve.c.obj)
 .text.dns_resolve_init_locked
                0x000000001000f5d4      0x174 zephyr/subsys/net/lib/dns/libsubsys__net__lib__dns.a(resolve.c.obj)
 .text.dns_resolve_cancel_with_name
                0x000000001000f748       0xa8 zephyr/subsys/net/lib/dns/libsubsys__net__lib__dns.a(resolve.c.obj)
                0x000000001000f748                dns_resolve_cancel_with_name
 .text.dispatcher_cb
                0x000000001000f7f0      0x2ec zephyr/subsys/net/lib/dns/libsubsys__net__lib__dns.a(resolve.c.obj)
 .text.dns_resolve_name
                0x000000001000fadc      0x210 zephyr/subsys/net/lib/dns/libsubsys__net__lib__dns.a(resolve.c.obj)
                0x000000001000fadc                dns_resolve_name
 .text.dns_resolve_get_default
                0x000000001000fcec        0x8 zephyr/subsys/net/lib/dns/libsubsys__net__lib__dns.a(resolve.c.obj)
                0x000000001000fcec                dns_resolve_get_default
 .text.dns_resolve_init_default
                0x000000001000fcf4       0x14 zephyr/subsys/net/lib/dns/libsubsys__net__lib__dns.a(resolve.c.obj)
                0x000000001000fcf4                dns_resolve_init_default
 .text.dns_init_resolver
                0x000000001000fd08        0xc zephyr/subsys/net/lib/dns/libsubsys__net__lib__dns.a(resolve.c.obj)
                0x000000001000fd08                dns_init_resolver
 .text.uart_console_init
                0x000000001000fd14       0x28 zephyr/drivers/console/libdrivers__console.a(uart_console.c.obj)
 .text.console_out
                0x000000001000fd3c       0x28 zephyr/drivers/console/libdrivers__console.a(uart_console.c.obj)
 .text.monitor_work_handler
                0x000000001000fd64      0x1ec zephyr/drivers/ethernet/libdrivers__ethernet.a(phy_mii.c.obj)
 .text.phy_mii_initialize
                0x000000001000ff50      0x150 zephyr/drivers/ethernet/libdrivers__ethernet.a(phy_mii.c.obj)
 .text.rx_queue_init
                0x00000000100100a0       0x3c zephyr/drivers/ethernet/libdrivers__ethernet.a(eth_nxp_enet_qos_mac.c.obj)
 .text.eth_nxp_enet_qos_mac_isr
                0x00000000100100dc       0x60 zephyr/drivers/ethernet/libdrivers__ethernet.a(eth_nxp_enet_qos_mac.c.obj)
 .text.eth_nxp_enet_qos_phy_cb
                0x000000001001013c       0x70 zephyr/drivers/ethernet/libdrivers__ethernet.a(eth_nxp_enet_qos_mac.c.obj)
 .text.eth_nxp_enet_qos_tx
                0x00000000100101ac      0x11c zephyr/drivers/ethernet/libdrivers__ethernet.a(eth_nxp_enet_qos_mac.c.obj)
 .text.eth_nxp_enet_qos_rx
                0x00000000100102c8       0xbc zephyr/drivers/ethernet/libdrivers__ethernet.a(eth_nxp_enet_qos_mac.c.obj)
 .text.eth_nxp_enet_qos_mac_init
                0x0000000010010384      0x220 zephyr/drivers/ethernet/libdrivers__ethernet.a(eth_nxp_enet_qos_mac.c.obj)
 .text.nxp_enet_qos_mdio_init
                0x00000000100105a4       0xa0 zephyr/drivers/mdio/libdrivers__mdio.a(mdio_nxp_enet_qos.c.obj)
 .text.do_transaction
                0x0000000010010644       0xa4 zephyr/drivers/mdio/libdrivers__mdio.a(mdio_nxp_enet_qos.c.obj)
 .text.pinctrl_mcux_init
                0x00000000100106e8       0x58 zephyr/drivers/pinctrl/libdrivers__pinctrl.a(pinctrl_kinetis.c.obj)
 .text.pinctrl_configure_pins
                0x0000000010010740       0x40 zephyr/drivers/pinctrl/libdrivers__pinctrl.a(pinctrl_kinetis.c.obj)
                0x0000000010010740                pinctrl_configure_pins
 .text.mcux_lpuart_init
                0x0000000010010780       0x54 zephyr/drivers/serial/libdrivers__serial.a(uart_mcux_lpuart.c.obj)
 .text.elapsed  0x00000000100107d4       0x4c zephyr/drivers/timer/libdrivers__timer.a(cortex_m_systick.c.obj)
 .text.sys_clock_driver_init
                0x0000000010010820       0x38 zephyr/drivers/timer/libdrivers__timer.a(cortex_m_systick.c.obj)
 .text.sys_clock_isr
                0x0000000010010858       0x54 zephyr/drivers/timer/libdrivers__timer.a(cortex_m_systick.c.obj)
                0x0000000010010858                sys_clock_isr
 .text.sys_clock_set_timeout
                0x00000000100108ac       0xfc zephyr/drivers/timer/libdrivers__timer.a(cortex_m_systick.c.obj)
                0x00000000100108ac                sys_clock_set_timeout
 .text.sys_clock_elapsed
                0x00000000100109a8       0x3c zephyr/drivers/timer/libdrivers__timer.a(cortex_m_systick.c.obj)
                0x00000000100109a8                sys_clock_elapsed
 .text.sys_clock_cycle_get_32
                0x00000000100109e4       0x28 zephyr/drivers/timer/libdrivers__timer.a(cortex_m_systick.c.obj)
                0x00000000100109e4                sys_clock_cycle_get_32
 .text.CLOCK_GetFro12MFreq
                0x0000000010010a0c       0x1c modules/hal_nxp/hal_nxp/lib..__modules__hal__nxp.a(fsl_clock.c.obj)
 .text.CLOCK_GetClk48MFreq
                0x0000000010010a28       0x1c modules/hal_nxp/hal_nxp/lib..__modules__hal__nxp.a(fsl_clock.c.obj)
 .text.CLOCK_GetClk16KFreq
                0x0000000010010a44       0x20 modules/hal_nxp/hal_nxp/lib..__modules__hal__nxp.a(fsl_clock.c.obj)
 .text.CLOCK_GetExtClkFreq
                0x0000000010010a64       0x1c modules/hal_nxp/hal_nxp/lib..__modules__hal__nxp.a(fsl_clock.c.obj)
 .text.CLOCK_GetFroHfFreq
                0x0000000010010a80       0x2c modules/hal_nxp/hal_nxp/lib..__modules__hal__nxp.a(fsl_clock.c.obj)
 .text.CLOCK_GetOsc32KFreq
                0x0000000010010aac       0x28 modules/hal_nxp/hal_nxp/lib..__modules__hal__nxp.a(fsl_clock.c.obj)
 .text.CLOCK_GetLposcFreq
                0x0000000010010ad4       0x18 modules/hal_nxp/hal_nxp/lib..__modules__hal__nxp.a(fsl_clock.c.obj)
 .text.CLOCK_SetupFROHFClocking
                0x0000000010010aec       0x68 modules/hal_nxp/hal_nxp/lib..__modules__hal__nxp.a(fsl_clock.c.obj)
                0x0000000010010aec                CLOCK_SetupFROHFClocking
 .text.CLOCK_SetupExtClocking
                0x0000000010010b54       0xec modules/hal_nxp/hal_nxp/lib..__modules__hal__nxp.a(fsl_clock.c.obj)
                0x0000000010010b54                CLOCK_SetupExtClocking
 .text.CLOCK_SetupClk16KClocking
                0x0000000010010c40       0x48 modules/hal_nxp/hal_nxp/lib..__modules__hal__nxp.a(fsl_clock.c.obj)
                0x0000000010010c40                CLOCK_SetupClk16KClocking
 .text.CLOCK_SetPll0MonitorMode
                0x0000000010010c88       0x18 modules/hal_nxp/hal_nxp/lib..__modules__hal__nxp.a(fsl_clock.c.obj)
                0x0000000010010c88                CLOCK_SetPll0MonitorMode
 .text.CLOCK_SetPll1MonitorMode
                0x0000000010010ca0       0x18 modules/hal_nxp/hal_nxp/lib..__modules__hal__nxp.a(fsl_clock.c.obj)
                0x0000000010010ca0                CLOCK_SetPll1MonitorMode
 .text.CLOCK_AttachClk
                0x0000000010010cb8       0x60 modules/hal_nxp/hal_nxp/lib..__modules__hal__nxp.a(fsl_clock.c.obj)
                0x0000000010010cb8                CLOCK_AttachClk
 .text.CLOCK_GetPLL0InClockRate
                0x0000000010010d18       0x2c modules/hal_nxp/hal_nxp/lib..__modules__hal__nxp.a(fsl_clock.c.obj)
                0x0000000010010d18                CLOCK_GetPLL0InClockRate
 .text.CLOCK_GetPll0OutFreq
                0x0000000010010d44       0xd8 modules/hal_nxp/hal_nxp/lib..__modules__hal__nxp.a(fsl_clock.c.obj)
                0x0000000010010d44                CLOCK_GetPll0OutFreq
 .text.CLOCK_GetPLL1InClockRate
                0x0000000010010e1c       0x2c modules/hal_nxp/hal_nxp/lib..__modules__hal__nxp.a(fsl_clock.c.obj)
                0x0000000010010e1c                CLOCK_GetPLL1InClockRate
 .text.CLOCK_GetPll1OutFreq
                0x0000000010010e48       0xd8 modules/hal_nxp/hal_nxp/lib..__modules__hal__nxp.a(fsl_clock.c.obj)
                0x0000000010010e48                CLOCK_GetPll1OutFreq
 .text.CLOCK_GetLPFlexCommClkFreq
                0x0000000010010f20       0x5c modules/hal_nxp/hal_nxp/lib..__modules__hal__nxp.a(fsl_clock.c.obj)
                0x0000000010010f20                CLOCK_GetLPFlexCommClkFreq
 .text.CLOCK_SetPLL0Freq
                0x0000000010010f7c       0xc4 modules/hal_nxp/hal_nxp/lib..__modules__hal__nxp.a(fsl_clock.c.obj)
                0x0000000010010f7c                CLOCK_SetPLL0Freq
 .text.CLOCK_SetPLL1Freq
                0x0000000010011040       0xc4 modules/hal_nxp/hal_nxp/lib..__modules__hal__nxp.a(fsl_clock.c.obj)
                0x0000000010011040                CLOCK_SetPLL1Freq
 .text.CLOCK_GetMainClkFreq
                0x0000000010011104       0x3c modules/hal_nxp/hal_nxp/lib..__modules__hal__nxp.a(fsl_clock.c.obj)
                0x0000000010011104                CLOCK_GetMainClkFreq
 .text.CLOCK_GetSystickClkFreq
                0x0000000010011140       0x4c modules/hal_nxp/hal_nxp/lib..__modules__hal__nxp.a(fsl_clock.c.obj)
 .text.CLOCK_GetFreq
                0x000000001001118c      0x12c modules/hal_nxp/hal_nxp/lib..__modules__hal__nxp.a(fsl_clock.c.obj)
                0x000000001001118c                CLOCK_GetFreq
 .text.SystemInit
                0x00000000100112b8       0xd0 modules/hal_nxp/hal_nxp/lib..__modules__hal__nxp.a(system_MCXN947_cm33_core0.c.obj)
                0x00000000100112b8                SystemInit
 .text.LP_FLEXCOMM_GetInterruptStatus
                0x0000000010011388       0x10 modules/hal_nxp/hal_nxp/lib..__modules__hal__nxp.a(fsl_lpflexcomm.c.obj)
                0x0000000010011388                LP_FLEXCOMM_GetInterruptStatus
 .text.LP_FLEXCOMM_GetInstance
                0x0000000010011398       0x1c modules/hal_nxp/hal_nxp/lib..__modules__hal__nxp.a(fsl_lpflexcomm.c.obj)
                0x0000000010011398                LP_FLEXCOMM_GetInstance
 .text.LP_FLEXCOMM_Init
                0x00000000100113b4       0xa0 modules/hal_nxp/hal_nxp/lib..__modules__hal__nxp.a(fsl_lpflexcomm.c.obj)
                0x00000000100113b4                LP_FLEXCOMM_Init
 .text.LPUART_Init
                0x0000000010011454      0x1f0 modules/hal_nxp/hal_nxp/lib..__modules__hal__nxp.a(fsl_lpuart.c.obj)
                0x0000000010011454                LPUART_Init
 .text.LPUART_EnableInterrupts
                0x0000000010011644       0x58 modules/hal_nxp/hal_nxp/lib..__modules__hal__nxp.a(fsl_lpuart.c.obj)
                0x0000000010011644                LPUART_EnableInterrupts
 .text.LPUART_DisableInterrupts
                0x000000001001169c       0x60 modules/hal_nxp/hal_nxp/lib..__modules__hal__nxp.a(fsl_lpuart.c.obj)
                0x000000001001169c                LPUART_DisableInterrupts
 .text.LPUART_GetStatusFlags
                0x00000000100116fc       0x34 modules/hal_nxp/hal_nxp/lib..__modules__hal__nxp.a(fsl_lpuart.c.obj)
                0x00000000100116fc                LPUART_GetStatusFlags
 .text.LPUART_ClearStatusFlags
                0x0000000010011730       0x44 modules/hal_nxp/hal_nxp/lib..__modules__hal__nxp.a(fsl_lpuart.c.obj)
                0x0000000010011730                LPUART_ClearStatusFlags
 .text.z_device_get_all_static
                0x0000000010011774       0x18 zephyr/kernel/libkernel.a(device.c.obj)
                0x0000000010011774                z_device_get_all_static
 .text.k_sys_fatal_error_handler
                0x000000001001178c       0x28 zephyr/kernel/libkernel.a(fatal.c.obj)
                0x000000001001178c                k_sys_fatal_error_handler
 .text.z_fatal_error
                0x00000000100117b4      0x110 zephyr/kernel/libkernel.a(fatal.c.obj)
                0x00000000100117b4                z_fatal_error
 .text.z_sys_init_run_level
                0x00000000100118c4       0x2c zephyr/kernel/libkernel.a(init.c.obj)
 .text.bg_thread_main
                0x00000000100118f0       0xc4 zephyr/kernel/libkernel.a(init.c.obj)
 .text.z_bss_zero
                0x00000000100119b4       0x18 zephyr/kernel/libkernel.a(init.c.obj)
                0x00000000100119b4                z_bss_zero
 .text.z_init_cpu
                0x00000000100119cc       0x70 zephyr/kernel/libkernel.a(init.c.obj)
                0x00000000100119cc                z_init_cpu
 .text.z_cstart
                0x0000000010011a3c       0xf8 zephyr/kernel/libkernel.a(init.c.obj)
                0x0000000010011a3c                z_cstart
 .text.statics_init
                0x0000000010011b34       0x24 zephyr/kernel/libkernel.a(kheap.c.obj)
 .text.init_mem_slab_obj_core_list
                0x0000000010011b58       0x24 zephyr/kernel/libkernel.a(mem_slab.c.obj)
 .text.k_mem_slab_alloc
                0x0000000010011b7c       0x5c zephyr/kernel/libkernel.a(mem_slab.c.obj)
                0x0000000010011b7c                k_mem_slab_alloc
 .text.z_impl_k_msgq_put
                0x0000000010011bd8       0xb0 zephyr/kernel/libkernel.a(msg_q.c.obj)
                0x0000000010011bd8                z_impl_k_msgq_put
 .text.z_impl_k_msgq_get
                0x0000000010011c88       0xb4 zephyr/kernel/libkernel.a(msg_q.c.obj)
                0x0000000010011c88                z_impl_k_msgq_get
 .text.z_impl_k_mutex_lock
                0x0000000010011d3c       0xf0 zephyr/kernel/libkernel.a(mutex.c.obj)
                0x0000000010011d3c                z_impl_k_mutex_lock
 .text.z_impl_k_mutex_unlock
                0x0000000010011e2c       0x78 zephyr/kernel/libkernel.a(mutex.c.obj)
                0x0000000010011e2c                z_impl_k_mutex_unlock
 .text.z_impl_k_queue_get
                0x0000000010011ea4       0x64 zephyr/kernel/libkernel.a(queue.c.obj)
                0x0000000010011ea4                z_impl_k_queue_get
 .text.z_impl_k_sem_give
                0x0000000010011f08       0x4c zephyr/kernel/libkernel.a(sem.c.obj)
                0x0000000010011f08                z_impl_k_sem_give
 .text.z_impl_k_sem_take
                0x0000000010011f54       0x4c zephyr/kernel/libkernel.a(sem.c.obj)
                0x0000000010011f54                z_impl_k_sem_take
 .text.z_impl_k_sem_reset
                0x0000000010011fa0       0x44 zephyr/kernel/libkernel.a(sem.c.obj)
                0x0000000010011fa0                z_impl_k_sem_reset
 .text.k_sys_work_q_init
                0x0000000010011fe4       0x34 zephyr/kernel/libkernel.a(system_work_q.c.obj)
 .text.work_queue_main
                0x0000000010012018      0x144 zephyr/kernel/libkernel.a(work.c.obj)
 .text.submit_to_queue_locked
                0x000000001001215c       0xb4 zephyr/kernel/libkernel.a(work.c.obj)
 .text.k_work_submit
                0x0000000010012210        0xc zephyr/kernel/libkernel.a(work.c.obj)
                0x0000000010012210                k_work_submit
 .text.k_work_queue_start
                0x000000001001221c       0x7c zephyr/kernel/libkernel.a(work.c.obj)
                0x000000001001221c                k_work_queue_start
 .text.k_work_reschedule_for_queue
                0x0000000010012298       0x5c zephyr/kernel/libkernel.a(work.c.obj)
                0x0000000010012298                k_work_reschedule_for_queue
 .text.k_work_reschedule
                0x00000000100122f4        0xc zephyr/kernel/libkernel.a(work.c.obj)
                0x00000000100122f4                k_work_reschedule
 .text.z_impl_k_condvar_signal
                0x0000000010012300       0x3c zephyr/kernel/libkernel.a(condvar.c.obj)
                0x0000000010012300                z_impl_k_condvar_signal
 .text.z_impl_k_condvar_broadcast
                0x000000001001233c       0x40 zephyr/kernel/libkernel.a(condvar.c.obj)
                0x000000001001233c                z_impl_k_condvar_broadcast
 .text.z_impl_k_condvar_wait
                0x000000001001237c       0x4c zephyr/kernel/libkernel.a(condvar.c.obj)
                0x000000001001237c                z_impl_k_condvar_wait
 .text.z_impl_k_thread_name_set
                0x00000000100123c8       0x20 zephyr/kernel/libkernel.a(thread.c.obj)
                0x00000000100123c8                z_impl_k_thread_name_set
 .text.k_thread_state_str
                0x00000000100123e8       0x90 zephyr/kernel/libkernel.a(thread.c.obj)
                0x00000000100123e8                k_thread_state_str
 .text.z_setup_new_thread
                0x0000000010012478       0xd4 zephyr/kernel/libkernel.a(thread.c.obj)
                0x0000000010012478                z_setup_new_thread
 .text.z_impl_k_thread_create
                0x000000001001254c       0x58 zephyr/kernel/libkernel.a(thread.c.obj)
                0x000000001001254c                z_impl_k_thread_create
 .text.update_cache
                0x00000000100125a4       0x3c zephyr/kernel/libkernel.a(sched.c.obj)
 .text.unready_thread
                0x00000000100125e0       0x30 zephyr/kernel/libkernel.a(sched.c.obj)
 .text.ready_thread
                0x0000000010012610       0x68 zephyr/kernel/libkernel.a(sched.c.obj)
 .text.z_thread_halt
                0x0000000010012678       0xf0 zephyr/kernel/libkernel.a(sched.c.obj)
 .text.move_thread_to_end_of_prio_q
                0x0000000010012768       0x74 zephyr/kernel/libkernel.a(sched.c.obj)
                0x0000000010012768                move_thread_to_end_of_prio_q
 .text.z_pend_curr
                0x00000000100127dc       0x58 zephyr/kernel/libkernel.a(sched.c.obj)
                0x00000000100127dc                z_pend_curr
 .text.z_thread_prio_set
                0x0000000010012834       0x88 zephyr/kernel/libkernel.a(sched.c.obj)
                0x0000000010012834                z_thread_prio_set
 .text.z_reschedule
                0x00000000100128bc       0x24 zephyr/kernel/libkernel.a(sched.c.obj)
                0x00000000100128bc                z_reschedule
 .text.z_sched_start
                0x00000000100128e0       0x3c zephyr/kernel/libkernel.a(sched.c.obj)
                0x00000000100128e0                z_sched_start
 .text.z_reschedule_irqlock
                0x000000001001291c       0x28 zephyr/kernel/libkernel.a(sched.c.obj)
                0x000000001001291c                z_reschedule_irqlock
 .text.k_sched_lock
                0x0000000010012944       0x28 zephyr/kernel/libkernel.a(sched.c.obj)
                0x0000000010012944                k_sched_lock
 .text.k_sched_unlock
                0x000000001001296c       0x40 zephyr/kernel/libkernel.a(sched.c.obj)
                0x000000001001296c                k_sched_unlock
 .text.z_sched_init
                0x00000000100129ac       0x10 zephyr/kernel/libkernel.a(sched.c.obj)
                0x00000000100129ac                z_sched_init
 .text.z_impl_k_yield
                0x00000000100129bc       0x7c zephyr/kernel/libkernel.a(sched.c.obj)
                0x00000000100129bc                z_impl_k_yield
 .text.z_tick_sleep
                0x0000000010012a38       0x88 zephyr/kernel/libkernel.a(sched.c.obj)
 .text.z_impl_k_sleep
                0x0000000010012ac0       0x3c zephyr/kernel/libkernel.a(sched.c.obj)
                0x0000000010012ac0                z_impl_k_sleep
 .text.z_impl_k_sched_current_thread_query
                0x0000000010012afc        0xc zephyr/kernel/libkernel.a(sched.c.obj)
                0x0000000010012afc                z_impl_k_sched_current_thread_query
 .text.z_sched_wait
                0x0000000010012b08       0x24 zephyr/kernel/libkernel.a(sched.c.obj)
                0x0000000010012b08                z_sched_wait
 .text.slice_timeout
                0x0000000010012b2c       0x20 zephyr/kernel/libkernel.a(timeslicing.c.obj)
 .text.thread_is_sliceable
                0x0000000010012b4c       0x3c zephyr/kernel/libkernel.a(timeslicing.c.obj)