Archive member included to satisfy reference by file (symbol)

app/libapp.a(lfs.c.obj)       (--whole-archive)
app/libapp.a(lfs_util.c.obj)  (--whole-archive)
app/libapp.a(main.c.obj)      (--whole-archive)
zephyr/libzephyr.a(heap.c.obj)
                              (--whole-archive)
zephyr/libzephyr.a(cbprintf_packaged.c.obj)
                              (--whole-archive)
zephyr/libzephyr.a(printk.c.obj)
                              (--whole-archive)
zephyr/libzephyr.a(sem.c.obj)
                              (--whole-archive)
zephyr/libzephyr.a(thread_entry.c.obj)
                              (--whole-archive)
zephyr/libzephyr.a(cbprintf_complete.c.obj)
                              (--whole-archive)
zephyr/libzephyr.a(assert.c.obj)
                              (--whole-archive)
zephyr/libzephyr.a(mpsc_pbuf.c.obj)
                              (--whole-archive)
zephyr/libzephyr.a(dec.c.obj)
                              (--whole-archive)
zephyr/libzephyr.a(hex.c.obj)
                              (--whole-archive)
zephyr/libzephyr.a(rb.c.obj)  (--whole-archive)
zephyr/libzephyr.a(timeutil.c.obj)
                              (--whole-archive)
zephyr/libzephyr.a(bitarray.c.obj)
                              (--whole-archive)
zephyr/libzephyr.a(configs.c.obj)
                              (--whole-archive)
zephyr/libzephyr.a(soc.c.obj)
                              (--whole-archive)
zephyr/libzephyr.a(log_core.c.obj)
                              (--whole-archive)
zephyr/libzephyr.a(log_mgmt.c.obj)
                              (--whole-archive)
zephyr/libzephyr.a(log_cache.c.obj)
                              (--whole-archive)
zephyr/libzephyr.a(log_msg.c.obj)
                              (--whole-archive)
zephyr/libzephyr.a(log_output.c.obj)
                              (--whole-archive)
zephyr/libzephyr.a(log_backend_uart.c.obj)
                              (--whole-archive)
zephyr/libzephyr.a(mem_attr.c.obj)
                              (--whole-archive)
zephyr/libzephyr.a(tracing_none.c.obj)
                              (--whole-archive)
zephyr/arch/common/libarch__common.a(sw_isr_common.c.obj)
                              (--whole-archive)
zephyr/arch/arch/arm/core/libarch__arm__core.a(fatal.c.obj)
                              (--whole-archive)
zephyr/arch/arch/arm/core/libarch__arm__core.a(nmi.c.obj)
                              (--whole-archive)
zephyr/arch/arch/arm/core/libarch__arm__core.a(nmi_on_reset.S.obj)
                              (--whole-archive)
zephyr/arch/arch/arm/core/libarch__arm__core.a(tls.c.obj)
                              (--whole-archive)
zephyr/arch/arch/arm/core/cortex_m/libarch__arm__core__cortex_m.a(exc_exit.c.obj)
                              (--whole-archive)
zephyr/arch/arch/arm/core/cortex_m/libarch__arm__core__cortex_m.a(fault.c.obj)
                              (--whole-archive)
zephyr/arch/arch/arm/core/cortex_m/libarch__arm__core__cortex_m.a(fault_s.S.obj)
                              (--whole-archive)
zephyr/arch/arch/arm/core/cortex_m/libarch__arm__core__cortex_m.a(fpu.c.obj)
                              (--whole-archive)
zephyr/arch/arch/arm/core/cortex_m/libarch__arm__core__cortex_m.a(reset.S.obj)
                              (--whole-archive)
zephyr/arch/arch/arm/core/cortex_m/libarch__arm__core__cortex_m.a(scb.c.obj)
                              (--whole-archive)
zephyr/arch/arch/arm/core/cortex_m/libarch__arm__core__cortex_m.a(thread_abort.c.obj)
                              (--whole-archive)
zephyr/arch/arch/arm/core/cortex_m/libarch__arm__core__cortex_m.a(vector_table.S.obj)
                              (--whole-archive)
zephyr/arch/arch/arm/core/cortex_m/libarch__arm__core__cortex_m.a(swap.c.obj)
                              (--whole-archive)
zephyr/arch/arch/arm/core/cortex_m/libarch__arm__core__cortex_m.a(swap_helper.S.obj)
                              (--whole-archive)
zephyr/arch/arch/arm/core/cortex_m/libarch__arm__core__cortex_m.a(irq_manage.c.obj)
                              (--whole-archive)
zephyr/arch/arch/arm/core/cortex_m/libarch__arm__core__cortex_m.a(prep_c.c.obj)
                              (--whole-archive)
zephyr/arch/arch/arm/core/cortex_m/libarch__arm__core__cortex_m.a(thread.c.obj)
                              (--whole-archive)
zephyr/arch/arch/arm/core/cortex_m/libarch__arm__core__cortex_m.a(cpu_idle.c.obj)
                              (--whole-archive)
zephyr/arch/arch/arm/core/cortex_m/libarch__arm__core__cortex_m.a(irq_init.c.obj)
                              (--whole-archive)
zephyr/arch/arch/arm/core/cortex_m/libarch__arm__core__cortex_m.a(isr_wrapper.c.obj)
                              (--whole-archive)
zephyr/arch/arch/arm/core/cortex_m/libarch__arm__core__cortex_m.a(__aeabi_read_tp.S.obj)
                              (--whole-archive)
zephyr/arch/arch/arm/core/cortex_m/cmse/libarch__arm__core__cortex_m__cmse.a(arm_core_cmse.c.obj)
                              (--whole-archive)
[...]
Memory Configuration

Name             Origin             Length             Attributes
FLASH            0x0000000010000000 0x0000000000200000 xr
RAM              0x0000000030000000 0x0000000000050000 xw
SRAM1            0x0000000014000000 0x0000000000018000
IDT_LIST         0x00000000ffff7fff 0x0000000000008000 xw
*default*        0x0000000000000000 0xffffffffffffffff

Linker script and memory map

                0x0000000010009c10                vfprintf = __l_vfprintf
                0x0000000000000000                vfscanf = __l_vfscanf
LOAD zephyr/CMakeFiles/zephyr_final.dir/misc/empty_file.c.obj
LOAD zephyr/CMakeFiles/zephyr_final.dir/isr_tables.c.obj
LOAD zephyr/CMakeFiles/offsets.dir/./arch/arm/core/offsets/offsets.c.obj
LOAD app/libapp.a
LOAD zephyr/libzephyr.a
LOAD zephyr/arch/common/libarch__common.a
LOAD zephyr/arch/arch/arm/core/libarch__arm__core.a
LOAD zephyr/arch/arch/arm/core/cortex_m/libarch__arm__core__cortex_m.a
LOAD zephyr/arch/arch/arm/core/cortex_m/cmse/libarch__arm__core__cortex_m__cmse.a
LOAD zephyr/arch/arch/arm/core/mpu/libarch__arm__core__mpu.a
LOAD zephyr/lib/libc/picolibc/liblib__libc__picolibc.a
LOAD zephyr/lib/libc/common/liblib__libc__common.a
LOAD zephyr/boards/nxp/frdm_mcxn947/libboards__nxp__frdm_mcxn947.a
LOAD zephyr/subsys/sd/libsubsys__sd.a
LOAD zephyr/drivers/clock_control/libdrivers__clock_control.a
LOAD zephyr/drivers/console/libdrivers__console.a
LOAD zephyr/drivers/gpio/libdrivers__gpio.a
LOAD zephyr/drivers/mfd/libdrivers__mfd.a
LOAD zephyr/drivers/pinctrl/libdrivers__pinctrl.a
LOAD zephyr/drivers/sdhc/libdrivers__sdhc.a
LOAD zephyr/drivers/serial/libdrivers__serial.a
LOAD zephyr/drivers/timer/libdrivers__timer.a
LOAD modules/hal_nxp/hal_nxp/lib..__modules__hal__nxp.a
LOAD zephyr/kernel/libkernel.a
LOAD c:/users/jerpa77/zephyr-sdk-0.16.8/arm-zephyr-eabi/bin/../lib/gcc/arm-zephyr-eabi/12.2.0/thumb/v8-m.main/nofp\libgcc.a
LOAD zephyr/arch/common/libisr_tables.a
LOAD c:\users\jerpa77\zephyr-sdk-0.16.8\arm-zephyr-eabi\bin\../lib/gcc/../../picolibc/arm-zephyr-eabi/lib/thumb/v8-m.main/nofp\libc.a
LOAD c:/users/jerpa77/zephyr-sdk-0.16.8/arm-zephyr-eabi/bin/../lib/gcc/arm-zephyr-eabi/12.2.0/thumb/v8-m.main/nofp\libgcc.a
                0x0000000000000020                _region_min_align = 0x20

.rel.plt        0x0000000010000000        0x0
 *(SORT_BY_ALIGNMENT(.rel.plt))
                [!provide]                        PROVIDE (__rel_iplt_start = .)
 *(SORT_BY_ALIGNMENT(.rel.iplt))
 .rel.iplt      0x0000000010000000        0x0 zephyr/CMakeFiles/zephyr_final.dir/isr_tables.c.obj
                [!provide]                        PROVIDE (__rel_iplt_end = .)

.rela.plt       0x0000000000000000        0x0
 *(SORT_BY_ALIGNMENT(.rela.plt))
                [!provide]                        PROVIDE (__rela_iplt_start = .)
 *(SORT_BY_ALIGNMENT(.rela.iplt))
                [!provide]                        PROVIDE (__rela_iplt_end = .)

.rel.dyn
 *(SORT_BY_ALIGNMENT(.rel.*))

.rela.dyn
 *(SORT_BY_ALIGNMENT(.rela.*))

/DISCARD/
 *(SORT_BY_ALIGNMENT(.plt))

/DISCARD/
 *(SORT_BY_ALIGNMENT(.iplt))
                0x0000000010000000                __rom_region_start = 0x10000000

rom_start       0x0000000010000000      0x2ac
                0x0000000010000000                __rom_start_address = .
 FILL mask 0x00
                0x0000000010000000                . = (. + (0x0 - (. - __rom_start_address)))
                0x0000000010000000                . = ALIGN (0x4)
                0x0000000010000000                . = ALIGN (0x80)
                0x0000000010000000                . = ALIGN (0x400)
                0x0000000010000000                _vector_start = .
 *(SORT_BY_ALIGNMENT(.exc_vector_table))
 *(SORT_BY_ALIGNMENT(.exc_vector_table.*))
 .exc_vector_table._vector_table_section
                0x0000000010000000       0x40 zephyr/arch/arch/arm/core/cortex_m/libarch__arm__core__cortex_m.a(vector_table.S.obj)
                0x0000000010000000                _vector_table
 *(SORT_BY_ALIGNMENT(.vectors))
                0x00000000100002ac                _vector_end = .
                0x0000000010000040                . = ALIGN (0x4)
 *(SORT_BY_ALIGNMENT(.gnu.linkonce.irq_vector_table*))
 .gnu.linkonce.irq_vector_table
                0x0000000010000040      0x26c zephyr/CMakeFiles/zephyr_final.dir/isr_tables.c.obj
                0x0000000010000040                _irq_vector_table
                0x00000000100002ac                _vector_end = .

text            0x00000000100002ac     0xd588
                0x00000000100002ac                __text_region_start = .
 *(SORT_BY_ALIGNMENT(.text))
 .text          0x00000000100002ac      0x378 c:/users/jerpa77/zephyr-sdk-0.16.8/arm-zephyr-eabi/bin/../lib/gcc/arm-zephyr-eabi/12.2.0/thumb/v8-m.main/nofp\libgcc.a(_arm_addsubdf3.o)
                0x00000000100002ac                __aeabi_drsub
                0x00000000100002b4                __aeabi_dsub
                0x00000000100002b4                __subdf3
                0x00000000100002b8                __aeabi_dadd
                0x00000000100002b8                __adddf3
                0x0000000010000530                __floatunsidf
                0x0000000010000530                __aeabi_ui2d
                0x0000000010000550                __floatsidf
                0x0000000010000550                __aeabi_i2d
                0x0000000010000574                __aeabi_f2d
                0x0000000010000574                __extendsfdf2
                0x00000000100005b8                __floatundidf
                0x00000000100005b8                __aeabi_ul2d
                0x00000000100005c8                __floatdidf
                0x00000000100005c8                __aeabi_l2d
 .text          0x0000000010000624      0x424 c:/users/jerpa77/zephyr-sdk-0.16.8/arm-zephyr-eabi/bin/../lib/gcc/arm-zephyr-eabi/12.2.0/thumb/v8-m.main/nofp\libgcc.a(_arm_muldivdf3.o)
                0x0000000010000624                __aeabi_dmul
                0x0000000010000624                __muldf3
                0x0000000010000878                __divdf3
                0x0000000010000878                __aeabi_ddiv
 .text          0x0000000010000a48      0x21c c:/users/jerpa77/zephyr-sdk-0.16.8/arm-zephyr-eabi/bin/../lib/gcc/arm-zephyr-eabi/12.2.0/thumb/v8-m.main/nofp\libgcc.a(_arm_addsubsf3.o)
                0x0000000010000a48                __aeabi_frsub
                0x0000000010000a50                __subsf3
                0x0000000010000a50                __aeabi_fsub
                0x0000000010000a54                __aeabi_fadd
                0x0000000010000a54                __addsf3
                0x0000000010000bb4                __aeabi_ui2f
                0x0000000010000bb4                __floatunsisf
                0x0000000010000bbc                __aeabi_i2f
                0x0000000010000bbc                __floatsisf
                0x0000000010000bd8                __aeabi_ul2f
                0x0000000010000bd8                __floatundisf
                0x0000000010000be8                __aeabi_l2f
                0x0000000010000be8                __floatdisf
 .text          0x0000000010000c64      0x2a0 c:/users/jerpa77/zephyr-sdk-0.16.8/arm-zephyr-eabi/bin/../lib/gcc/arm-zephyr-eabi/12.2.0/thumb/v8-m.main/nofp\libgcc.a(_arm_muldivsf3.o)
                0x0000000010000c64                __mulsf3
                0x0000000010000c64                __aeabi_fmul
                0x0000000010000dcc                __aeabi_fdiv
                0x0000000010000dcc                __divsf3
 .text          0x0000000010000f04       0x40 c:/users/jerpa77/zephyr-sdk-0.16.8/arm-zephyr-eabi/bin/../lib/gcc/arm-zephyr-eabi/12.2.0/thumb/v8-m.main/nofp\libgcc.a(_arm_fixunssfsi.o)
                0x0000000010000f04                __fixunssfsi
                0x0000000010000f04                __aeabi_f2uiz
 .text          0x0000000010000f44       0x30 c:/users/jerpa77/zephyr-sdk-0.16.8/arm-zephyr-eabi/bin/../lib/gcc/arm-zephyr-eabi/12.2.0/thumb/v8-m.main/nofp\libgcc.a(_aeabi_uldivmod.o)
                0x0000000010000f44                __aeabi_uldivmod
 .text          0x0000000010000f74       0x40 c:/users/jerpa77/zephyr-sdk-0.16.8/arm-zephyr-eabi/bin/../lib/gcc/arm-zephyr-eabi/12.2.0/thumb/v8-m.main/nofp\libgcc.a(_fixunssfdi.o)
                0x0000000010000f74                __fixunssfdi
                0x0000000010000f74                __aeabi_f2ulz
 .text          0x0000000010000fb4        0x4 c:/users/jerpa77/zephyr-sdk-0.16.8/arm-zephyr-eabi/bin/../lib/gcc/arm-zephyr-eabi/12.2.0/thumb/v8-m.main/nofp\libgcc.a(_dvmd_tls.o)
                0x0000000010000fb4                __aeabi_idiv0
                0x0000000010000fb4                __aeabi_ldiv0
 .text          0x0000000010000fb8       0x40 c:/users/jerpa77/zephyr-sdk-0.16.8/arm-zephyr-eabi/bin/../lib/gcc/arm-zephyr-eabi/12.2.0/thumb/v8-m.main/nofp\libgcc.a(_arm_fixunsdfsi.o)
                0x0000000010000fb8                __aeabi_d2uiz
                0x0000000010000fb8                __fixunsdfsi
 .text          0x0000000010000ff8       0x26 c:/users/jerpa77/zephyr-sdk-0.16.8/arm-zephyr-eabi/bin/../lib/gcc/arm-zephyr-eabi/12.2.0/thumb/v8-m.main/nofp\libgcc.a(_popcountsi2.o)
                0x0000000010000ff8                __popcountsi2
 .text          0x000000001000101e      0x29c c:/users/jerpa77/zephyr-sdk-0.16.8/arm-zephyr-eabi/bin/../lib/gcc/arm-zephyr-eabi/12.2.0/thumb/v8-m.main/nofp\libgcc.a(_udivmoddi4.o)
                0x000000001000101e                __udivmoddi4
 .text          0x00000000100012ba       0x10 c:\users\jerpa77\zephyr-sdk-0.16.8\arm-zephyr-eabi\bin\../lib/gcc/../../picolibc/arm-zephyr-eabi/lib/thumb/v8-m.main/nofp\libc.a(strlen.S.o)
                0x00000000100012ba                strlen
 *(SORT_BY_ALIGNMENT(.text.*))
 *fill*         0x00000000100012ca        0x2 
 .text.lfs_dir_traverse_filter
                0x00000000100012cc       0x70 app/libapp.a(lfs.c.obj)
 .text.lfs_dir_getslice
                0x000000001000133c      0x124 app/libapp.a(lfs.c.obj)
 .text.lfs_dir_getgstate
                0x0000000010001460       0x34 app/libapp.a(lfs.c.obj)
 .text.lfs_dir_traverse.constprop.0
                0x0000000010001494      0x298 app/libapp.a(lfs.c.obj)
 .text.lfs_dir_getread.constprop.0
                0x000000001000172c       0xc4 app/libapp.a(lfs.c.obj)
 .text.lfs_dir_fetchmatch
                0x00000000100017f0      0x434 app/libapp.a(lfs.c.obj)
 .text.lfs_fs_parent
                0x0000000010001c24       0xbc app/libapp.a(lfs.c.obj)
 .text.lfs_fs_pred
                0x0000000010001ce0       0x98 app/libapp.a(lfs.c.obj)
 .text.lfs_dir_find
                0x0000000010001d78      0x150 app/libapp.a(lfs.c.obj)
 .text.lfs_file_flushedread
                0x0000000010001ec8       0xd8 app/libapp.a(lfs.c.obj)
 .text.lfs_fs_traverse_
                0x0000000010001fa0      0x188 app/libapp.a(lfs.c.obj)
 .text.lfs_alloc_scan
                0x0000000010002128       0x50 app/libapp.a(lfs.c.obj)
 .text.lfs_alloc
                0x0000000010002178       0xa8 app/libapp.a(lfs.c.obj)
 .text.lfs_fs_size_
                0x0000000010002220       0x1c app/libapp.a(lfs.c.obj)
 .text.lfs_file_relocate
                0x000000001000223c      0x108 app/libapp.a(lfs.c.obj)
 .text.lfs_file_flushedwrite
                0x0000000010002344      0x268 app/libapp.a(lfs.c.obj)
 .text.lfs_file_flush
                0x00000000100025ac      0x100 app/libapp.a(lfs.c.obj)
 .text.lfs_dir_commitcrc
                0x00000000100026ac      0x1ec app/libapp.a(lfs.c.obj)
 .text.lfs_dir_compact
                0x0000000010002898      0x230 app/libapp.a(lfs.c.obj)
 .text.lfs_dir_relocatingcommit
                0x0000000010002ac8      0x43c app/libapp.a(lfs.c.obj)
 .text.lfs_dir_orphaningcommit
                0x0000000010002f04      0x34c app/libapp.a(lfs.c.obj)
 .text.lfs_fs_deorphan
                0x0000000010003250      0x1d4 app/libapp.a(lfs.c.obj)
 .text.lfs_fs_forceconsistency
                0x0000000010003424      0x104 app/libapp.a(lfs.c.obj)
 .text.lfs_file_opencfg_
                0x0000000010003528      0x23c app/libapp.a(lfs.c.obj)
 .text.lfs_format
                0x0000000010003764       0xc8 app/libapp.a(lfs.c.obj)
                0x0000000010003764                lfs_format
 .text.lfs_mount
                0x000000001000382c      0x274 app/libapp.a(lfs.c.obj)
                0x000000001000382c                lfs_mount
 .text.lfs_file_open
                0x0000000010003aa0       0x14 app/libapp.a(lfs.c.obj)
                0x0000000010003aa0                lfs_file_open
 .text.lfs_crc  0x0000000010003ab4       0x38 app/libapp.a(lfs_util.c.obj)
                0x0000000010003ab4                lfs_crc
 .text.lfs_read
                0x0000000010003aec       0x14 app/libapp.a(main.c.obj)
                0x0000000010003aec                lfs_read
 .text.lfs_prog
                0x0000000010003b00       0x18 app/libapp.a(main.c.obj)
                0x0000000010003b00                lfs_prog
 .text.lfs_erase
                0x0000000010003b18       0x30 app/libapp.a(main.c.obj)
                0x0000000010003b18                lfs_erase
 .text.main     0x0000000010003b48      0x13c app/libapp.a(main.c.obj)
                0x0000000010003b48                main
 .text.cbvprintf_package
                0x0000000010003c84      0x3a4 zephyr/libzephyr.a(cbprintf_packaged.c.obj)
                0x0000000010003c84                cbvprintf_package
 .text.cbprintf_package_convert
                0x0000000010004028      0x3c0 zephyr/libzephyr.a(cbprintf_packaged.c.obj)
                0x0000000010004028                cbprintf_package_convert
 .text.__printk_hook_install
                0x00000000100043e8        0xc zephyr/libzephyr.a(printk.c.obj)
                0x00000000100043e8                __printk_hook_install
 .text.z_thread_entry
                0x00000000100043f4       0x34 zephyr/libzephyr.a(thread_entry.c.obj)
                0x00000000100043f4                z_thread_entry
 .text.activate_foreach_backend
                0x0000000010004428       0x64 zephyr/libzephyr.a(log_core.c.obj)
 .text.enable_logger
                0x000000001000448c       0x5c zephyr/libzephyr.a(log_core.c.obj)
 .text.log_process_thread_timer_expiry_fn
                0x00000000100044e8        0xc zephyr/libzephyr.a(log_core.c.obj)
 .text.z_log_init
                0x00000000100044f4       0x8c zephyr/libzephyr.a(log_core.c.obj)
 .text.log_format_func_t_get
                0x0000000010004580        0xc zephyr/libzephyr.a(log_core.c.obj)
                0x0000000010004580                log_format_func_t_get
 .text.log_set_timestamp_func
                0x000000001000458c       0x20 zephyr/libzephyr.a(log_core.c.obj)
                0x000000001000458c                log_set_timestamp_func
 .text.z_log_notify_backend_enabled
                0x00000000100045ac       0x1c zephyr/libzephyr.a(log_core.c.obj)
                0x00000000100045ac                z_log_notify_backend_enabled
 .text.z_log_dropped
                0x00000000100045c8       0x3c zephyr/libzephyr.a(log_core.c.obj)
                0x00000000100045c8                z_log_dropped
 .text.z_log_dropped_read_and_clear
                0x0000000010004604       0x18 zephyr/libzephyr.a(log_core.c.obj)
                0x0000000010004604                z_log_dropped_read_and_clear
 .text.dropped_notify
                0x000000001000461c       0x30 zephyr/libzephyr.a(log_core.c.obj)
                0x000000001000461c                dropped_notify
 .text.z_log_msg_init
                0x000000001000464c       0x20 zephyr/libzephyr.a(log_core.c.obj)
                0x000000001000464c                z_log_msg_init
 .text.log_core_init
                0x000000001000466c       0x34 zephyr/libzephyr.a(log_core.c.obj)
                0x000000001000466c                log_core_init
 .text.z_log_msg_alloc
                0x00000000100046a0       0x10 zephyr/libzephyr.a(log_core.c.obj)
                0x00000000100046a0                z_log_msg_alloc
 .text.z_log_msg_local_claim
                0x00000000100046b0        0xc zephyr/libzephyr.a(log_core.c.obj)
                0x00000000100046b0                z_log_msg_local_claim
 .text.z_log_msg_free
                0x00000000100046bc       0x10 zephyr/libzephyr.a(log_core.c.obj)
                0x00000000100046bc                z_log_msg_free
 .text.z_log_msg_pending
                0x00000000100046cc        0xc zephyr/libzephyr.a(log_core.c.obj)
                0x00000000100046cc                z_log_msg_pending
 .text.z_impl_log_process
                0x00000000100046d8       0xa8 zephyr/libzephyr.a(log_core.c.obj)
                0x00000000100046d8                z_impl_log_process
 .text.z_impl_log_panic
                0x0000000010004780       0x44 zephyr/libzephyr.a(log_core.c.obj)
                0x0000000010004780                z_impl_log_panic
 .text.log_process_thread_func
                0x00000000100047c4       0xa4 zephyr/libzephyr.a(log_core.c.obj)
 .text.z_log_msg_post_finalize
                0x0000000010004868       0x78 zephyr/libzephyr.a(log_core.c.obj)
 .text.z_log_msg_commit
                0x00000000100048e0       0x24 zephyr/libzephyr.a(log_core.c.obj)
                0x00000000100048e0                z_log_msg_commit
 .text.log_source_name_get
                0x0000000010004904       0x1c zephyr/libzephyr.a(log_mgmt.c.obj)
                0x0000000010004904                log_source_name_get
 .text.log_backend_enable
                0x0000000010004920       0x28 zephyr/libzephyr.a(log_mgmt.c.obj)
                0x0000000010004920                log_backend_enable
 .text.z_impl_z_log_msg_static_create
                0x0000000010004948      0x108 zephyr/libzephyr.a(log_msg.c.obj)
                0x0000000010004948                z_impl_z_log_msg_static_create
 .text.z_log_msg_runtime_vcreate
                0x0000000010004a50       0xa0 zephyr/libzephyr.a(log_msg.c.obj)
                0x0000000010004a50                z_log_msg_runtime_vcreate
 .text.log_msg_get_source_id
                0x0000000010004af0       0x18 zephyr/libzephyr.a(log_msg.c.obj)
                0x0000000010004af0                log_msg_get_source_id
 .text.print_formatted
                0x0000000010004b08       0x24 zephyr/libzephyr.a(log_output.c.obj)
 .text.newline_print
                0x0000000010004b2c       0x1c zephyr/libzephyr.a(log_output.c.obj)
 .text.log_output_process
                0x0000000010004b48      0x2d4 zephyr/libzephyr.a(log_output.c.obj)
                0x0000000010004b48                log_output_process
 .text.log_output_dropped_process
                0x0000000010004e1c       0x58 zephyr/libzephyr.a(log_output.c.obj)
                0x0000000010004e1c                log_output_dropped_process
 .text.log_output_timestamp_freq_set
                0x0000000010004e74       0x2c zephyr/libzephyr.a(log_output.c.obj)
                0x0000000010004e74                log_output_timestamp_freq_set
 .text.char_out
                0x0000000010004ea0       0x24 zephyr/libzephyr.a(log_backend_uart.c.obj)
 .text.mem_attr_get_regions
                0x0000000010004ec4        0xc zephyr/libzephyr.a(mem_attr.c.obj)
                0x0000000010004ec4                mem_attr_get_regions
 .text.z_arm_fatal_error
                0x0000000010004ed0       0xb8 zephyr/arch/arch/arm/core/libarch__arm__core.a(fatal.c.obj)
                0x0000000010004ed0                z_arm_fatal_error
 .text.z_SysNmiOnReset
                0x0000000010004f88        0x8 zephyr/arch/arch/arm/core/libarch__arm__core.a(nmi_on_reset.S.obj)
                0x0000000010004f88                z_SysNmiOnReset
 .text.arch_tls_stack_setup
                0x0000000010004f90       0x40 zephyr/arch/arch/arm/core/libarch__arm__core.a(tls.c.obj)
                0x0000000010004f90                arch_tls_stack_setup
 .text._HandlerModeExit
                0x0000000010004fd0       0x28 zephyr/arch/arch/arm/core/cortex_m/libarch__arm__core__cortex_m.a(exc_exit.c.obj)
                0x0000000010004fd0                z_arm_int_exit
                0x0000000010004fd0                z_arm_exc_exit
 .text.mem_manage_fault.constprop.0
                0x0000000010004ff8       0xd0 zephyr/arch/arch/arm/core/cortex_m/libarch__arm__core__cortex_m.a(fault.c.obj)
 .text.usage_fault.constprop.0
                0x00000000100050c8       0xbc zephyr/arch/arch/arm/core/cortex_m/libarch__arm__core__cortex_m.a(fault.c.obj)
 .text.secure_fault.constprop.0
                0x0000000010005184       0xec zephyr/arch/arch/arm/core/cortex_m/libarch__arm__core__cortex_m.a(fault.c.obj)
 .text.bus_fault.constprop.0
                0x0000000010005270       0xd0 zephyr/arch/arch/arm/core/cortex_m/libarch__arm__core__cortex_m.a(fault.c.obj)
 .text.z_arm_fault
                0x0000000010005340      0x214 zephyr/arch/arch/arm/core/cortex_m/libarch__arm__core__cortex_m.a(fault.c.obj)
                0x0000000010005340                z_arm_fault
 .text.z_arm_fault_init
                0x0000000010005554       0x20 zephyr/arch/arch/arm/core/cortex_m/libarch__arm__core__cortex_m.a(fault.c.obj)
                0x0000000010005554                z_arm_fault_init
 .text.__fault  0x0000000010005574       0x14 zephyr/arch/arch/arm/core/cortex_m/libarch__arm__core__cortex_m.a(fault_s.S.obj)
                0x0000000010005574                z_arm_bus_fault
                0x0000000010005574                z_arm_usage_fault
                0x0000000010005574                z_arm_mpu_fault
                0x0000000010005574                z_arm_exc_spurious
                0x0000000010005574                z_arm_debug_monitor
                0x0000000010005574                z_arm_hard_fault
                0x0000000010005574                z_arm_secure_fault
 .text._reset_section
                0x0000000010005588       0x30 zephyr/arch/arch/arm/core/cortex_m/libarch__arm__core__cortex_m.a(reset.S.obj)
                0x0000000010005588                __start
                0x0000000010005588                z_arm_reset
 .text.z_impl_k_thread_abort
                0x00000000100055b8       0x2c zephyr/arch/arch/arm/core/cortex_m/libarch__arm__core__cortex_m.a(thread_abort.c.obj)
                0x00000000100055b8                z_impl_k_thread_abort
 .text.arch_swap
                0x00000000100055e4       0x30 zephyr/arch/arch/arm/core/cortex_m/libarch__arm__core__cortex_m.a(swap.c.obj)
                0x00000000100055e4                arch_swap
 .text.z_arm_pendsv_c
                0x0000000010005614       0x40 zephyr/arch/arch/arm/core/cortex_m/libarch__arm__core__cortex_m.a(swap.c.obj)
                0x0000000010005614                z_arm_pendsv_c
 .text.z_arm_pendsv
                0x0000000010005654       0x40 zephyr/arch/arch/arm/core/cortex_m/libarch__arm__core__cortex_m.a(swap_helper.S.obj)
                0x0000000010005654                z_arm_pendsv
 .text.z_arm_svc
                0x0000000010005694       0x20 zephyr/arch/arch/arm/core/cortex_m/libarch__arm__core__cortex_m.a(swap_helper.S.obj)
                0x0000000010005694                z_arm_svc
 .text.arch_irq_enable
                0x00000000100056b4       0x1c zephyr/arch/arch/arm/core/cortex_m/libarch__arm__core__cortex_m.a(irq_manage.c.obj)
                0x00000000100056b4                arch_irq_enable
 .text.z_arm_irq_priority_set
                0x00000000100056d0       0x2c zephyr/arch/arch/arm/core/cortex_m/libarch__arm__core__cortex_m.a(irq_manage.c.obj)
                0x00000000100056d0                z_arm_irq_priority_set
 .text.z_prep_c
                0x00000000100056fc       0x48 zephyr/arch/arch/arm/core/cortex_m/libarch__arm__core__cortex_m.a(prep_c.c.obj)
                0x00000000100056fc                z_prep_c
 .text.arch_new_thread
                0x0000000010005744       0x38 zephyr/arch/arch/arm/core/cortex_m/libarch__arm__core__cortex_m.a(thread.c.obj)
                0x0000000010005744                arch_new_thread
 .text.arch_switch_to_main_thread
                0x000000001000577c       0x48 zephyr/arch/arch/arm/core/cortex_m/libarch__arm__core__cortex_m.a(thread.c.obj)
                0x000000001000577c                arch_switch_to_main_thread
 .text.z_arm_cpu_idle_init
                0x00000000100057c4        0xc zephyr/arch/arch/arm/core/cortex_m/libarch__arm__core__cortex_m.a(cpu_idle.c.obj)
                0x00000000100057c4                z_arm_cpu_idle_init
 .text.z_arm_interrupt_init
                0x00000000100057d0       0x18 zephyr/arch/arch/arm/core/cortex_m/libarch__arm__core__cortex_m.a(irq_init.c.obj)
                0x00000000100057d0                z_arm_interrupt_init
 .text._isr_wrapper
                0x00000000100057e8       0x24 zephyr/arch/arch/arm/core/cortex_m/libarch__arm__core__cortex_m.a(isr_wrapper.c.obj)
                0x00000000100057e8                _isr_wrapper
 .text.z_arm_configure_static_mpu_regions
                0x000000001000580c       0x38 zephyr/arch/arch/arm/core/mpu/libarch__arm__core__mpu.a(arm_core_mpu.c.obj)
                0x000000001000580c                z_arm_configure_static_mpu_regions
 .text.region_init
                0x0000000010005844       0x34 zephyr/arch/arch/arm/core/mpu/libarch__arm__core__mpu.a(arm_mpu.c.obj)
 .text.region_allocate_and_init
                0x0000000010005878       0x38 zephyr/arch/arch/arm/core/mpu/libarch__arm__core__mpu.a(arm_mpu.c.obj)
 .text.mpu_configure_regions_and_partition.constprop.0
                0x00000000100058b0      0x164 zephyr/arch/arch/arm/core/mpu/libarch__arm__core__mpu.a(arm_mpu.c.obj)
 .text.arm_core_mpu_enable
                0x0000000010005a14       0x18 zephyr/arch/arch/arm/core/mpu/libarch__arm__core__mpu.a(arm_mpu.c.obj)
                0x0000000010005a14                arm_core_mpu_enable
 .text.arm_core_mpu_disable
                0x0000000010005a2c       0x14 zephyr/arch/arch/arm/core/mpu/libarch__arm__core__mpu.a(arm_mpu.c.obj)
                0x0000000010005a2c                arm_core_mpu_disable
 .text.arm_core_mpu_configure_static_mpu_regions
                0x0000000010005a40       0x14 zephyr/arch/arch/arm/core/mpu/libarch__arm__core__mpu.a(arm_mpu.c.obj)
                0x0000000010005a40                arm_core_mpu_configure_static_mpu_regions
 .text.arm_core_mpu_mark_areas_for_dynamic_regions
                0x0000000010005a54       0xb8 zephyr/arch/arch/arm/core/mpu/libarch__arm__core__mpu.a(arm_mpu.c.obj)
                0x0000000010005a54                arm_core_mpu_mark_areas_for_dynamic_regions
 .text.z_arm_mpu_init
                0x0000000010005b0c      0x11c zephyr/arch/arch/arm/core/mpu/libarch__arm__core__mpu.a(arm_mpu.c.obj)
                0x0000000010005b0c                z_arm_mpu_init
 .text.z_impl_zephyr_fputc
                0x0000000010005c28       0x10 zephyr/lib/libc/picolibc/liblib__libc__picolibc.a(libc-hooks.c.obj)
                0x0000000010005c28                z_impl_zephyr_fputc
 .text.__stdout_hook_install
                0x0000000010005c38       0x18 zephyr/lib/libc/picolibc/liblib__libc__picolibc.a(libc-hooks.c.obj)
                0x0000000010005c38                __stdout_hook_install
 .text.cbvprintf
                0x0000000010005c50       0x38 zephyr/lib/libc/picolibc/liblib__libc__picolibc.a(libc-hooks.c.obj)
                0x0000000010005c50                cbvprintf
 .text.malloc_prepare
                0x0000000010005c88       0x24 zephyr/lib/libc/common/liblib__libc__common.a(malloc.c.obj)
 .text.malloc_lock
                0x0000000010005cac       0x14 zephyr/lib/libc/common/liblib__libc__common.a(malloc.c.obj)
 .text.malloc_unlock
                0x0000000010005cc0        0xc zephyr/lib/libc/common/liblib__libc__common.a(malloc.c.obj)
 .text.malloc   0x0000000010005ccc       0x34 zephyr/lib/libc/common/liblib__libc__common.a(malloc.c.obj)
                0x0000000010005ccc                malloc
 .text.free     0x0000000010005d00       0x1c zephyr/lib/libc/common/liblib__libc__common.a(malloc.c.obj)
                0x0000000010005d00                free
 .text.power_mode_od
                0x0000000010005d1c       0x40 zephyr/boards/nxp/frdm_mcxn947/libboards__nxp__frdm_mcxn947.a(board.c.obj)
                0x0000000010005d1c                power_mode_od
 .text.frdm_mcxn947_init
                0x0000000010005d5c      0x1f4 zephyr/boards/nxp/frdm_mcxn947/libboards__nxp__frdm_mcxn947.a(board.c.obj)
 .text.sd_init_io
                0x0000000010005f50       0x9c zephyr/subsys/sd/libsubsys__sd.a(sd.c.obj)
 .text.sd_command_init
                0x0000000010005fec       0x88 zephyr/subsys/sd/libsubsys__sd.a(sd.c.obj)
 .text.sd_init  0x0000000010006074       0xd4 zephyr/subsys/sd/libsubsys__sd.a(sd.c.obj)
                0x0000000010006074                sd_init
 .text.sdmmc_wait_ready
                0x0000000010006148       0x44 zephyr/subsys/sd/libsubsys__sd.a(sd_ops.c.obj)
                0x0000000010006148                sdmmc_wait_ready
 .text.card_read
                0x000000001000618c       0x8c zephyr/subsys/sd/libsubsys__sd.a(sd_ops.c.obj)
 .text.sdmmc_switch_voltage
                0x0000000010006218       0xe8 zephyr/subsys/sd/libsubsys__sd.a(sd_ops.c.obj)
                0x0000000010006218                sdmmc_switch_voltage
 .text.sdmmc_select_card
                0x0000000010006300       0x3c zephyr/subsys/sd/libsubsys__sd.a(sd_ops.c.obj)
                0x0000000010006300                sdmmc_select_card
 .text.card_app_command
                0x000000001000633c       0x6c zephyr/subsys/sd/libsubsys__sd.a(sd_ops.c.obj)
                0x000000001000633c                card_app_command
 .text.card_write
                0x00000000100063a8       0xe4 zephyr/subsys/sd/libsubsys__sd.a(sd_ops.c.obj)
 .text.card_read_blocks
                0x000000001000648c      0x10c zephyr/subsys/sd/libsubsys__sd.a(sd_ops.c.obj)
                0x000000001000648c                card_read_blocks
 .text.card_write_blocks
                0x0000000010006598      0x108 zephyr/subsys/sd/libsubsys__sd.a(sd_ops.c.obj)
                0x0000000010006598                card_write_blocks
 .text.card_ioctl
                0x00000000100066a0       0x94 zephyr/subsys/sd/libsubsys__sd.a(sd_ops.c.obj)
                0x00000000100066a0                card_ioctl
 .text.sdmmc_set_bus_width.constprop.0
                0x0000000010006734       0x5c zephyr/subsys/sd/libsubsys__sd.a(sdmmc.c.obj)
 .text.sdmmc_send_ocr
                0x0000000010006790       0x78 zephyr/subsys/sd/libsubsys__sd.a(sdmmc.c.obj)
 .text.sdmmc_set_bus_speed
                0x0000000010006808       0xe0 zephyr/subsys/sd/libsubsys__sd.a(sdmmc.c.obj)
 .text.sdmmc_card_init
                0x00000000100068e8      0x4a8 zephyr/subsys/sd/libsubsys__sd.a(sdmmc.c.obj)
                0x00000000100068e8                sdmmc_card_init
 .text.uart_console_init
                0x0000000010006d90       0x28 zephyr/drivers/console/libdrivers__console.a(uart_console.c.obj)
 .text.console_out
                0x0000000010006db8       0x28 zephyr/drivers/console/libdrivers__console.a(uart_console.c.obj)
 .text.pinctrl_mcux_init.part.0
                0x0000000010006de0       0x1c zephyr/drivers/pinctrl/libdrivers__pinctrl.a(pinctrl_kinetis.c.obj)
 .text.pinctrl_mcux_init
                0x0000000010006dfc       0x3c zephyr/drivers/pinctrl/libdrivers__pinctrl.a(pinctrl_kinetis.c.obj)
 .text.pinctrl_configure_pins
                0x0000000010006e38       0x40 zephyr/drivers/pinctrl/libdrivers__pinctrl.a(pinctrl_kinetis.c.obj)
                0x0000000010006e38                pinctrl_configure_pins
 .text.gpio_pin_interrupt_configure_dt
                0x0000000010006e78       0x40 zephyr/drivers/sdhc/libdrivers__sdhc.a(imx_usdhc.c.obj)
 .text.imx_usdhc_init
                0x0000000010006eb8      0x22c zephyr/drivers/sdhc/libdrivers__sdhc.a(imx_usdhc.c.obj)
 .text.imx_usdhc_set_io
                0x00000000100070e4      0x168 zephyr/drivers/sdhc/libdrivers__sdhc.a(imx_usdhc.c.obj)
 .text.imx_usdhc_request
                0x000000001000724c      0x264 zephyr/drivers/sdhc/libdrivers__sdhc.a(imx_usdhc.c.obj)
 .text.imx_usdhc_get_card_present
                0x00000000100074b0       0xe4 zephyr/drivers/sdhc/libdrivers__sdhc.a(imx_usdhc.c.obj)
 .text.mcux_lpuart_init
                0x0000000010007594       0x54 zephyr/drivers/serial/libdrivers__serial.a(uart_mcux_lpuart.c.obj)
 .text.elapsed  0x00000000100075e8       0x4c zephyr/drivers/timer/libdrivers__timer.a(cortex_m_systick.c.obj)
 .text.sys_clock_driver_init
                0x0000000010007634       0x38 zephyr/drivers/timer/libdrivers__timer.a(cortex_m_systick.c.obj)
 .text.sys_clock_isr
                0x000000001000766c       0x60 zephyr/drivers/timer/libdrivers__timer.a(cortex_m_systick.c.obj)
                0x000000001000766c                sys_clock_isr
 .text.sys_clock_set_timeout
                0x00000000100076cc       0xfc zephyr/drivers/timer/libdrivers__timer.a(cortex_m_systick.c.obj)
                0x00000000100076cc                sys_clock_set_timeout
 .text.sys_clock_elapsed
                0x00000000100077c8       0x3c zephyr/drivers/timer/libdrivers__timer.a(cortex_m_systick.c.obj)
                0x00000000100077c8                sys_clock_elapsed
 .text.sys_clock_cycle_get_32
                0x0000000010007804       0x28 zephyr/drivers/timer/libdrivers__timer.a(cortex_m_systick.c.obj)
                0x0000000010007804                sys_clock_cycle_get_32
 .text.CLOCK_GetFro12MFreq
                0x000000001000782c       0x1c modules/hal_nxp/hal_nxp/lib..__modules__hal__nxp.a(fsl_clock.c.obj)
 .text.CLOCK_GetClk48MFreq
                0x0000000010007848       0x1c modules/hal_nxp/hal_nxp/lib..__modules__hal__nxp.a(fsl_clock.c.obj)
 .text.CLOCK_GetClk16KFreq
                0x0000000010007864       0x20 modules/hal_nxp/hal_nxp/lib..__modules__hal__nxp.a(fsl_clock.c.obj)
 .text.CLOCK_GetExtClkFreq
                0x0000000010007884       0x1c modules/hal_nxp/hal_nxp/lib..__modules__hal__nxp.a(fsl_clock.c.obj)
 .text.CLOCK_GetFroHfFreq
                0x00000000100078a0       0x2c modules/hal_nxp/hal_nxp/lib..__modules__hal__nxp.a(fsl_clock.c.obj)
 .text.CLOCK_GetOsc32KFreq
                0x00000000100078cc       0x28 modules/hal_nxp/hal_nxp/lib..__modules__hal__nxp.a(fsl_clock.c.obj)
 .text.CLOCK_GetLposcFreq
                0x00000000100078f4       0x18 modules/hal_nxp/hal_nxp/lib..__modules__hal__nxp.a(fsl_clock.c.obj)
 .text.CLOCK_SetupFROHFClocking
                0x000000001000790c       0x68 modules/hal_nxp/hal_nxp/lib..__modules__hal__nxp.a(fsl_clock.c.obj)
                0x000000001000790c                CLOCK_SetupFROHFClocking
 .text.CLOCK_SetupExtClocking
                0x0000000010007974       0xec modules/hal_nxp/hal_nxp/lib..__modules__hal__nxp.a(fsl_clock.c.obj)
                0x0000000010007974                CLOCK_SetupExtClocking
 .text.CLOCK_SetupClk16KClocking
                0x0000000010007a60       0x48 modules/hal_nxp/hal_nxp/lib..__modules__hal__nxp.a(fsl_clock.c.obj)
                0x0000000010007a60                CLOCK_SetupClk16KClocking
 .text.CLOCK_SetPll0MonitorMode
                0x0000000010007aa8       0x18 modules/hal_nxp/hal_nxp/lib..__modules__hal__nxp.a(fsl_clock.c.obj)
                0x0000000010007aa8                CLOCK_SetPll0MonitorMode
 .text.CLOCK_SetPll1MonitorMode
                0x0000000010007ac0       0x18 modules/hal_nxp/hal_nxp/lib..__modules__hal__nxp.a(fsl_clock.c.obj)
                0x0000000010007ac0                CLOCK_SetPll1MonitorMode
 .text.CLOCK_AttachClk
                0x0000000010007ad8       0x60 modules/hal_nxp/hal_nxp/lib..__modules__hal__nxp.a(fsl_clock.c.obj)
                0x0000000010007ad8                CLOCK_AttachClk
 .text.CLOCK_GetPLL0InClockRate
                0x0000000010007b38       0x2c modules/hal_nxp/hal_nxp/lib..__modules__hal__nxp.a(fsl_clock.c.obj)
                0x0000000010007b38                CLOCK_GetPLL0InClockRate
 .text.CLOCK_GetPll0OutFreq
                0x0000000010007b64       0xd8 modules/hal_nxp/hal_nxp/lib..__modules__hal__nxp.a(fsl_clock.c.obj)
                0x0000000010007b64                CLOCK_GetPll0OutFreq
 .text.CLOCK_GetPLL1InClockRate
                0x0000000010007c3c       0x2c modules/hal_nxp/hal_nxp/lib..__modules__hal__nxp.a(fsl_clock.c.obj)
                0x0000000010007c3c                CLOCK_GetPLL1InClockRate
 .text.CLOCK_GetPll1OutFreq
                0x0000000010007c68       0xd8 modules/hal_nxp/hal_nxp/lib..__modules__hal__nxp.a(fsl_clock.c.obj)
                0x0000000010007c68                CLOCK_GetPll1OutFreq
 .text.CLOCK_GetLPFlexCommClkFreq
                0x0000000010007d40       0x5c modules/hal_nxp/hal_nxp/lib..__modules__hal__nxp.a(fsl_clock.c.obj)
                0x0000000010007d40                CLOCK_GetLPFlexCommClkFreq
 .text.CLOCK_SetPLL0Freq
                0x0000000010007d9c       0xc4 modules/hal_nxp/hal_nxp/lib..__modules__hal__nxp.a(fsl_clock.c.obj)
                0x0000000010007d9c                CLOCK_SetPLL0Freq
 .text.CLOCK_SetPLL1Freq
                0x0000000010007e60       0xc4 modules/hal_nxp/hal_nxp/lib..__modules__hal__nxp.a(fsl_clock.c.obj)
                0x0000000010007e60                CLOCK_SetPLL1Freq
 .text.CLOCK_GetMainClkFreq
                0x0000000010007f24       0x3c modules/hal_nxp/hal_nxp/lib..__modules__hal__nxp.a(fsl_clock.c.obj)
                0x0000000010007f24                CLOCK_GetMainClkFreq
 .text.CLOCK_GetSystickClkFreq
                0x0000000010007f60       0x4c modules/hal_nxp/hal_nxp/lib..__modules__hal__nxp.a(fsl_clock.c.obj)
 .text.CLOCK_GetFreq
                0x0000000010007fac      0x12c modules/hal_nxp/hal_nxp/lib..__modules__hal__nxp.a(fsl_clock.c.obj)
                0x0000000010007fac                CLOCK_GetFreq
 .text.SystemInit
                0x00000000100080d8       0xd0 modules/hal_nxp/hal_nxp/lib..__modules__hal__nxp.a(system_MCXN947_cm33_core0.c.obj)
                0x00000000100080d8                SystemInit
 .text.LP_FLEXCOMM_GetInterruptStatus
                0x00000000100081a8       0x10 modules/hal_nxp/hal_nxp/lib..__modules__hal__nxp.a(fsl_lpflexcomm.c.obj)
                0x00000000100081a8                LP_FLEXCOMM_GetInterruptStatus
 .text.LP_FLEXCOMM_GetInstance
                0x00000000100081b8       0x1c modules/hal_nxp/hal_nxp/lib..__modules__hal__nxp.a(fsl_lpflexcomm.c.obj)
                0x00000000100081b8                LP_FLEXCOMM_GetInstance
 .text.LP_FLEXCOMM_Init
                0x00000000100081d4       0xa0 modules/hal_nxp/hal_nxp/lib..__modules__hal__nxp.a(fsl_lpflexcomm.c.obj)
                0x00000000100081d4                LP_FLEXCOMM_Init
 .text.LPUART_Init
                0x0000000010008274      0x1e8 modules/hal_nxp/hal_nxp/lib..__modules__hal__nxp.a(fsl_lpuart.c.obj)
                0x0000000010008274                LPUART_Init
 .text.LPUART_EnableInterrupts
                0x000000001000845c       0x58 modules/hal_nxp/hal_nxp/lib..__modules__hal__nxp.a(fsl_lpuart.c.obj)
                0x000000001000845c                LPUART_EnableInterrupts
 .text.LPUART_DisableInterrupts
                0x00000000100084b4       0x60 modules/hal_nxp/hal_nxp/lib..__modules__hal__nxp.a(fsl_lpuart.c.obj)
                0x00000000100084b4                LPUART_DisableInterrupts
 .text.LPUART_GetStatusFlags
                0x0000000010008514       0x34 modules/hal_nxp/hal_nxp/lib..__modules__hal__nxp.a(fsl_lpuart.c.obj)
                0x0000000010008514                LPUART_GetStatusFlags
 .text.LPUART_ClearStatusFlags
                0x0000000010008548       0x44 modules/hal_nxp/hal_nxp/lib..__modules__hal__nxp.a(fsl_lpuart.c.obj)
                0x0000000010008548                LPUART_ClearStatusFlags
 .text.USDHC_TransferHandleIRQ
                0x000000001000858c      0x14c modules/hal_nxp/hal_nxp/lib..__modules__hal__nxp.a(fsl_usdhc.c.obj)
                0x000000001000858c                USDHC_TransferHandleIRQ
 .text.USDHC_Init
                0x00000000100086d8       0x78 modules/hal_nxp/hal_nxp/lib..__modules__hal__nxp.a(fsl_usdhc.c.obj)
                0x00000000100086d8                USDHC_Init
 .text.USDHC_SetADMA2Descriptor
                0x0000000010008750       0xd8 modules/hal_nxp/hal_nxp/lib..__modules__hal__nxp.a(fsl_usdhc.c.obj)
                0x0000000010008750                USDHC_SetADMA2Descriptor
 .text.USDHC_TransferNonBlocking
                0x0000000010008828      0x13c modules/hal_nxp/hal_nxp/lib..__modules__hal__nxp.a(fsl_usdhc.c.obj)
                0x0000000010008828                USDHC_TransferNonBlocking
 .text.USDHC_TransferCreateHandle
                0x0000000010008964       0x60 modules/hal_nxp/hal_nxp/lib..__modules__hal__nxp.a(fsl_usdhc.c.obj)
                0x0000000010008964                USDHC_TransferCreateHandle
 .text.CACHE64_InvalidateCacheByRange
                0x00000000100089c4       0x50 modules/hal_nxp/hal_nxp/lib..__modules__hal__nxp.a(fsl_cache.c.obj)
                0x00000000100089c4                CACHE64_InvalidateCacheByRange
 .text.CACHE64_CleanCacheByRange
                0x0000000010008a14       0x50 modules/hal_nxp/hal_nxp/lib..__modules__hal__nxp.a(fsl_cache.c.obj)
                0x0000000010008a14                CACHE64_CleanCacheByRange
 .text.CACHE64_CleanInvalidateCacheByRange
                0x0000000010008a64       0x4c modules/hal_nxp/hal_nxp/lib..__modules__hal__nxp.a(fsl_cache.c.obj)
                0x0000000010008a64                CACHE64_CleanInvalidateCacheByRange
 .text.k_sys_fatal_error_handler
                0x0000000010008ab0       0x20 zephyr/kernel/libkernel.a(fatal.c.obj)
                0x0000000010008ab0                k_sys_fatal_error_handler
 .text.z_fatal_error
                0x0000000010008ad0       0xe8 zephyr/kernel/libkernel.a(fatal.c.obj)
                0x0000000010008ad0                z_fatal_error
 .text.z_sys_init_run_level
                0x0000000010008bb8       0x2c zephyr/kernel/libkernel.a(init.c.obj)
 .text.bg_thread_main
                0x0000000010008be4       0xc4 zephyr/kernel/libkernel.a(init.c.obj)
 .text.z_bss_zero
                0x0000000010008ca8       0x18 zephyr/kernel/libkernel.a(init.c.obj)
                0x0000000010008ca8                z_bss_zero
 .text.z_init_cpu
                0x0000000010008cc0       0x68 zephyr/kernel/libkernel.a(init.c.obj)
                0x0000000010008cc0                z_init_cpu
 .text.z_cstart
                0x0000000010008d28       0xf4 zephyr/kernel/libkernel.a(init.c.obj)
                0x0000000010008d28                z_cstart
 .text.z_impl_k_mutex_lock
                0x0000000010008e1c       0xf0 zephyr/kernel/libkernel.a(mutex.c.obj)
                0x0000000010008e1c                z_impl_k_mutex_lock
 .text.z_impl_k_mutex_unlock
                0x0000000010008f0c       0x78 zephyr/kernel/libkernel.a(mutex.c.obj)
                0x0000000010008f0c                z_impl_k_mutex_unlock
 .text.z_impl_k_sem_give
                0x0000000010008f84       0x48 zephyr/kernel/libkernel.a(sem.c.obj)
                0x0000000010008f84                z_impl_k_sem_give
 .text.z_impl_k_sem_take
                0x0000000010008fcc       0x4c zephyr/kernel/libkernel.a(sem.c.obj)
                0x0000000010008fcc                z_impl_k_sem_take
 .text.z_impl_k_sem_reset
                0x0000000010009018       0x38 zephyr/kernel/libkernel.a(sem.c.obj)
                0x0000000010009018                z_impl_k_sem_reset
 .text.z_setup_new_thread
                0x0000000010009050       0x7c zephyr/kernel/libkernel.a(thread.c.obj)
                0x0000000010009050                z_setup_new_thread
 .text.z_impl_k_thread_create
                0x00000000100090cc       0x58 zephyr/kernel/libkernel.a(thread.c.obj)
                0x00000000100090cc                z_impl_k_thread_create
 .text.update_cache
                0x0000000010009124       0x3c zephyr/kernel/libkernel.a(sched.c.obj)
 .text.unready_thread
                0x0000000010009160       0x30 zephyr/kernel/libkernel.a(sched.c.obj)
 .text.ready_thread
                0x0000000010009190       0x68 zephyr/kernel/libkernel.a(sched.c.obj)
 .text.z_thread_halt
                0x00000000100091f8       0xdc zephyr/kernel/libkernel.a(sched.c.obj)
 .text.move_thread_to_end_of_prio_q
                0x00000000100092d4       0x74 zephyr/kernel/libkernel.a(sched.c.obj)
                0x00000000100092d4                move_thread_to_end_of_prio_q
 .text.z_pend_curr
                0x0000000010009348       0x58 zephyr/kernel/libkernel.a(sched.c.obj)
                0x0000000010009348                z_pend_curr
 .text.z_thread_prio_set
                0x00000000100093a0       0x88 zephyr/kernel/libkernel.a(sched.c.obj)
                0x00000000100093a0                z_thread_prio_set
 .text.z_reschedule
                0x0000000010009428       0x24 zephyr/kernel/libkernel.a(sched.c.obj)
                0x0000000010009428                z_reschedule
 .text.z_sched_start
                0x000000001000944c       0x3c zephyr/kernel/libkernel.a(sched.c.obj)
                0x000000001000944c                z_sched_start
 .text.z_reschedule_irqlock
                0x0000000010009488       0x28 zephyr/kernel/libkernel.a(sched.c.obj)
                0x0000000010009488                z_reschedule_irqlock
 .text.k_sched_lock
                0x00000000100094b0       0x28 zephyr/kernel/libkernel.a(sched.c.obj)
                0x00000000100094b0                k_sched_lock
 .text.k_sched_unlock
                0x00000000100094d8       0x40 zephyr/kernel/libkernel.a(sched.c.obj)
                0x00000000100094d8                k_sched_unlock
 .text.z_sched_init
                0x0000000010009518       0x10 zephyr/kernel/libkernel.a(sched.c.obj)
                0x0000000010009518                z_sched_init
 .text.z_impl_k_yield
                0x0000000010009528       0x7c zephyr/kernel/libkernel.a(sched.c.obj)
                0x0000000010009528                z_impl_k_yield
 .text.z_tick_sleep
                0x00000000100095a4       0x88 zephyr/kernel/libkernel.a(sched.c.obj)
 .text.z_impl_k_sleep
                0x000000001000962c       0x3c zephyr/kernel/libkernel.a(sched.c.obj)
                0x000000001000962c                z_impl_k_sleep
 .text.z_impl_k_sched_current_thread_query
                0x0000000010009668        0xc zephyr/kernel/libkernel.a(sched.c.obj)
                0x0000000010009668                z_impl_k_sched_current_thread_query
 .text.slice_timeout
                0x0000000010009674       0x20 zephyr/kernel/libkernel.a(timeslicing.c.obj)
 .text.thread_is_sliceable
                0x0000000010009694       0x3c zephyr/kernel/libkernel.a(timeslicing.c.obj)
                0x0000000010009694                thread_is_sliceable
 .text.z_reset_time_slice
                0x00000000100096d0       0x50 zephyr/kernel/libkernel.a(timeslicing.c.obj)
                0x00000000100096d0                z_reset_time_slice
 .text.z_time_slice
                0x0000000010009720       0x60 zephyr/kernel/libkernel.a(timeslicing.c.obj)
                0x0000000010009720                z_time_slice
 .text.z_data_copy
                0x0000000010009780       0x34 zephyr/kernel/libkernel.a(xip.c.obj)
                0x0000000010009780                z_data_copy
 .text.elapsed  0x00000000100097b4       0x14 zephyr/kernel/libkernel.a(timeout.c.obj)
 .text.remove_timeout
                0x00000000100097c8       0x38 zephyr/kernel/libkernel.a(timeout.c.obj)
 .text.next_timeout
                0x0000000010009800       0x40 zephyr/kernel/libkernel.a(timeout.c.obj)
 .text.z_add_timeout
                0x0000000010009840       0xf4 zephyr/kernel/libkernel.a(timeout.c.obj)
                0x0000000010009840                z_add_timeout
 .text.sys_clock_announce
                0x0000000010009934       0xd0 zephyr/kernel/libkernel.a(timeout.c.obj)
                0x0000000010009934                sys_clock_announce
 .text.sys_clock_tick_get
                0x0000000010009a04       0x30 zephyr/kernel/libkernel.a(timeout.c.obj)
                0x0000000010009a04                sys_clock_tick_get
 .text.z_timer_expiration_handler
                0x0000000010009a34       0xe0 zephyr/kernel/libkernel.a(timer.c.obj)
                0x0000000010009a34                z_timer_expiration_handler
 .text.z_impl_k_timer_start
                0x0000000010009b14       0x74 zephyr/kernel/libkernel.a(timer.c.obj)
                0x0000000010009b14                z_impl_k_timer_start
 .text.boot_banner
                0x0000000010009b88        0xc zephyr/kernel/libkernel.a(banner.c.obj)
                0x0000000010009b88                boot_banner
 .text.printf   0x0000000010009b94       0x24 c:\users\jerpa77\zephyr-sdk-0.16.8\arm-zephyr-eabi\bin\../lib/gcc/../../picolibc/arm-zephyr-eabi/lib/thumb/v8-m.main/nofp\libc.a(libc_tinystdio_printf.c.o)
                0x0000000010009b94                printf
 .text.snprintf
                0x0000000010009bb8       0x58 c:\users\jerpa77\zephyr-sdk-0.16.8\arm-zephyr-eabi\bin\../lib/gcc/../../picolibc/arm-zephyr-eabi/lib/thumb/v8-m.main/nofp\libc.a(libc_tinystdio_snprintf.c.o)
                0x0000000010009bb8                snprintf
 .text.__l_vfprintf
                0x0000000010009c10      0x4b4 c:\users\jerpa77\zephyr-sdk-0.16.8\arm-zephyr-eabi\bin\../lib/gcc/../../picolibc/arm-zephyr-eabi/lib/thumb/v8-m.main/nofp\libc.a(libc_tinystdio_vflprintf.c.o)
                0x0000000010009c10                __l_vfprintf
 .text._OffsetAbsSyms
                0x000000001000a0c4        0x2 zephyr/CMakeFiles/offsets.dir/./arch/arm/core/offsets/offsets.c.obj
                0x000000001000a0c4                _OffsetAbsSyms
 .text.lfs_pair_isnull
                0x000000001000a0c6       0x14 app/libapp.a(lfs.c.obj)
 .text.lfs_pair_cmp
                0x000000001000a0da       0x22 app/libapp.a(lfs.c.obj)
 .text.lfs_pair_issync
                0x000000001000a0fc       0x28 app/libapp.a(lfs.c.obj)
 .text.lfs_tag_dsize
                0x000000001000a124       0x14 app/libapp.a(lfs.c.obj)
 .text.lfs_gstate_xor
                0x000000001000a138       0x1c app/libapp.a(lfs.c.obj)
 .text.lfs_gstate_iszero
                0x000000001000a154       0x18 app/libapp.a(lfs.c.obj)
 .text.lfs_gstate_hasmovehere
                0x000000001000a16c       0x1c app/libapp.a(lfs.c.obj)
 .text.lfs_alloc_lookahead
                0x000000001000a188       0x2c app/libapp.a(lfs.c.obj)
 .text.lfs_dir_commit_size
                0x000000001000a1b4       0x14 app/libapp.a(lfs.c.obj)
 .text.lfs_fs_preporphans
                0x000000001000a1c8       0x1c app/libapp.a(lfs.c.obj)
 .text.lfs_fs_size_count
                0x000000001000a1e4        0xa app/libapp.a(lfs.c.obj)
 .text.lfs_bd_read
                0x000000001000a1ee      0x172 app/libapp.a(lfs.c.obj)
 .text.lfs_dir_get
                0x000000001000a360       0x18 app/libapp.a(lfs.c.obj)
 .text.lfs_fs_parent_match
                0x000000001000a378       0x3c app/libapp.a(lfs.c.obj)
 .text.lfs_deinit
                0x000000001000a3b4       0x2c app/libapp.a(lfs.c.obj)
 .text.lfs_bd_crc.constprop.0
                0x000000001000a3e0       0x5c app/libapp.a(lfs.c.obj)
 .text.lfs_dir_fetch
                0x000000001000a43c       0x1a app/libapp.a(lfs.c.obj)
 .text.lfs_bd_cmp.constprop.0
                0x000000001000a456       0x64 app/libapp.a(lfs.c.obj)
 .text.lfs_dir_find_match
                0x000000001000a4ba       0x3a app/libapp.a(lfs.c.obj)
 .text.lfs_ctz_index.isra.0
                0x000000001000a4f4       0x3a app/libapp.a(lfs.c.obj)
 .text.lfs_ctz_find.constprop.0
                0x000000001000a52e       0x92 app/libapp.a(lfs.c.obj)
 .text.lfs_ctz_traverse
                0x000000001000a5c0       0x72 app/libapp.a(lfs.c.obj)
 .text.lfs_dir_alloc
                0x000000001000a632       0x7c app/libapp.a(lfs.c.obj)
 .text.lfs_bd_erase.isra.0
                0x000000001000a6ae        0x4 app/libapp.a(lfs.c.obj)
 .text.lfs_cache_zero.isra.0
                0x000000001000a6b2       0x16 app/libapp.a(lfs.c.obj)
 .text.lfs_init
                0x000000001000a6c8       0xde app/libapp.a(lfs.c.obj)
 .text.lfs_bd_flush
                0x000000001000a7a6       0x78 app/libapp.a(lfs.c.obj)
 .text.lfs_bd_prog
                0x000000001000a81e       0x94 app/libapp.a(lfs.c.obj)
 .text.lfs_dir_commitprog
                0x000000001000a8b2       0x3e app/libapp.a(lfs.c.obj)
 .text.lfs_dir_commitattr
                0x000000001000a8f0       0xaa app/libapp.a(lfs.c.obj)
 .text.lfs_dir_commit_commit
                0x000000001000a99a        0xc app/libapp.a(lfs.c.obj)
 .text.lfs_file_write_
                0x000000001000a9a6       0x8c app/libapp.a(lfs.c.obj)
 .text.lfs_dir_split
                0x000000001000aa32       0x74 app/libapp.a(lfs.c.obj)
 .text.lfs_dir_commit
                0x000000001000aaa6       0x1c app/libapp.a(lfs.c.obj)
 .text.lfs_file_sync_
                0x000000001000aac2       0xba app/libapp.a(lfs.c.obj)
 .text.lfs_file_close_
                0x000000001000ab7c       0x32 app/libapp.a(lfs.c.obj)
 .text.lfs_file_seek_
                0x000000001000abae       0x92 app/libapp.a(lfs.c.obj)
 .text.lfs_unmount
                0x000000001000ac40        0x4 app/libapp.a(lfs.c.obj)
                0x000000001000ac40                lfs_unmount
 .text.lfs_file_close
                0x000000001000ac44        0x4 app/libapp.a(lfs.c.obj)
                0x000000001000ac44                lfs_file_close
 .text.lfs_file_read
                0x000000001000ac48       0x2e app/libapp.a(lfs.c.obj)
                0x000000001000ac48                lfs_file_read
 .text.lfs_file_write
                0x000000001000ac76        0x4 app/libapp.a(lfs.c.obj)
                0x000000001000ac76                lfs_file_write
 .text.lfs_file_rewind
                0x000000001000ac7a       0x10 app/libapp.a(lfs.c.obj)
                0x000000001000ac7a                lfs_file_rewind
 .text.lfs_sync
                0x000000001000ac8a        0x4 app/libapp.a(main.c.obj)
                0x000000001000ac8a                lfs_sync
 .text.chunk_field
                0x000000001000ac8e       0x16 zephyr/libzephyr.a(heap.c.obj)
 .text.chunk_set
                0x000000001000aca4       0x16 zephyr/libzephyr.a(heap.c.obj)
 .text.chunk_size
                0x000000001000acba        0xc zephyr/libzephyr.a(heap.c.obj)
 .text.set_chunk_used
                0x000000001000acc6       0x30 zephyr/libzephyr.a(heap.c.obj)
 .text.set_chunk_size
                0x000000001000acf6        0x8 zephyr/libzephyr.a(heap.c.obj)
 .text.mem_to_chunkid
                0x000000001000acfe       0x14 zephyr/libzephyr.a(heap.c.obj)
 .text.bucket_idx.isra.0
                0x000000001000ad12       0x1c zephyr/libzephyr.a(heap.c.obj)
 .text.free_list_remove_bidx
                0x000000001000ad2e       0x5c zephyr/libzephyr.a(heap.c.obj)
 .text.free_list_remove
                0x000000001000ad8a       0x2e zephyr/libzephyr.a(heap.c.obj)
 .text.alloc_chunk
                0x000000001000adb8       0x74 zephyr/libzephyr.a(heap.c.obj)
 .text.split_chunks
                0x000000001000ae2c       0x4e zephyr/libzephyr.a(heap.c.obj)
 .text.merge_chunks
                0x000000001000ae7a       0x3c zephyr/libzephyr.a(heap.c.obj)
 .text.free_list_add
                0x000000001000aeb6       0x84 zephyr/libzephyr.a(heap.c.obj)
 .text.free_chunk
                0x000000001000af3a       0x84 zephyr/libzephyr.a(heap.c.obj)
 .text.sys_heap_free
                0x000000001000afbe       0x24 zephyr/libzephyr.a(heap.c.obj)
                0x000000001000afbe                sys_heap_free
 .text.sys_heap_alloc
                0x000000001000afe2       0x6e zephyr/libzephyr.a(heap.c.obj)
                0x000000001000afe2                sys_heap_alloc
 .text.sys_heap_aligned_alloc
                0x000000001000b050       0xe8 zephyr/libzephyr.a(heap.c.obj)
                0x000000001000b050                sys_heap_aligned_alloc
 .text.sys_heap_init
                0x000000001000b138       0xb0 zephyr/libzephyr.a(heap.c.obj)
                0x000000001000b138                sys_heap_init
 .text.cbpprintf_external
                0x000000001000b1e8       0x62 zephyr/libzephyr.a(cbprintf_packaged.c.obj)
                0x000000001000b1e8                cbpprintf_external
 .text.is_ptr   0x000000001000b24a       0x4a zephyr/libzephyr.a(cbprintf_packaged.c.obj)
                0x000000001000b24a                is_ptr
 .text.arch_printk_char_out
                0x000000001000b294        0x4 zephyr/libzephyr.a(printk.c.obj)
                0x000000001000b294                arch_printk_char_out
 .text.printk   0x000000001000b298       0x1a zephyr/libzephyr.a(printk.c.obj)
                0x000000001000b298                printk
 .text.free_space
                0x000000001000b2b2       0x26 zephyr/libzephyr.a(mpsc_pbuf.c.obj)
 .text.get_usage
                0x000000001000b2d8       0x22 zephyr/libzephyr.a(mpsc_pbuf.c.obj)
 .text.idx_inc  0x000000001000b2fa       0x1c zephyr/libzephyr.a(mpsc_pbuf.c.obj)
 .text.rd_idx_inc
                0x000000001000b316       0x18 zephyr/libzephyr.a(mpsc_pbuf.c.obj)
 .text.add_skip_item
                0x000000001000b32e       0x3e zephyr/libzephyr.a(mpsc_pbuf.c.obj)
 .text.drop_item_locked
                0x000000001000b36c       0xee zephyr/libzephyr.a(mpsc_pbuf.c.obj)
 .text.post_drop_action
                0x000000001000b45a       0x36 zephyr/libzephyr.a(mpsc_pbuf.c.obj)
 .text.max_utilization_update
                0x000000001000b490       0x1a zephyr/libzephyr.a(mpsc_pbuf.c.obj)
 .text.mpsc_pbuf_init
                0x000000001000b4aa       0x42 zephyr/libzephyr.a(mpsc_pbuf.c.obj)
                0x000000001000b4aa                mpsc_pbuf_init
 .text.mpsc_pbuf_alloc
                0x000000001000b4ec       0xf8 zephyr/libzephyr.a(mpsc_pbuf.c.obj)
                0x000000001000b4ec                mpsc_pbuf_alloc
 .text.mpsc_pbuf_commit
                0x000000001000b5e4       0x3e zephyr/libzephyr.a(mpsc_pbuf.c.obj)
                0x000000001000b5e4                mpsc_pbuf_commit
 .text.mpsc_pbuf_claim
                0x000000001000b622       0xa8 zephyr/libzephyr.a(mpsc_pbuf.c.obj)
                0x000000001000b622                mpsc_pbuf_claim
 .text.mpsc_pbuf_free
                0x000000001000b6ca       0x76 zephyr/libzephyr.a(mpsc_pbuf.c.obj)
                0x000000001000b6ca                mpsc_pbuf_free
 .text.mpsc_pbuf_is_pending
                0x000000001000b740       0x32 zephyr/libzephyr.a(mpsc_pbuf.c.obj)
                0x000000001000b740                mpsc_pbuf_is_pending
 .text._ConfigAbsSyms
                0x000000001000b772        0x2 zephyr/libzephyr.a(configs.c.obj)
                0x000000001000b772                _ConfigAbsSyms
 .text.z_arm_platform_init
                0x000000001000b774        0x4 zephyr/libzephyr.a(soc.c.obj)
                0x000000001000b774                z_arm_platform_init
 .text.log_msg_generic_get_wlen
                0x000000001000b778       0x20 zephyr/libzephyr.a(log_core.c.obj)
 .text.dummy_timestamp
                0x000000001000b798        0x4 zephyr/libzephyr.a(log_core.c.obj)
 .text.atomic_inc
                0x000000001000b79c       0x12 zephyr/libzephyr.a(log_core.c.obj)
 .text.default_lf_get_timestamp
                0x000000001000b7ae       0x10 zephyr/libzephyr.a(log_core.c.obj)
 .text.z_log_vprintk
                0x000000001000b7be       0x1c zephyr/libzephyr.a(log_core.c.obj)
                0x000000001000b7be                z_log_vprintk
 .text.z_log_notify_drop
                0x000000001000b7da        0x6 zephyr/libzephyr.a(log_core.c.obj)
 .text.z_log_get_tag
                0x000000001000b7e0        0x4 zephyr/libzephyr.a(log_core.c.obj)
                0x000000001000b7e0                z_log_get_tag
 .text.z_cbprintf_cpy
                0x000000001000b7e4       0x2c zephyr/libzephyr.a(log_msg.c.obj)
 .text.z_log_msg_finalize
                0x000000001000b810       0x32 zephyr/libzephyr.a(log_msg.c.obj)
                0x000000001000b810                z_log_msg_finalize
 .text.z_log_msg_simple_create
                0x000000001000b842       0x6e zephyr/libzephyr.a(log_msg.c.obj)
 .text.z_impl_z_log_msg_simple_create_0
                0x000000001000b8b0       0x12 zephyr/libzephyr.a(log_msg.c.obj)
                0x000000001000b8b0                z_impl_z_log_msg_simple_create_0
 .text.z_impl_z_log_msg_simple_create_1
                0x000000001000b8c2       0x14 zephyr/libzephyr.a(log_msg.c.obj)
                0x000000001000b8c2                z_impl_z_log_msg_simple_create_1
 .text.z_impl_z_log_msg_simple_create_2
                0x000000001000b8d6       0x18 zephyr/libzephyr.a(log_msg.c.obj)
                0x000000001000b8d6                z_impl_z_log_msg_simple_create_2
 .text.buffer_write
                0x000000001000b8ee       0x1c zephyr/libzephyr.a(log_output.c.obj)
 .text.log_output_flush
                0x000000001000b90a       0x1a zephyr/libzephyr.a(log_output.c.obj)
                0x000000001000b90a                log_output_flush
 .text.out_func
                0x000000001000b924       0x2e zephyr/libzephyr.a(log_output.c.obj)
 .text.cr_out_func
                0x000000001000b952       0x1c zephyr/libzephyr.a(log_output.c.obj)
 .text.log_output_msg_process
                0x000000001000b96e       0x6a zephyr/libzephyr.a(log_output.c.obj)
                0x000000001000b96e                log_output_msg_process
 .text.format_set
                0x000000001000b9d8        0xc zephyr/libzephyr.a(log_backend_uart.c.obj)
 .text.log_backend_uart_init
                0x000000001000b9e4        0xc zephyr/libzephyr.a(log_backend_uart.c.obj)
 .text.panic    0x000000001000b9f0       0x10 zephyr/libzephyr.a(log_backend_uart.c.obj)
 .text.dropped  0x000000001000ba00        0xa zephyr/libzephyr.a(log_backend_uart.c.obj)
 .text.process  0x000000001000ba0a       0x1e zephyr/libzephyr.a(log_backend_uart.c.obj)
 .text.z_do_kernel_oops
                0x000000001000ba28        0x8 zephyr/arch/arch/arm/core/libarch__arm__core.a(fatal.c.obj)
                0x000000001000ba28                z_do_kernel_oops
 .text.z_arm_nmi
                0x000000001000ba30        0xe zephyr/arch/arch/arm/core/libarch__arm__core.a(nmi.c.obj)
                0x000000001000ba30                z_arm_nmi
 .text.z_log_msg_simple_create_0.constprop.0
                0x000000001000ba3e        0x8 zephyr/arch/arch/arm/core/cortex_m/libarch__arm__core__cortex_m.a(fault.c.obj)
 .text.z_irq_spurious
                0x000000001000ba46        0x8 zephyr/arch/arch/arm/core/cortex_m/libarch__arm__core__cortex_m.a(irq_manage.c.obj)
                0x000000001000ba46                z_irq_spurious
 .text.configure_builtin_stack_guard
                0x000000001000ba4e        0x8 zephyr/arch/arch/arm/core/cortex_m/libarch__arm__core__cortex_m.a(thread.c.obj)
                0x000000001000ba4e                configure_builtin_stack_guard
 .text.arch_irq_unlock_outlined
                0x000000001000ba56        0xe zephyr/arch/arch/arm/core/cortex_m/libarch__arm__core__cortex_m.a(thread.c.obj)
                0x000000001000ba56                arch_irq_unlock_outlined
 .text.arch_cpu_idle
                0x000000001000ba64       0x1a zephyr/arch/arch/arm/core/cortex_m/libarch__arm__core__cortex_m.a(cpu_idle.c.obj)
                0x000000001000ba64                arch_cpu_idle
 .text.arm_cmse_mpu_region_get
                0x000000001000ba7e       0x12 zephyr/arch/arch/arm/core/cortex_m/cmse/libarch__arm__core__cortex_m__cmse.a(arm_core_cmse.c.obj)
                0x000000001000ba7e                arm_cmse_mpu_region_get
 .text.mpu_configure_region
                0x000000001000ba90       0x32 zephyr/arch/arch/arm/core/mpu/libarch__arm__core__mpu.a(arm_mpu.c.obj)
 .text.cbputc   0x000000001000bac2        0xc zephyr/lib/libc/picolibc/liblib__libc__picolibc.a(libc-hooks.c.obj)
 .text.picolibc_put
                0x000000001000bace        0xa zephyr/lib/libc/picolibc/liblib__libc__picolibc.a(libc-hooks.c.obj)
 .text.sdhc_set_io
                0x000000001000bad8        0xe zephyr/subsys/sd/libsubsys__sd.a(sd.c.obj)
 .text.z_log_msg_simple_create_0
                0x000000001000bae6        0x4 zephyr/subsys/sd/libsubsys__sd.a(sd.c.obj)
 .text.k_mutex_unlock
                0x000000001000baea        0x4 zephyr/subsys/sd/libsubsys__sd.a(sd.c.obj)
 .text.sd_send_interface_condition.part.0
                0x000000001000baee       0x60 zephyr/subsys/sd/libsubsys__sd.a(sd.c.obj)
 .text.k_msleep.isra.0
                0x000000001000bb4e        0xe zephyr/subsys/sd/libsubsys__sd.a(sd.c.obj)
 .text.sd_idle.isra.0
                0x000000001000bb5c       0x2a zephyr/subsys/sd/libsubsys__sd.a(sd.c.obj)
 .text.sd_is_card_present
                0x000000001000bb86       0x1a zephyr/subsys/sd/libsubsys__sd.a(sd.c.obj)
                0x000000001000bb86                sd_is_card_present
 .text.sdhc_request
                0x000000001000bba0        0xe zephyr/subsys/sd/libsubsys__sd.a(sd_ops.c.obj)
 .text.sdhc_set_io
                0x000000001000bbae        0xe zephyr/subsys/sd/libsubsys__sd.a(sd_ops.c.obj)
 .text.sdhc_card_busy
                0x000000001000bbbc        0xe zephyr/subsys/sd/libsubsys__sd.a(sd_ops.c.obj)
 .text.z_log_msg_simple_create_0
                0x000000001000bbca        0x4 zephyr/subsys/sd/libsubsys__sd.a(sd_ops.c.obj)
 .text.sdmmc_read_cxd.isra.0
                0x000000001000bbce       0x30 zephyr/subsys/sd/libsubsys__sd.a(sd_ops.c.obj)
 .text.k_mutex_unlock.isra.0
                0x000000001000bbfe        0x4 zephyr/subsys/sd/libsubsys__sd.a(sd_ops.c.obj)
 .text.k_msleep.isra.0
                0x000000001000bc02        0xa zephyr/subsys/sd/libsubsys__sd.a(sd_ops.c.obj)
 .text.sdmmc_read_status
                0x000000001000bc0c       0x7c zephyr/subsys/sd/libsubsys__sd.a(sd_ops.c.obj)
                0x000000001000bc0c                sdmmc_read_status
 .text.sdmmc_read_csd
                0x000000001000bc88       0x6a zephyr/subsys/sd/libsubsys__sd.a(sd_ops.c.obj)
                0x000000001000bc88                sdmmc_read_csd
 .text.card_read_cid
                0x000000001000bcf2       0x14 zephyr/subsys/sd/libsubsys__sd.a(sd_ops.c.obj)
                0x000000001000bcf2                card_read_cid
 .text.sdmmc_request_rca
                0x000000001000bd06       0x34 zephyr/subsys/sd/libsubsys__sd.a(sd_ops.c.obj)
                0x000000001000bd06                sdmmc_request_rca
 .text.sdhc_request
                0x000000001000bd3a        0xe zephyr/subsys/sd/libsubsys__sd.a(sdmmc.c.obj)
 .text.sdhc_set_io
                0x000000001000bd48        0xe zephyr/subsys/sd/libsubsys__sd.a(sdmmc.c.obj)
 .text.z_log_msg_simple_create_0
                0x000000001000bd56        0x4 zephyr/subsys/sd/libsubsys__sd.a(sdmmc.c.obj)
 .text.sdmmc_select_bus_speed
                0x000000001000bd5a       0x78 zephyr/subsys/sd/libsubsys__sd.a(sdmmc.c.obj)
 .text.sdmmc_switch.isra.0
                0x000000001000bdd2       0x66 zephyr/subsys/sd/libsubsys__sd.a(sdmmc.c.obj)
 .text.sdmmc_ioctl
                0x000000001000be38        0x4 zephyr/subsys/sd/libsubsys__sd.a(sdmmc.c.obj)
                0x000000001000be38                sdmmc_ioctl
 .text.sdmmc_read_blocks
                0x000000001000be3c        0x4 zephyr/subsys/sd/libsubsys__sd.a(sdmmc.c.obj)
                0x000000001000be3c                sdmmc_read_blocks
 .text.sdmmc_write_blocks
                0x000000001000be40        0x4 zephyr/subsys/sd/libsubsys__sd.a(sdmmc.c.obj)
                0x000000001000be40                sdmmc_write_blocks
 .text.mcux_lpc_syscon_clock_control_on
                0x000000001000be44       0x4a zephyr/drivers/clock_control/libdrivers__clock_control.a(clock_control_mcux_syscon.c.obj)
 .text.mcux_lpc_syscon_clock_control_off
                0x000000001000be8e        0x4 zephyr/drivers/clock_control/libdrivers__clock_control.a(clock_control_mcux_syscon.c.obj)
 .text.mcux_lpc_syscon_clock_control_set_subsys_rate
                0x000000001000be92        0x6 zephyr/drivers/clock_control/libdrivers__clock_control.a(clock_control_mcux_syscon.c.obj)
 .text.mcux_lpc_syscon_clock_control_get_subsys_rate
                0x000000001000be98       0x72 zephyr/drivers/clock_control/libdrivers__clock_control.a(clock_control_mcux_syscon.c.obj)
 .text.gpio_mcux_configure
                0x000000001000bf0a       0xa0 zephyr/drivers/gpio/libdrivers__gpio.a(gpio_mcux.c.obj)
 .text.gpio_mcux_port_get_raw
                0x000000001000bfaa        0xc zephyr/drivers/gpio/libdrivers__gpio.a(gpio_mcux.c.obj)
 .text.gpio_mcux_port_set_masked_raw
                0x000000001000bfb6       0x12 zephyr/drivers/gpio/libdrivers__gpio.a(gpio_mcux.c.obj)
 .text.gpio_mcux_port_set_bits_raw
                0x000000001000bfc8        0xa zephyr/drivers/gpio/libdrivers__gpio.a(gpio_mcux.c.obj)
 .text.gpio_mcux_port_clear_bits_raw
                0x000000001000bfd2        0xa zephyr/drivers/gpio/libdrivers__gpio.a(gpio_mcux.c.obj)
 .text.gpio_mcux_port_toggle_bits
                0x000000001000bfdc        0xa zephyr/drivers/gpio/libdrivers__gpio.a(gpio_mcux.c.obj)
 .text.gpio_mcux_manage_callback
                0x000000001000bfe6       0x52 zephyr/drivers/gpio/libdrivers__gpio.a(gpio_mcux.c.obj)
 .text.gpio_mcux_port0_init
                0x000000001000c038       0x16 zephyr/drivers/gpio/libdrivers__gpio.a(gpio_mcux.c.obj)
 .text.gpio_mcux_port1_init
                0x000000001000c04e       0x16 zephyr/drivers/gpio/libdrivers__gpio.a(gpio_mcux.c.obj)
 .text.gpio_mcux_port2_init
                0x000000001000c064       0x16 zephyr/drivers/gpio/libdrivers__gpio.a(gpio_mcux.c.obj)
 .text.gpio_mcux_port3_init
                0x000000001000c07a       0x16 zephyr/drivers/gpio/libdrivers__gpio.a(gpio_mcux.c.obj)
 .text.gpio_mcux_pin_interrupt_configure
                0x000000001000c090       0x7a zephyr/drivers/gpio/libdrivers__gpio.a(gpio_mcux.c.obj)
 .text.gpio_mcux_port_isr
                0x000000001000c10a       0x36 zephyr/drivers/gpio/libdrivers__gpio.a(gpio_mcux.c.obj)
 .text.nxp_lp_flexcomm_isr
                0x000000001000c140       0x44 zephyr/drivers/mfd/libdrivers__mfd.a(mfd_nxp_lp_flexcomm.c.obj)
                0x000000001000c140                nxp_lp_flexcomm_isr
 .text.nxp_lp_flexcomm_config_func_0
                0x000000001000c184       0x16 zephyr/drivers/mfd/libdrivers__mfd.a(mfd_nxp_lp_flexcomm.c.obj)
 .text.nxp_lp_flexcomm_config_func_1
                0x000000001000c19a       0x16 zephyr/drivers/mfd/libdrivers__mfd.a(mfd_nxp_lp_flexcomm.c.obj)
 .text.nxp_lp_flexcomm_config_func_2
                0x000000001000c1b0       0x16 zephyr/drivers/mfd/libdrivers__mfd.a(mfd_nxp_lp_flexcomm.c.obj)
 .text.nxp_lp_flexcomm_init
                0x000000001000c1c6       0x7a zephyr/drivers/mfd/libdrivers__mfd.a(mfd_nxp_lp_flexcomm.c.obj)
 .text.nxp_lp_flexcomm_setirqhandler
                0x000000001000c240       0x12 zephyr/drivers/mfd/libdrivers__mfd.a(mfd_nxp_lp_flexcomm.c.obj)
                0x000000001000c240                nxp_lp_flexcomm_setirqhandler
 .text.pinctrl_lookup_state
                0x000000001000c252       0x26 zephyr/drivers/pinctrl/libdrivers__pinctrl.a(common.c.obj)
                0x000000001000c252                pinctrl_lookup_state
 .text.gpio_pin_configure_dt
                0x000000001000c278       0x3e zephyr/drivers/sdhc/libdrivers__sdhc.a(imx_usdhc.c.obj)
 .text.gpio_pin_get_dt
                0x000000001000c2b6       0x2a zephyr/drivers/sdhc/libdrivers__sdhc.a(imx_usdhc.c.obj)
 .text.gpio_pin_set_dt
                0x000000001000c2e0       0x28 zephyr/drivers/sdhc/libdrivers__sdhc.a(imx_usdhc.c.obj)
 .text.sdio_interrupt_cb
                0x000000001000c308       0x14 zephyr/drivers/sdhc/libdrivers__sdhc.a(imx_usdhc.c.obj)
 .text.card_inserted_cb
                0x000000001000c31c       0x14 zephyr/drivers/sdhc/libdrivers__sdhc.a(imx_usdhc.c.obj)
 .text.card_removed_cb
                0x000000001000c330       0x14 zephyr/drivers/sdhc/libdrivers__sdhc.a(imx_usdhc.c.obj)
 .text.card_detect_gpio_cb
                0x000000001000c344       0x2e zephyr/drivers/sdhc/libdrivers__sdhc.a(imx_usdhc.c.obj)
 .text.imx_usdhc_card_busy
                0x000000001000c372       0x12 zephyr/drivers/sdhc/libdrivers__sdhc.a(imx_usdhc.c.obj)
 .text.imx_usdhc_enable_interrupt
                0x000000001000c384       0xd6 zephyr/drivers/sdhc/libdrivers__sdhc.a(imx_usdhc.c.obj)
 .text.imx_usdhc_disable_interrupt
                0x000000001000c45a       0x96 zephyr/drivers/sdhc/libdrivers__sdhc.a(imx_usdhc.c.obj)
 .text.imx_usdhc_get_host_props
                0x000000001000c4f0       0x16 zephyr/drivers/sdhc/libdrivers__sdhc.a(imx_usdhc.c.obj)
 .text.imx_usdhc_reset
                0x000000001000c506       0x3e zephyr/drivers/sdhc/libdrivers__sdhc.a(imx_usdhc.c.obj)
 .text.usdhc_0_irq_config_func
                0x000000001000c544       0x16 zephyr/drivers/sdhc/libdrivers__sdhc.a(imx_usdhc.c.obj)
 .text.imx_usdhc_isr
                0x000000001000c55a       0x12 zephyr/drivers/sdhc/libdrivers__sdhc.a(imx_usdhc.c.obj)
 .text.transfer_complete_cb
                0x000000001000c56c       0x48 zephyr/drivers/sdhc/libdrivers__sdhc.a(imx_usdhc.c.obj)
 .text.pinctrl_apply_state
                0x000000001000c5b4       0x1e zephyr/drivers/sdhc/libdrivers__sdhc.a(imx_usdhc.c.obj)
 .text.imx_usdhc_transfer
                0x000000001000c5d2       0x9a zephyr/drivers/sdhc/libdrivers__sdhc.a(imx_usdhc.c.obj)
 .text.imx_usdhc_execute_tuning
                0x000000001000c66c      0x132 zephyr/drivers/sdhc/libdrivers__sdhc.a(imx_usdhc.c.obj)
 .text.mcux_lpuart_irq_update
                0x000000001000c79e        0x4 zephyr/drivers/serial/libdrivers__serial.a(uart_mcux_lpuart.c.obj)
 .text.mcux_lpuart_irq_callback_set
                0x000000001000c7a2        0x8 zephyr/drivers/serial/libdrivers__serial.a(uart_mcux_lpuart.c.obj)
 .text.mcux_lpuart_config_get
                0x000000001000c7aa       0x10 zephyr/drivers/serial/libdrivers__serial.a(uart_mcux_lpuart.c.obj)
 .text.mcux_lpuart_config_func_0
                0x000000001000c7ba        0x2 zephyr/drivers/serial/libdrivers__serial.a(uart_mcux_lpuart.c.obj)
 .text.mcux_lpuart_irq_err_disable
                0x000000001000c7bc        0xc zephyr/drivers/serial/libdrivers__serial.a(uart_mcux_lpuart.c.obj)
 .text.mcux_lpuart_irq_rx_disable
                0x000000001000c7c8        0xc zephyr/drivers/serial/libdrivers__serial.a(uart_mcux_lpuart.c.obj)
 .text.mcux_lpuart_irq_tx_disable
                0x000000001000c7d4        0xc zephyr/drivers/serial/libdrivers__serial.a(uart_mcux_lpuart.c.obj)
 .text.mcux_lpuart_irq_err_enable
                0x000000001000c7e0        0xc zephyr/drivers/serial/libdrivers__serial.a(uart_mcux_lpuart.c.obj)
 .text.mcux_lpuart_irq_rx_enable
                0x000000001000c7ec        0xc zephyr/drivers/serial/libdrivers__serial.a(uart_mcux_lpuart.c.obj)
 .text.mcux_lpuart_irq_tx_enable
                0x000000001000c7f8        0xc zephyr/drivers/serial/libdrivers__serial.a(uart_mcux_lpuart.c.obj)
 .text.mcux_lpuart_irq_rx_full
                0x000000001000c804       0x10 zephyr/drivers/serial/libdrivers__serial.a(uart_mcux_lpuart.c.obj)
 .text.mcux_lpuart_irq_tx_complete
                0x000000001000c814       0x10 zephyr/drivers/serial/libdrivers__serial.a(uart_mcux_lpuart.c.obj)
 .text.mcux_lpuart_irq_tx_ready
                0x000000001000c824       0x1e zephyr/drivers/serial/libdrivers__serial.a(uart_mcux_lpuart.c.obj)
 .text.mcux_lpuart_irq_is_pending
                0x000000001000c842       0x2c zephyr/drivers/serial/libdrivers__serial.a(uart_mcux_lpuart.c.obj)
 .text.mcux_lpuart_fifo_read
                0x000000001000c86e       0x4e zephyr/drivers/serial/libdrivers__serial.a(uart_mcux_lpuart.c.obj)
 .text.mcux_lpuart_fifo_fill
                0x000000001000c8bc       0x34 zephyr/drivers/serial/libdrivers__serial.a(uart_mcux_lpuart.c.obj)
 .text.mcux_lpuart_poll_out
                0x000000001000c8f0       0x2c zephyr/drivers/serial/libdrivers__serial.a(uart_mcux_lpuart.c.obj)
 .text.mcux_lpuart_err_check
                0x000000001000c91c       0x34 zephyr/drivers/serial/libdrivers__serial.a(uart_mcux_lpuart.c.obj)
 .text.mcux_lpuart_isr
                0x000000001000c950       0x2e zephyr/drivers/serial/libdrivers__serial.a(uart_mcux_lpuart.c.obj)
 .text.mcux_lpuart_configure_init
                0x000000001000c97e      0x148 zephyr/drivers/serial/libdrivers__serial.a(uart_mcux_lpuart.c.obj)
 .text.pinctrl_apply_state.constprop.0
                0x000000001000cac6       0x20 zephyr/drivers/serial/libdrivers__serial.a(uart_mcux_lpuart.c.obj)
 .text.mcux_lpuart_configure
                0x000000001000cae6       0x30 zephyr/drivers/serial/libdrivers__serial.a(uart_mcux_lpuart.c.obj)
 .text.mcux_lpuart_config_func_1
                0x000000001000cb16        0x2 zephyr/drivers/serial/libdrivers__serial.a(uart_mcux_lpuart.c.obj)
 .text.mcux_lpuart_poll_in
                0x000000001000cb18       0x40 zephyr/drivers/serial/libdrivers__serial.a(uart_mcux_lpuart.c.obj)
 .text.CLOCK_SetClkDiv
                0x000000001000cb58       0x22 modules/hal_nxp/hal_nxp/lib..__modules__hal__nxp.a(fsl_clock.c.obj)
                0x000000001000cb58                CLOCK_SetClkDiv
 .text.CLOCK_GetPllClkDivFreq
                0x000000001000cb7a       0x3c modules/hal_nxp/hal_nxp/lib..__modules__hal__nxp.a(fsl_clock.c.obj)
                0x000000001000cb7a                CLOCK_GetPllClkDivFreq
 .text.CLOCK_GetUsdhcClkFreq
                0x000000001000cbb6       0x58 modules/hal_nxp/hal_nxp/lib..__modules__hal__nxp.a(fsl_clock.c.obj)
                0x000000001000cbb6                CLOCK_GetUsdhcClkFreq
 .text.CLOCK_GetCoreSysClkFreq
                0x000000001000cc0e       0x18 modules/hal_nxp/hal_nxp/lib..__modules__hal__nxp.a(fsl_clock.c.obj)
                0x000000001000cc0e                CLOCK_GetCoreSysClkFreq
 .text.RESET_ClearPeripheralReset
                0x000000001000cc26       0x26 modules/hal_nxp/hal_nxp/lib..__modules__hal__nxp.a(fsl_reset.c.obj)
                0x000000001000cc26                RESET_ClearPeripheralReset
 .text.SystemInitHook
                0x000000001000cc4c        0x2 modules/hal_nxp/hal_nxp/lib..__modules__hal__nxp.a(system_MCXN947_cm33_core0.c.obj)
                0x000000001000cc4c                SystemInitHook
 .text.LPUART_Deinit
                0x000000001000cc4e       0x20 modules/hal_nxp/hal_nxp/lib..__modules__hal__nxp.a(fsl_lpuart.c.obj)
                0x000000001000cc4e                LPUART_Deinit
 .text.LPUART_GetDefaultConfig
                0x000000001000cc6e       0x16 modules/hal_nxp/hal_nxp/lib..__modules__hal__nxp.a(fsl_lpuart.c.obj)
                0x000000001000cc6e                LPUART_GetDefaultConfig
 .text.LPUART_GetEnabledInterrupts
                0x000000001000cc84       0x44 modules/hal_nxp/hal_nxp/lib..__modules__hal__nxp.a(fsl_lpuart.c.obj)
                0x000000001000cc84                LPUART_GetEnabledInterrupts
 .text.USDHC_SetTransferConfig
                0x000000001000ccc8       0xac modules/hal_nxp/hal_nxp/lib..__modules__hal__nxp.a(fsl_usdhc.c.obj)
 .text.USDHC_ReceiveCommandResponse
                0x000000001000cd74       0x52 modules/hal_nxp/hal_nxp/lib..__modules__hal__nxp.a(fsl_usdhc.c.obj)
 .text.USDHC_ReadDataPort
                0x000000001000cdc6       0x4a modules/hal_nxp/hal_nxp/lib..__modules__hal__nxp.a(fsl_usdhc.c.obj)
 .text.USDHC_WriteDataPort
                0x000000001000ce10       0x4c modules/hal_nxp/hal_nxp/lib..__modules__hal__nxp.a(fsl_usdhc.c.obj)
 .text.USDHC_SendCommand
                0x000000001000ce5c       0x7a modules/hal_nxp/hal_nxp/lib..__modules__hal__nxp.a(fsl_usdhc.c.obj)
                0x000000001000ce5c                USDHC_SendCommand
 .text.USDHC_Reset
                0x000000001000ced6       0x22 modules/hal_nxp/hal_nxp/lib..__modules__hal__nxp.a(fsl_usdhc.c.obj)
                0x000000001000ced6                USDHC_Reset
 .text.USDHC_GetCapability
                0x000000001000cef8       0x2c modules/hal_nxp/hal_nxp/lib..__modules__hal__nxp.a(fsl_usdhc.c.obj)
                0x000000001000cef8                USDHC_GetCapability
 .text.USDHC_SetSdClock
                0x000000001000cf24       0xa8 modules/hal_nxp/hal_nxp/lib..__modules__hal__nxp.a(fsl_usdhc.c.obj)
                0x000000001000cf24                USDHC_SetSdClock
 .text.USDHC_SetCardActive
                0x000000001000cfcc       0x1e modules/hal_nxp/hal_nxp/lib..__modules__hal__nxp.a(fsl_usdhc.c.obj)
                0x000000001000cfcc                USDHC_SetCardActive
 .text.USDHC_EnableDDRMode
                0x000000001000cfea       0x44 modules/hal_nxp/hal_nxp/lib..__modules__hal__nxp.a(fsl_usdhc.c.obj)
                0x000000001000cfea                USDHC_EnableDDRMode
 .text.USDHC_SetADMA1Descriptor
                0x000000001000d02e       0x88 modules/hal_nxp/hal_nxp/lib..__modules__hal__nxp.a(fsl_usdhc.c.obj)
                0x000000001000d02e                USDHC_SetADMA1Descriptor
 .text.USDHC_SetInternalDmaConfig
                0x000000001000d0b6       0x52 modules/hal_nxp/hal_nxp/lib..__modules__hal__nxp.a(fsl_usdhc.c.obj)
                0x000000001000d0b6                USDHC_SetInternalDmaConfig
 .text.USDHC_SetAdmaTableConfig
                0x000000001000d108       0x74 modules/hal_nxp/hal_nxp/lib..__modules__hal__nxp.a(fsl_usdhc.c.obj)
                0x000000001000d108                USDHC_SetAdmaTableConfig
 .text.USDHC_SetTuningDelay
                0x000000001000d17c       0x30 modules/hal_nxp/hal_nxp/lib..__modules__hal__nxp.a(fsl_usdhc.c.obj)
                0x000000001000d17c                USDHC_SetTuningDelay
 .text.USDHC_EnableStandardTuning
                0x000000001000d1ac       0x4c modules/hal_nxp/hal_nxp/lib..__modules__hal__nxp.a(fsl_usdhc.c.obj)
                0x000000001000d1ac                USDHC_EnableStandardTuning
 .text.SPC_SetSRAMOperateVoltage
                0x000000001000d1f8       0x24 modules/hal_nxp/hal_nxp/lib..__modules__hal__nxp.a(fsl_spc.c.obj)
                0x000000001000d1f8                SPC_SetSRAMOperateVoltage
 .text.SPC_SetActiveModeCoreLDORegulatorVoltageLevel
                0x000000001000d21c       0x38 modules/hal_nxp/hal_nxp/lib..__modules__hal__nxp.a(fsl_spc.c.obj)
                0x000000001000d21c                SPC_SetActiveModeCoreLDORegulatorVoltageLevel
 .text.SPC_SetActiveModeCoreLDORegulatorDriveStrength
                0x000000001000d254       0x3c modules/hal_nxp/hal_nxp/lib..__modules__hal__nxp.a(fsl_spc.c.obj)
                0x000000001000d254                SPC_SetActiveModeCoreLDORegulatorDriveStrength
 .text.SPC_SetActiveModeCoreLDORegulatorConfig
                0x000000001000d290       0x60 modules/hal_nxp/hal_nxp/lib..__modules__hal__nxp.a(fsl_spc.c.obj)
                0x000000001000d290                SPC_SetActiveModeCoreLDORegulatorConfig
 .text.SPC_SetActiveModeDCDCRegulatorDriveStrength
                0x000000001000d2f0       0x2c modules/hal_nxp/hal_nxp/lib..__modules__hal__nxp.a(fsl_spc.c.obj)
                0x000000001000d2f0                SPC_SetActiveModeDCDCRegulatorDriveStrength
 .text.SPC_SetActiveModeDCDCRegulatorConfig
                0x000000001000d31c       0x38 modules/hal_nxp/hal_nxp/lib..__modules__hal__nxp.a(fsl_spc.c.obj)
                0x000000001000d31c                SPC_SetActiveModeDCDCRegulatorConfig
 .text.CACHE64_GetInstanceByAddr
                0x000000001000d354       0x18 modules/hal_nxp/hal_nxp/lib..__modules__hal__nxp.a(fsl_cache.c.obj)
                0x000000001000d354                CACHE64_GetInstanceByAddr
 .text.z_impl_k_busy_wait
                0x000000001000d36c       0x1c zephyr/kernel/libkernel.a(busy_wait.c.obj)
                0x000000001000d36c                z_impl_k_busy_wait
 .text.z_device_state_init
                0x000000001000d388        0x2 zephyr/kernel/libkernel.a(device.c.obj)
                0x000000001000d388                z_device_state_init
 .text.z_impl_device_is_ready
                0x000000001000d38a       0x16 zephyr/kernel/libkernel.a(device.c.obj)
                0x000000001000d38a                z_impl_device_is_ready
 .text.arch_system_halt
                0x000000001000d3a0       0x10 zephyr/kernel/libkernel.a(fatal.c.obj)
                0x000000001000d3a0                arch_system_halt
 .text.do_device_init
                0x000000001000d3b0       0x30 zephyr/kernel/libkernel.a(init.c.obj)
 .text.z_early_memset
                0x000000001000d3e0        0x4 zephyr/kernel/libkernel.a(init.c.obj)
                0x000000001000d3e0                z_early_memset
 .text.z_early_memcpy
                0x000000001000d3e4        0x4 zephyr/kernel/libkernel.a(init.c.obj)
                0x000000001000d3e4                z_early_memcpy
 .text.z_init_static
                0x000000001000d3e8        0x2 zephyr/kernel/libkernel.a(init_static.c.obj)
                0x000000001000d3e8                z_init_static
 .text.idle     0x000000001000d3ea       0x16 zephyr/kernel/libkernel.a(idle.c.obj)
                0x000000001000d3ea                idle
 .text.adjust_owner_prio.isra.0
                0x000000001000d400       0x10 zephyr/kernel/libkernel.a(mutex.c.obj)
 .text.z_impl_k_mutex_init
                0x000000001000d410        0xe zephyr/kernel/libkernel.a(mutex.c.obj)
                0x000000001000d410                z_impl_k_mutex_init
 .text.z_impl_k_sem_init
                0x000000001000d41e       0x18 zephyr/kernel/libkernel.a(sem.c.obj)
                0x000000001000d41e                z_impl_k_sem_init
 .text.k_is_in_isr
                0x000000001000d436        0xc zephyr/kernel/libkernel.a(thread.c.obj)
                0x000000001000d436                k_is_in_isr
 .text.z_impl_k_thread_name_set
                0x000000001000d442        0x6 zephyr/kernel/libkernel.a(thread.c.obj)
                0x000000001000d442                z_impl_k_thread_name_set
 .text.k_thread_name_get
                0x000000001000d448        0x4 zephyr/kernel/libkernel.a(thread.c.obj)
                0x000000001000d448                k_thread_name_get
 .text.z_impl_k_thread_start
                0x000000001000d44c        0x4 zephyr/kernel/libkernel.a(thread.c.obj)
                0x000000001000d44c                z_impl_k_thread_start
 .text.sys_dlist_remove
                0x000000001000d450       0x10 zephyr/kernel/libkernel.a(sched.c.obj)
 .text.unpend_thread_no_timeout
                0x000000001000d460       0x14 zephyr/kernel/libkernel.a(sched.c.obj)
 .text.add_to_waitq_locked
                0x000000001000d474       0x50 zephyr/kernel/libkernel.a(sched.c.obj)
 .text.z_ready_thread
                0x000000001000d4c4       0x1e zephyr/kernel/libkernel.a(sched.c.obj)
                0x000000001000d4c4                z_ready_thread
 .text.z_impl_k_thread_suspend
                0x000000001000d4e2       0x34 zephyr/kernel/libkernel.a(sched.c.obj)
                0x000000001000d4e2                z_impl_k_thread_suspend
 .text.z_unpend_thread_no_timeout
                0x000000001000d516       0x22 zephyr/kernel/libkernel.a(sched.c.obj)
                0x000000001000d516                z_unpend_thread_no_timeout
 .text.z_sched_wake_thread
                0x000000001000d538       0x42 zephyr/kernel/libkernel.a(sched.c.obj)
                0x000000001000d538                z_sched_wake_thread
 .text.z_thread_timeout
                0x000000001000d57a        0x8 zephyr/kernel/libkernel.a(sched.c.obj)
                0x000000001000d57a                z_thread_timeout
 .text.z_unpend1_no_timeout
                0x000000001000d582       0x2c zephyr/kernel/libkernel.a(sched.c.obj)
                0x000000001000d582                z_unpend1_no_timeout
 .text.z_unpend_first_thread
                0x000000001000d5ae       0x36 zephyr/kernel/libkernel.a(sched.c.obj)
                0x000000001000d5ae                z_unpend_first_thread
 .text.z_thread_abort
                0x000000001000d5e4       0x44 zephyr/kernel/libkernel.a(sched.c.obj)
                0x000000001000d5e4                z_thread_abort
 .text.z_abort_timeout
                0x000000001000d628       0x2a zephyr/kernel/libkernel.a(timeout.c.obj)
                0x000000001000d628                z_abort_timeout
 .text.sys_clock_tick_get_32
                0x000000001000d652        0x8 zephyr/kernel/libkernel.a(timeout.c.obj)
                0x000000001000d652                sys_clock_tick_get_32
 .text.z_impl_k_uptime_ticks
                0x000000001000d65a        0x4 zephyr/kernel/libkernel.a(timeout.c.obj)
                0x000000001000d65a                z_impl_k_uptime_ticks
 .text.k_timer_init
                0x000000001000d65e       0x18 zephyr/kernel/libkernel.a(timer.c.obj)
                0x000000001000d65e                k_timer_init
 .text.z_impl_k_timer_stop
                0x000000001000d676       0x38 zephyr/kernel/libkernel.a(timer.c.obj)
                0x000000001000d676                z_impl_k_timer_stop
 .text.memcmp   0x000000001000d6ae       0x20 c:\users\jerpa77\zephyr-sdk-0.16.8\arm-zephyr-eabi\bin\../lib/gcc/../../picolibc/arm-zephyr-eabi/lib/thumb/v8-m.main/nofp\libc.a(libc_string_memcmp.c.o)
                0x000000001000d6ae                memcmp
 .text.strchr   0x000000001000d6ce       0x1a c:\users\jerpa77\zephyr-sdk-0.16.8\arm-zephyr-eabi\bin\../lib/gcc/../../picolibc/arm-zephyr-eabi/lib/thumb/v8-m.main/nofp\libc.a(libc_string_strchr.c.o)
                0x000000001000d6ce                strchr
 .text.strcspn  0x000000001000d6e8       0x22 c:\users\jerpa77\zephyr-sdk-0.16.8\arm-zephyr-eabi\bin\../lib/gcc/../../picolibc/arm-zephyr-eabi/lib/thumb/v8-m.main/nofp\libc.a(libc_string_strcspn.c.o)
                0x000000001000d6e8                strcspn
 .text.strnlen  0x000000001000d70a       0x18 c:\users\jerpa77\zephyr-sdk-0.16.8\arm-zephyr-eabi\bin\../lib/gcc/../../picolibc/arm-zephyr-eabi/lib/thumb/v8-m.main/nofp\libc.a(libc_string_strnlen.c.o)
                0x000000001000d70a                strnlen
 .text.strspn   0x000000001000d722       0x20 c:\users\jerpa77\zephyr-sdk-0.16.8\arm-zephyr-eabi\bin\../lib/gcc/../../picolibc/arm-zephyr-eabi/lib/thumb/v8-m.main/nofp\libc.a(libc_string_strspn.c.o)
                0x000000001000d722                strspn
 .text.__ultoa_invert
                0x000000001000d742       0xac c:\users\jerpa77\zephyr-sdk-0.16.8\arm-zephyr-eabi\bin\../lib/gcc/../../picolibc/arm-zephyr-eabi/lib/thumb/v8-m.main/nofp\libc.a(libc_tinystdio_vflprintf.c.o)
 .text.memcpy   0x000000001000d7ee       0x1a c:\users\jerpa77\zephyr-sdk-0.16.8\arm-zephyr-eabi\bin\../lib/gcc/../../picolibc/arm-zephyr-eabi/lib/thumb/v8-m.main/nofp\libc.a(memcpy.c.o)
                0x000000001000d7ee                __aeabi_memcpy
                0x000000001000d7ee                __aeabi_memcpy4
                0x000000001000d7ee                __aeabi_memcpy8
                0x000000001000d7ee                memcpy
 .text.memset   0x000000001000d808       0x10 c:\users\jerpa77\zephyr-sdk-0.16.8\arm-zephyr-eabi\bin\../lib/gcc/../../picolibc/arm-zephyr-eabi/lib/thumb/v8-m.main/nofp\libc.a(memset.c.o)
                0x000000001000d808                memset
 .text.__file_str_put
                0x000000001000d818       0x10 c:\users\jerpa77\zephyr-sdk-0.16.8\arm-zephyr-eabi\bin\../lib/gcc/../../picolibc/arm-zephyr-eabi/lib/thumb/v8-m.main/nofp\libc.a(libc_tinystdio_filestrput.c.o)
                0x000000001000d818                __file_str_put
 *(SORT_BY_ALIGNMENT(.TEXT.*))
 .TEXT.__aeabi_read_tp
                0x000000001000d828        0xc zephyr/arch/arch/arm/core/cortex_m/libarch__arm__core__cortex_m.a(__aeabi_read_tp.S.obj)
                0x000000001000d828                __aeabi_read_tp
 *(SORT_BY_ALIGNMENT(.gnu.linkonce.t.*))
 *(SORT_BY_ALIGNMENT(.glue_7t))
 .glue_7t       0x000000001000d834        0x0 linker stubs
 *(SORT_BY_ALIGNMENT(.glue_7))
 .glue_7        0x000000001000d834        0x0 linker stubs
 *(SORT_BY_ALIGNMENT(.vfp11_veneer))
 .vfp11_veneer  0x000000001000d834        0x0 linker stubs
 *(SORT_BY_ALIGNMENT(.v4_bx))
 .v4_bx         0x000000001000d834        0x0 linker stubs
                0x000000001000d834                . = ALIGN (0x4)
                0x000000001000d834                __text_region_end = .

.ARM.exidx      0x000000001000d834        0x8
                0x000000001000d834                __exidx_start = .
 *(SORT_BY_ALIGNMENT(.ARM.exidx*) SORT_BY_ALIGNMENT(gnu.linkonce.armexidx.*))
 .ARM.exidx     0x000000001000d834        0x8 c:/users/jerpa77/zephyr-sdk-0.16.8/arm-zephyr-eabi/bin/../lib/gcc/arm-zephyr-eabi/12.2.0/thumb/v8-m.main/nofp\libgcc.a(_udivmoddi4.o)
 .ARM.exidx     0x000000001000d83c        0x0 c:\users\jerpa77\zephyr-sdk-0.16.8\arm-zephyr-eabi\bin\../lib/gcc/../../picolibc/arm-zephyr-eabi/lib/thumb/v8-m.main/nofp\libc.a(strlen.S.o)
                                          0x8 (size before relaxing)
                0x000000001000d83c                __exidx_end = .
                0x000000001000d83c                __rodata_region_start = .

initlevel       0x000000001000d83c       0xb0
                0x000000001000d83c                __init_start = .
                0x000000001000d83c                __init_EARLY_start = .
 *(SORT_BY_NAME(SORT_BY_ALIGNMENT(.z_init_EARLY?_*)))
 *(SORT_BY_NAME(SORT_BY_ALIGNMENT(.z_init_EARLY??_*)))
                0x000000001000d83c                __init_PRE_KERNEL_1_start = .
 *(SORT_BY_NAME(SORT_BY_ALIGNMENT(.z_init_PRE_KERNEL_1?_*)))
 .z_init_PRE_KERNEL_11_0_
                0x000000001000d83c        0x8 zephyr/boards/nxp/frdm_mcxn947/libboards__nxp__frdm_mcxn947.a(board.c.obj)
 *(SORT_BY_NAME(SORT_BY_ALIGNMENT(.z_init_PRE_KERNEL_1??_*)))
 .z_init_PRE_KERNEL_130_00010_
                0x000000001000d844        0x8 zephyr/drivers/clock_control/libdrivers__clock_control.a(clock_control_mcux_syscon.c.obj)
 .z_init_PRE_KERNEL_140_00011_
                0x000000001000d84c        0x8 zephyr/drivers/pinctrl/libdrivers__pinctrl.a(pinctrl_kinetis.c.obj)
 .z_init_PRE_KERNEL_140_00016_
                0x000000001000d854        0x8 zephyr/drivers/pinctrl/libdrivers__pinctrl.a(pinctrl_kinetis.c.obj)
 .z_init_PRE_KERNEL_140_00069_
                0x000000001000d85c        0x8 zephyr/drivers/pinctrl/libdrivers__pinctrl.a(pinctrl_kinetis.c.obj)
 .z_init_PRE_KERNEL_140_00071_
                0x000000001000d864        0x8 zephyr/drivers/pinctrl/libdrivers__pinctrl.a(pinctrl_kinetis.c.obj)
 .z_init_PRE_KERNEL_140_00098_
                0x000000001000d86c        0x8 zephyr/drivers/mfd/libdrivers__mfd.a(mfd_nxp_lp_flexcomm.c.obj)
 .z_init_PRE_KERNEL_140_00103_